05-27 11:59:28.004 746-746/? I/AISched AISched: processSdkInfo: 3
2021-05-27 11:59:28.004 746-746/? I/AISched AISched: use default fps is : 60
2021-05-27 11:59:28.005 746-746/? I/AISched AISched: current fps is : 60
2021-05-27 11:59:28.002 746-746/? W/hwsched@1.0-ser: type=1400 audit(0.0:25218): avc: denied { getattr } for pid=746 path="/sys/firmware/devicetree/base/hisi,chiptype" dev="sysfs" ino=90 scontext=u:r:hwsched:s0 tcontext=u:object_r:proc_hisi_chiptype:s0 tclass=file permissive=0
2021-05-27 11:59:28.005 746-746/? I/GameScheduler: chiptype is CS
2021-05-27 11:59:28.008 746-746/? I/GameScheduler: Gpu monitorThread Exit
2021-05-27 11:59:28.008 746-12499/? I/GameScheduler: MonitorThread Exit
2021-05-27 11:59:28.009 746-746/? I/GameScheduler: kill uevent thread
2021-05-27 11:59:28.009 746-12500/? I/GameScheduler: UeventThread Exit
2021-05-27 11:59:28.010 746-746/? I/GameScheduler: after join
2021-05-27 11:59:28.011 746-746/? I/GameScheduler: Unlock cpu domain 0
2021-05-27 11:59:28.011 746-746/? I/GameScheduler: Unlock cpu domain 1
2021-05-27 11:59:28.011 746-746/? I/GameScheduler: Unlock cpu domain 2
2021-05-27 11:59:28.011 746-746/? I/GameScheduler: Reset Gpu default dvfs
2021-05-27 11:59:28.011 746-746/? I/GameScheduler: GpuCounter have initialized
2021-05-27 11:59:28.011 746-746/? E/GameScheduler: Write fail, errno = 22(Invalid argument), FdDev = DEV_CPU_AFFINITY, path = /sys/kernel/perfhub/cpuaffinity, len = 8, fd = 14, writeLen = -1
2021-05-27 11:59:28.012 746-746/? I/GameScheduler: SetRtgCpuDomain domain out of rtgRelatedGroup, grpupId = -1->4
2021-05-27 11:59:28.012 746-746/? I/GameScheduler: SetRtgCpuDomain domain out of rtgRelatedGroup, grpupId = -1->3
2021-05-27 11:59:28.012 746-746/? I/GameScheduler: SetRtgCpuDomain domain out of rtgRelatedGroup, grpupId = -1->4
2021-05-27 11:59:28.012 746-746/? I/GameScheduler: SetRtgCpuDomain domain out of rtgRelatedGroup, grpupId = -1->3
2021-05-27 11:59:28.013 746-746/? I/AISched Core: convert parameter id is: 0, value is 2000
2021-05-27 11:59:28.013 746-746/? I/AISched Core: convert parameter id is: 1, value is 8000000
2021-05-27 11:59:28.013 746-746/? I/AISched Core: convert parameter id is: 2, value is 1
2021-05-27 11:59:28.013 746-746/? I/AISched Core: convert parameter id is: 3, value is 3
2021-05-27 11:59:28.013 746-746/? I/AISched Core: convert parameter id is: 4, value is 8
2021-05-27 11:59:28.013 746-746/? I/AISched Core: convert parameter id is: 5, value is -2000
2021-05-27 11:59:28.013 746-746/? I/AISched Core: convert parameter id is: 7, value is 14000
2021-05-27 11:59:28.013 746-746/? I/AISched Core: convert parameter id is: 9, value is 14000
2021-05-27 11:59:28.013 746-746/? I/AISched Core: convert parameter id is: 5, value is 1000
2021-05-27 11:59:28.013 746-746/? I/AISched Core: convert parameter id is: 24, value is 1
2021-05-27 11:59:28.013 746-746/? I/AISched Core: convert parameter id is: 25, value is 1
2021-05-27 11:59:28.013 746-746/? I/AISched Core: convert parameter id is: 26, value is 0
2021-05-27 11:59:28.013 746-746/? I/AISched TLV: 0100
2021-05-27 11:59:28.013 746-746/? I/AISched TLV: 0004
2021-05-27 11:59:28.013 746-746/? I/AISched TLV: 003c
2021-05-27 11:59:28.013 746-746/? I/AISched TLV: 0000
2021-05-27 11:59:28.014 746-746/? I/AISched TLV: 0000
2021-05-27 11:59:28.014 746-746/? I/AISched TLV: 0004
2021-05-27 11:59:28.014 746-746/? I/AISched TLV: 07d0
2021-05-27 11:59:28.014 746-746/? I/AISched TLV: 0000
2021-05-27 11:59:28.014 746-746/? I/AISched TLV: 0001
2021-05-27 11:59:28.014 746-746/? I/AISched TLV: 0004
2021-05-27 11:59:28.014 746-746/? I/AISched TLV: 1200
2021-05-27 11:59:28.014 746-746/? I/AISched TLV: 007a
2021-05-27 11:59:28.014 746-746/? I/AISched TLV: 0002
2021-05-27 11:59:28.014 746-746/? I/AISched TLV: 0004
2021-05-27 11:59:28.014 746-746/? I/AISched TLV: 0001
2021-05-27 11:59:28.014 746-746/? I/AISched TLV: 0000
2021-05-27 11:59:28.014 746-746/? I/AISched TLV: 0003
2021-05-27 11:59:28.014 746-746/? I/AISched TLV: 0004
2021-05-27 11:59:28.014 746-746/? I/AISched TLV: 0003
2021-05-27 11:59:28.014 746-746/? I/AISched TLV: 0000
2021-05-27 11:59:28.014 746-746/? I/AISched TLV: 0004
2021-05-27 11:59:28.014 746-746/? I/AISched TLV: 0004
2021-05-27 11:59:28.014 746-746/? I/AISched TLV: 0008
2021-05-27 11:59:28.014 746-746/? I/AISched TLV: 0000
2021-05-27 11:59:28.014 746-746/? I/AISched TLV: 0005
2021-05-27 11:59:28.014 746-746/? I/AISched TLV: 0004
2021-05-27 11:59:28.014 746-746/? I/AISched TLV: f830
2021-05-27 11:59:28.014 746-746/? I/AISched TLV: ffff
2021-05-27 11:59:28.014 746-746/? I/AISched TLV: 0007
2021-05-27 11:59:28.014 746-746/? I/AISched TLV: 0004
2021-05-27 11:59:28.014 746-746/? I/AISched TLV: 36b0
2021-05-27 11:59:28.014 746-746/? I/AISched TLV: 0000
2021-05-27 11:59:28.014 746-746/? I/AISched TLV: 0009
2021-05-27 11:59:28.014 746-746/? I/AISched TLV: 0004
2021-05-27 11:59:28.014 746-746/? I/AISched TLV: 36b0
2021-05-27 11:59:28.014 746-746/? I/AISched TLV: 0000
2021-05-27 11:59:28.014 746-746/? I/AISched TLV: 0005
2021-05-27 11:59:28.014 746-746/? I/AISched TLV: 0004
2021-05-27 11:59:28.014 746-746/? I/AISched TLV: 03e8
2021-05-27 11:59:28.014 746-746/? I/AISched TLV: 0000
2021-05-27 11:59:28.014 746-746/? I/AISched TLV: 0018
2021-05-27 11:59:28.014 746-746/? I/AISched TLV: 0004
2021-05-27 11:59:28.014 746-746/? I/AISched TLV: 0001
2021-05-27 11:59:28.014 746-746/? I/AISched TLV: 0000
2021-05-27 11:59:28.014 746-746/? I/AISched TLV: 0019
2021-05-27 11:59:28.014 746-746/? I/AISched TLV: 0004
2021-05-27 11:59:28.014 746-746/? I/AISched TLV: 0001
2021-05-27 11:59:28.014 746-746/? I/AISched TLV: 0000
2021-05-27 11:59:28.014 746-746/? I/AISched TLV: 001a
2021-05-27 11:59:28.014 746-746/? I/AISched TLV: 0004
2021-05-27 11:59:28.014 746-746/? I/AISched TLV: 0000
2021-05-27 11:59:28.015 746-746/? I/AISched TLV: 0000
2021-05-27 11:59:28.015 746-746/? I/AISched TLV: 0101
2021-05-27 11:59:28.015 746-746/? I/AISched TLV: 0004
2021-05-27 11:59:28.015 746-746/? I/AISched TLV: 0001
2021-05-27 11:59:28.015 746-746/? I/AISched TLV: 0000
2021-05-27 11:59:28.015 746-746/? I/AISched TLV: pdulen is :112
2021-05-27 11:59:28.015 746-746/? I/GameScheduler: SetParameter: index =0, value =2000.
2021-05-27 11:59:28.015 746-746/? I/GameScheduler: SetParameter: index =1, value =8000000.
2021-05-27 11:59:28.015 746-746/? I/GameScheduler: SetParameter: index =2, value =1.
2021-05-27 11:59:28.015 746-746/? I/GameScheduler: SetParameter: index =3, value =3.
2021-05-27 11:59:28.015 746-746/? I/GameScheduler: SetParameter: index =4, value =8.
2021-05-27 11:59:28.015 746-746/? I/GameScheduler: SetParameter: index =5, value =1000.
2021-05-27 11:59:28.015 746-746/? I/GameScheduler: SetParameter: index =7, value =14000.
2021-05-27 11:59:28.015 746-746/? I/GameScheduler: SetParameter: index =9, value =14000.
2021-05-27 11:59:28.015 746-746/? I/GameScheduler: SetParameter: index =24, value =1.
2021-05-27 11:59:28.015 746-746/? I/GameScheduler: SetParameter: index =25, value =1.
2021-05-27 11:59:28.015 746-746/? I/GameScheduler: SetParameter: index =26, value =0.
2021-05-27 11:59:28.015 746-746/? I/AISched AISched: processSdkInfo: 4
2021-05-27 11:59:28.015 746-746/? I/AISched AISched: processSdkInfo: 6
2021-05-27 11:59:28.015 746-746/? I/AISched Core: changeRenderTid to 4343.
2021-05-27 11:59:28.015 746-746/? I/AISched AISched: processSdkInfo: 7
2021-05-27 11:59:28.015 746-746/? I/AISched AISched: processSdkInfo: 12
2021-05-27 11:59:28.015 746-746/? I/AISched Core: set tids size 3
2021-05-27 11:59:28.017 746-746/? I/AISched Core: changeRenderTid to 4343.
2021-05-27 11:59:28.019 758-1578/? I/stereoWidening_frame: SwsParamsSetFloat volumeDb = -50.999889
2021-05-27 11:59:28.020 746-746/? I/GameScheduler: Ioctl device init
2021-05-27 11:59:28.021 746-746/? I/GameScheduler: Ioctl open success, dev = PerfCtl, path = /dev/hisi_perf_ctrl, flag = 2, fd = 6
2021-05-27 11:59:28.021 746-746/? I/GameScheduler: Ioctl open success, dev = GpuDev, path = /dev/mali0, flag = 2, fd = 7
2021-05-27 11:59:28.022 746-746/? I/GameScheduler: After Perfgenius Init
2021-05-27 11:59:28.022 746-746/? I/GameScheduler: Device Controller Init Success
2021-05-27 11:59:28.022 746-746/? I/GameScheduler: Gpu monitorThread begin
2021-05-27 11:59:28.023 746-5094/? I/GameScheduler: MonitorThread begin
2021-05-27 11:59:28.023 746-746/? I/GameScheduler: Update cpu status
2021-05-27 11:59:28.023 746-746/? I/GameScheduler: Get cpu online return 1
2021-05-27 11:59:28.023 746-746/? I/GameScheduler: Domain (1) is online
2021-05-27 11:59:28.023 746-746/? I/GameScheduler: Get cpu online return 1
2021-05-27 11:59:28.023 746-746/? I/GameScheduler: Domain (2) is online
2021-05-27 11:59:28.023 746-746/? I/GameScheduler: Now cpu state = 0
2021-05-27 11:59:28.023 746-5095/? I/GameScheduler: UeventThread begin!
2021-05-27 11:59:28.023 746-746/? I/GameScheduler: InitRenderPid[4343] SUCC!!!!!
2021-05-27 11:59:28.024 746-746/? I/GameScheduler: ### Prepare: lock tid -> domain: 4343 -> 1
2021-05-27 11:59:28.025 746-746/? I/GameScheduler: Gpu buffer block size: 22
2021-05-27 11:59:28.033 1016-6677/? I/maple: [GC] Start force gcIndex= 18446744073709551615
2021-05-27 11:59:28.033 1016-6677/? D/maple: non-recursive thread list lock level=16 rec=0 owner=0 
2021-05-27 11:59:28.039 758-1578/? I/stereoWidening_frame: SwsParamsSetFloat volumeDb = -50.999889
2021-05-27 11:59:28.041 1581-2280/? I/WificondControl: Noise: -73, Snr: 127, Chload: 599, rssi: -36, txBitrate: 117, rxBitrate: 130, frequency: 2462, UlDelay: 0, currentTxBytes: 23092003, currentTxPackets: 235890, currentTxFailed: 1, currentRxBytes: 739553311, currentRxPackets: 658208
2021-05-27 11:59:28.044 1581-2280/? V/HwWifiServiceFactory: get AllImpl object = com.android.server.wifi.HwWifiServiceFactoryImpl@76a4227
2021-05-27 11:59:28.051 1016-6677/? D/maple: non-recursive thread list lock level=16 rec=0 owner=0 
2021-05-27 11:59:28.056 1016-6677/? I/maple: Force GC finished
2021-05-27 11:59:28.057 1016-6677/? I/maple:  NaiveRC GC for force: sync: collected objects: 0(0B), 90.5288% utilization (3MiB/3MiB), max pause: 167us, total pause: 252us, total GC time: 23ms
2021-05-27 11:59:28.058 758-1578/? I/stereoWidening_frame: SwsParamsSetFloat volumeDb = -50.999889
2021-05-27 11:59:28.076 1581-1581/? I/JobScheduler: isComponentUsable: 73613bc #1001/10 com.huawei.hwvoipservice/.statistical.EventHandler$UploadStaticsJob component not present
2021-05-27 11:59:28.078 758-1578/? I/stereoWidening_frame: SwsParamsSetFloat volumeDb = -50.999889
2021-05-27 11:59:28.098 758-1578/? I/stereoWidening_frame: SwsParamsSetFloat volumeDb = -50.999889
2021-05-27 11:59:28.098 54-54/? W/migration/7: type=1400 audit(0.0:25219): avc: granted { setsched } for pid=54 scontext=u:r:kernel:s0 tcontext=u:r:kernel:s0 tclass=process
2021-05-27 11:59:28.115 2518-5140/? D/LteRecoveryEngine: UnRecoverState processMessage UPDATE_PS_SLOW_VALUE
2021-05-27 11:59:28.119 758-1578/? I/stereoWidening_frame: SwsParamsSetFloat volumeDb = -50.999889
2021-05-27 11:59:28.140 758-1578/? I/stereoWidening_frame: SwsParamsSetFloat volumeDb = -50.999889
2021-05-27 11:59:28.142 758-1578/? I/asd_out_fwk: L = -74.511658db, R = -74.511658db, Device = 0x2, TimeStampKernel = 586864320, TimeStampServer = 586866240
2021-05-27 11:59:28.158 758-1578/? I/stereoWidening_frame: SwsParamsSetFloat volumeDb = -50.999889
2021-05-27 11:59:28.178 736-1310/? D/asd_pop: pop_recognition AudioAudio stream find POP[stream = 3 ; device = 2 ; ratio = 0.576553 ; wavelet_buf_qsum = 1546380919.411731]
2021-05-27 11:59:28.178 736-1310/? D/asd_pop: pop_recognition AudioAudio stream find POP[stream = 3 ; device = 2 ; ratio = 0.575622 ; wavelet_buf_qsum = 1548881569.662348]
2021-05-27 11:59:28.178 758-1578/? I/stereoWidening_frame: SwsParamsSetFloat volumeDb = -50.999889
2021-05-27 11:59:28.198 736-1310/? D/asd_pop: pop_recognition AudioAudio stream find POP[stream = 3 ; device = 2 ; ratio = 0.591595 ; wavelet_buf_qsum = 1568818087.282805]
2021-05-27 11:59:28.198 736-1310/? D/asd_pop: pop_recognition AudioAudio stream find POP[stream = 3 ; device = 2 ; ratio = 0.604782 ; wavelet_buf_qsum = 1559232189.433573]
2021-05-27 11:59:28.198 736-1310/? D/asd_pop: pop_recognition AudioAudio stream find POP[stream = 3 ; device = 2 ; ratio = 0.573297 ; wavelet_buf_qsum = 1568523465.182277]
2021-05-27 11:59:28.198 758-1578/? I/stereoWidening_frame: SwsParamsSetFloat volumeDb = -50.999889
2021-05-27 11:59:28.203 889-889/? I/aptouch_daemon: check_idle_status, idle out.
2021-05-27 11:59:28.219 758-1578/? I/stereoWidening_frame: SwsParamsSetFloat volumeDb = -50.999889
2021-05-27 11:59:28.221 889-889/? I/aptouch_daemon: print_log, touch:1, down:1 (+0)
2021-05-27 11:59:28.222 1581-2262/? I/HwFingersSnapshooter: handleMotionEvent first finger(0) touch down at (954.0,124.0)
2021-05-27 11:59:28.232 2110-2110/? E/bms_file: file  is invalid
2021-05-27 11:59:28.239 758-1578/? I/stereoWidening_frame: SwsParamsSetFloat volumeDb = -50.999889
2021-05-27 11:59:28.250 1229-1229/? I/HwLBSService.SensorManager: onSensorChanged, mLightListeners size: 1
2021-05-27 11:59:28.258 758-1578/? I/stereoWidening_frame: SwsParamsSetFloat volumeDb = -50.999889
2021-05-27 11:59:28.278 758-1578/? I/stereoWidening_frame: SwsParamsSetFloat volumeDb = -50.999889
2021-05-27 11:59:28.286 889-889/? I/aptouch_daemon: print_log, touch:0, down:0 
2021-05-27 11:59:28.287 1581-2262/? I/HwFingersSnapshooter: handleMotionEvent last finger(0) up.
2021-05-27 11:59:28.298 758-1578/? I/stereoWidening_frame: SwsParamsSetFloat volumeDb = -50.999889
2021-05-27 11:59:28.318 758-1578/? I/stereoWidening_frame: SwsParamsSetFloat volumeDb = -50.999889
2021-05-27 11:59:28.338 758-1578/? I/stereoWidening_frame: SwsParamsSetFloat volumeDb = -50.999889
2021-05-27 11:59:28.340 758-1578/? I/asd_out_fwk: L = -70.905838db, R = -70.905838db, Device = 0x2, TimeStampKernel = 586873920, TimeStampServer = 586875840
2021-05-27 11:59:28.358 758-1578/? I/stereoWidening_frame: SwsParamsSetFloat volumeDb = -50.999889
2021-05-27 11:59:28.359 758-1578/? D/stereoWidening_frame: SwsOutProcPlaySamples enableCount is 250 countchans is 2, samples:960, format:5
2021-05-27 11:59:28.378 758-1578/? I/stereoWidening_frame: SwsParamsSetFloat volumeDb = -50.999889
2021-05-27 11:59:28.399 758-1578/? I/stereoWidening_frame: SwsParamsSetFloat volumeDb = -50.999889
2021-05-27 11:59:28.419 758-1578/? I/stereoWidening_frame: SwsParamsSetFloat volumeDb = -50.999889
2021-05-27 11:59:28.439 758-1578/? I/stereoWidening_frame: SwsParamsSetFloat volumeDb = -50.999889
2021-05-27 11:59:28.459 758-1578/? I/stereoWidening_frame: SwsParamsSetFloat volumeDb = -50.999889
2021-05-27 11:59:28.478 758-1578/? I/stereoWidening_frame: SwsParamsSetFloat volumeDb = -50.999889
2021-05-27 11:59:28.499 758-1578/? I/stereoWidening_frame: SwsParamsSetFloat volumeDb = -50.999889
2021-05-27 11:59:28.503 746-746/? I/AISched common: GetSdkMessage {"agpFPS":"60"}
2021-05-27 11:59:28.503 746-746/? I/AISched common: [SDK message] code(1), Get message: {"agpFPS":"60"}
2021-05-27 11:59:28.503 746-746/? I/AISched AISched: processSdkInfo: 5
2021-05-27 11:59:28.503 746-746/? I/AISched AISched: Cur agpMsgCounter is 27, reset the counter
2021-05-27 11:59:28.503 746-746/? I/AISched AISched: real Fps: 60, setFps: 60
2021-05-27 11:59:28.518 758-1578/? I/stereoWidening_frame: SwsParamsSetFloat volumeDb = -50.999889
2021-05-27 11:59:28.538 758-1578/? I/stereoWidening_frame: SwsParamsSetFloat volumeDb = -50.999889
2021-05-27 11:59:28.541 758-1578/? I/asd_out_fwk: L = -70.909477db, R = -70.909477db, Device = 0x2, TimeStampKernel = 586883520, TimeStampServer = 586885440
2021-05-27 11:59:28.552 2518-5113/? I/Booster_Qoe: AdaBoostPredict rlt,index:6,NisPsSlow:0,NProba:333,rsrp(rssi):-36,rsrq(noise):-73,rtt(chload):599,buffhigh(uldelay):0,buffcomm(rtt):0
2021-05-27 11:59:28.553 2518-5113/? I/Booster_Qoe: AdaBoostPredict rlt,index:2,NisPsSlow:0,NProba:333,rsrp(rssi):-36,rsrq(noise):-73,rtt(chload):599,buffhigh(uldelay):0,buffcomm(rtt):0
2021-05-27 11:59:28.553 2518-3068/? I/ChannelQoeData: dumpChannelData: ModelBaseInfo:0,10628,0,0,-1,-1,-1,-1,-1,1048576,-1,-1,-1,-1,-1,1048576,0,0,1,0,1,0,0 DnsInfo:0,0,0 WifiId:0 WifiInfo:2,1,0,0,1170,1300,0,0,0,2,-36,-73,50,599,0 AppUid:1051 ChannelId:2 TcpData:0,0,0,0,0,0,0,0,0,0,0,0,0,0,0,0,0 AppUid:999 ChannelId:2 TcpData:0,0,0,0,0,0,0,0,0,0,0,0,0,0,0,0,0 AppUid:0 ChannelId:2 TcpData:0,0,0,0,0,0,1,0,0,1,1,1,0,0,0,0,292 AppUid:10628 ChannelId:2 TcpData:0,0,0,0,0,0,0,0,0,0,0,0,0,0,0,0,0
2021-05-27 11:59:28.553 2518-3068/? I/OllieMsgCenter: publishEvt what:2135031809
2021-05-27 11:59:28.553 2518-3068/? I/NetworkQoeMonitor: networkQoeChanged:10628,4,0,333,1,2,4,0,333,117000,130000,10,10,0,0,0,0,0,2,1048576,1048576,-36
2021-05-27 11:59:28.077 1581-1581/? I/JobScheduler: isComponentUsable: 73613bc #1001/10 com.huawei.hwvoipservice/.statistical.EventHandler$UploadStaticsJob component not present
2021-05-27 11:59:28.553 2518-3068/? D/NpdcpAliveManager: ro.odm.npdcp_alive_cfg_enable is false
2021-05-27 11:59:28.554 2518-3642/? I/Hicom_Monitor: handleNetworkQoeReport. rtt: 0, maxRatioChannelId: 2
2021-05-27 11:59:28.554 2518-3642/? I/Hicom_Monitor: handleNetworkQoeReport. qoeString: 10628,4,0,333,1,2,4,0,333,117000,130000,10,10,0,0,0,0
2021-05-27 11:59:28.554 2518-3642/? I/Utils: multipathPolicy is null
2021-05-27 11:59:28.555 1581-2374/? I/HwWifiProServiceProxy: ctrlHwWifiNetwork pkgName: WIFIPRO_SERVICE interfaceId: 9
2021-05-27 11:59:28.555 1581-2374/? I/WiFi_PRO_WifiProStateMachine: isWifi2WifiProcess = false, mIsNeedIgnoreQoeUpdate = false, mIsAppInBlacklist = false, mIsAppInBlacklistFullScreen = false, mIsWiFiNoInternet false, screen on = true, full screen = true, isLandscapeMode = false, mNotifyWifiLinkPoorReason = -1
2021-05-27 11:59:28.555 1581-2374/? I/WiFi_PRO_WifiProStateMachine: APP_SERVICE_QOE_NOTIFY Qoe info 10628,4,0,333,1,2,4,0,333,117000,130000,10,10,0,0,0,0 CID 2 mMasterWifiRssi -36 mMasterCardAmbr 1048576 mSlaveCardAmbr 1048576
2021-05-27 11:59:28.556 1581-2374/? I/WiFi_PRO_WifiProStateMachine: mChannelQoeBadCnt = 0, mAppQoeBadCnt = 0, mNetworkSlowReason = 0, mNetworkSlowChannelBadCnt = 0
2021-05-27 11:59:28.559 758-1578/? I/stereoWidening_frame: SwsParamsSetFloat volumeDb = -50.999889
2021-05-27 11:59:28.564 2518-5113/? I/Collector: HandleRawWifiInfo: flag:0, netId:0!
2021-05-27 11:59:28.578 758-1578/? I/stereoWidening_frame: SwsParamsSetFloat volumeDb = -50.999889
2021-05-27 11:59:28.599 758-1578/? I/stereoWidening_frame: SwsParamsSetFloat volumeDb = -50.999889
2021-05-27 11:59:28.600 1229-1229/? I/HwLBSService.SensorManager: onSensorChanged, mLightListeners size: 1
2021-05-27 11:59:28.608 2518-3068/? I/OllieMsgCenter: publishEvt what:2135162884
2021-05-27 11:59:28.619 758-1578/? I/stereoWidening_frame: SwsParamsSetFloat volumeDb = -50.999889
2021-05-27 11:59:28.639 758-1578/? I/stereoWidening_frame: SwsParamsSetFloat volumeDb = -50.999889
2021-05-27 11:59:28.658 758-1578/? I/stereoWidening_frame: SwsParamsSetFloat volumeDb = -50.999889
2021-05-27 11:59:28.678 758-1578/? I/stereoWidening_frame: SwsParamsSetFloat volumeDb = -50.999889
2021-05-27 11:59:28.699 758-1578/? I/stereoWidening_frame: SwsParamsSetFloat volumeDb = -50.999889
2021-05-27 11:59:28.719 758-1578/? I/stereoWidening_frame: SwsParamsSetFloat volumeDb = -50.999889
2021-05-27 11:59:28.722 2695-3358/? D/DeviceMonitorPowerKit: run, sCountNum is 1
2021-05-27 11:59:28.722 2695-3358/? D/DeviceMonitorPowerKit: interval is 468671, ElapsedRealtime is 153771475, isNeedRepeat: false
2021-05-27 11:59:28.722 2695-3358/? E/DeviceMonitorPowerKit: not Satify ApplyResource
2021-05-27 11:59:28.739 758-1578/? I/stereoWidening_frame: SwsParamsSetFloat volumeDb = -50.999889
2021-05-27 11:59:28.742 758-1578/? I/asd_out_fwk: L = -61.152779db, R = -61.152779db, Device = 0x2, TimeStampKernel = 586893120, TimeStampServer = 586895040
2021-05-27 11:59:28.759 758-1578/? I/stereoWidening_frame: SwsParamsSetFloat volumeDb = -50.999889
2021-05-27 11:59:28.779 758-1578/? I/stereoWidening_frame: SwsParamsSetFloat volumeDb = -50.999889
2021-05-27 11:59:28.799 758-1578/? I/stereoWidening_frame: SwsParamsSetFloat volumeDb = -50.999889
2021-05-27 11:59:28.818 758-1578/? I/stereoWidening_frame: SwsParamsSetFloat volumeDb = -50.999889
2021-05-27 11:59:28.838 758-1578/? I/stereoWidening_frame: SwsParamsSetFloat volumeDb = -50.999889
2021-05-27 11:59:28.858 758-1578/? I/stereoWidening_frame: SwsParamsSetFloat volumeDb = -50.999889
2021-05-27 11:59:28.869 889-889/? E/aptouch_daemon: update_frame, thp_afe_get_frame return nullptr
2021-05-27 11:59:28.878 758-1578/? I/stereoWidening_frame: SwsParamsSetFloat volumeDb = -50.999889
2021-05-27 11:59:28.898 889-889/? I/aptouch_daemon: check_idle_status, idle in. 300
2021-05-27 11:59:28.899 758-1578/? I/stereoWidening_frame: SwsParamsSetFloat volumeDb = -50.999889
2021-05-27 11:59:28.919 758-1578/? I/stereoWidening_frame: SwsParamsSetFloat volumeDb = -50.999889
2021-05-27 11:59:28.939 758-1578/? I/AudioFlinger: pid(2524):mVol=1.000000, tVol=0.002818, pVol=1.000000, sVol=1.000000, scale=0.700000, output=13, mDevice=0x2, mStreamType=3
2021-05-27 11:59:28.939 758-1578/? I/stereoWidening_frame: SwsParamsSetFloat volumeDb = -50.999889
2021-05-27 11:59:28.942 758-1578/? I/asd_out_fwk: L = -59.399570db, R = -59.399570db, Device = 0x2, TimeStampKernel = 586902720, TimeStampServer = 586904640
2021-05-27 11:59:28.950 1229-1229/? I/HwLBSService.SensorManager: onSensorChanged, mLightListeners size: 1
2021-05-27 11:59:28.959 758-1578/? I/stereoWidening_frame: SwsParamsSetFloat volumeDb = -50.999889
2021-05-27 11:59:28.962 671-1212/? W//system/bin/netd: A binder object at 0x7ac3e7b800 is being transacted on, however, this object is in the same process as its proxy. Transacting with this binder is expensive compared to just calling the corresponding functionality in the same process.
2021-05-27 11:59:28.962 671-1212/? I/PreDnsController: canPreDnsQuery,persist.sys.predns is false!
2021-05-27 11:59:28.966 671-1212/? W//system/bin/netd: A binder object at 0x7ac3e7b800 is being transacted on, however, this object is in the same process as its proxy. Transacting with this binder is expensive compared to just calling the corresponding functionality in the same process.
2021-05-27 11:59:28.966 671-1212/? I/PreDnsController: canPreDnsQuery,persist.sys.predns is false!
2021-05-27 11:59:28.974 671-1212/? W//system/bin/netd: A binder object at 0x7ac3e7b800 is being transacted on, however, this object is in the same process as its proxy. Transacting with this binder is expensive compared to just calling the corresponding functionality in the same process.
2021-05-27 11:59:28.974 671-1212/? I/PreDnsController: canPreDnsQuery,persist.sys.predns is false!
2021-05-27 11:59:28.978 758-1578/? I/stereoWidening_frame: SwsParamsSetFloat volumeDb = -50.999889
2021-05-27 11:59:28.999 758-1578/? I/stereoWidening_frame: SwsParamsSetFloat volumeDb = -50.999889
2021-05-27 11:59:29.011 1581-1581/? D/HwConnectivityManagerImpl: getNetworkPolicyFlag flagStr null
2021-05-27 11:59:29.011 1581-1581/? I/chatty: uid=1000 system_server identical 1 line
2021-05-27 11:59:29.016 1581-1581/? D/HwConnectivityManagerImpl: getNetworkPolicyFlag flagStr null
2021-05-27 11:59:29.018 758-1578/? I/stereoWidening_frame: SwsParamsSetFloat volumeDb = -50.999889
2021-05-27 11:59:29.038 758-1578/? I/stereoWidening_frame: SwsParamsSetFloat volumeDb = -50.999889
2021-05-27 11:59:29.058 758-1578/? I/stereoWidening_frame: SwsParamsSetFloat volumeDb = -50.999889
2021-05-27 11:59:29.079 758-1578/? I/stereoWidening_frame: SwsParamsSetFloat volumeDb = -50.999889
2021-05-27 11:59:29.098 758-1578/? I/stereoWidening_frame: SwsParamsSetFloat volumeDb = -50.999889
2021-05-27 11:59:29.117 2518-5140/? D/LteRecoveryEngine: UnRecoverState processMessage UPDATE_PS_SLOW_VALUE
2021-05-27 11:59:29.118 758-1578/? I/stereoWidening_frame: SwsParamsSetFloat volumeDb = -50.999889
2021-05-27 11:59:29.138 736-1310/? D/asd_pop: pop_recognition AudioAudio stream find POP[stream = 3 ; device = 2 ; ratio = 0.549179 ; wavelet_buf_qsum = 1641155250.251454]
2021-05-27 11:59:29.138 758-1578/? I/stereoWidening_frame: SwsParamsSetFloat volumeDb = -50.999889
2021-05-27 11:59:29.141 758-1578/? I/asd_out_fwk: L = -65.454056db, R = -65.454056db, Device = 0x2, TimeStampKernel = 586912320, TimeStampServer = 586914240
2021-05-27 11:59:29.158 758-1578/? I/stereoWidening_frame: SwsParamsSetFloat volumeDb = -50.999889
2021-05-27 11:59:29.178 758-1578/? I/stereoWidening_frame: SwsParamsSetFloat volumeDb = -50.999889
2021-05-27 11:59:29.199 758-1578/? I/stereoWidening_frame: SwsParamsSetFloat volumeDb = -50.999889
2021-05-27 11:59:29.207 1581-3141/? V/ActivityManager: Successfully start provider ContentProviderRecord{76fb490 u0 com.huawei.intelligent/.main.database.IntelligentProvider} launchingApp=ProcessRecord{77874e1 24674:com.huawei.intelligent:intelligentService/u0a32} caller pid= 2679
2021-05-27 11:59:29.209 24674-30479/? I/HiSuggestion_21.0.25.331_IntelligentProvider: Provider.call: getIntelligentSwitch
2021-05-27 11:59:29.209 24674-30479/? I/HiSuggestion_21.0.25.331_ProviderCallImp: getIntelligentSwitch -> isPrefContains: false ;isSwitchOn: false
2021-05-27 11:59:29.213 24674-24999/? I/HiSuggestion_21.0.25.331_IntelligentProvider: Provider.call: getPrefBoolean
2021-05-27 11:59:29.219 758-1578/? I/stereoWidening_frame: SwsParamsSetFloat volumeDb = -50.999889
2021-05-27 11:59:29.238 758-1578/? I/stereoWidening_frame: SwsParamsSetFloat volumeDb = -50.999889
2021-05-27 11:59:29.258 758-1578/? I/stereoWidening_frame: SwsParamsSetFloat volumeDb = -50.999889
2021-05-27 11:59:29.278 758-1578/? I/stereoWidening_frame: SwsParamsSetFloat volumeDb = -50.999889
2021-05-27 11:59:29.299 758-1578/? I/stereoWidening_frame: SwsParamsSetFloat volumeDb = -50.999889
2021-05-27 11:59:29.300 1229-1229/? I/HwLBSService.SensorManager: onSensorChanged, mLightListeners size: 1
2021-05-27 11:59:29.318 736-1310/? D/asd_pop: pop_recognition AudioAudio stream find POP[stream = 3 ; device = 2 ; ratio = 0.605242 ; wavelet_buf_qsum = 1593730413.350450]
2021-05-27 11:59:29.318 758-1578/? I/stereoWidening_frame: SwsParamsSetFloat volumeDb = -50.999889
2021-05-27 11:59:29.338 758-1578/? I/stereoWidening_frame: SwsParamsSetFloat volumeDb = -50.999889
2021-05-27 11:59:29.341 758-1578/? I/asd_out_fwk: L = -76.711075db, R = -76.711075db, Device = 0x2, TimeStampKernel = 586921920, TimeStampServer = 586923840
2021-05-27 11:59:29.359 758-1578/? I/stereoWidening_frame: SwsParamsSetFloat volumeDb = -50.999889
2021-05-27 11:59:29.359 736-1310/? D/asd_pop: pop_recognition AudioAudio stream find POP[stream = 3 ; device = 2 ; ratio = 0.616240 ; wavelet_buf_qsum = 1555857273.473273]
2021-05-27 11:59:29.378 736-1310/? D/asd_pop: pop_recognition AudioAudio stream find POP[stream = 3 ; device = 2 ; ratio = 0.586996 ; wavelet_buf_qsum = 1549832546.586704]
2021-05-27 11:59:29.379 758-1578/? I/stereoWidening_frame: SwsParamsSetFloat volumeDb = -50.999889
2021-05-27 11:59:29.399 758-1578/? I/stereoWidening_frame: SwsParamsSetFloat volumeDb = -50.999889
2021-05-27 11:59:29.418 758-1578/? I/stereoWidening_frame: SwsParamsSetFloat volumeDb = -50.999889
2021-05-27 11:59:29.438 736-1310/? D/asd_pop: pop_recognition AudioAudio stream find POP[stream = 3 ; device = 2 ; ratio = 0.610084 ; wavelet_buf_qsum = 1576315801.719161]
2021-05-27 11:59:29.438 736-1310/? D/asd_pop: pop_recognition AudioAudio stream find POP[stream = 3 ; device = 2 ; ratio = 0.614843 ; wavelet_buf_qsum = 1577052136.480873]
2021-05-27 11:59:29.438 758-1578/? I/stereoWidening_frame: SwsParamsSetFloat volumeDb = -50.999889
2021-05-27 11:59:29.458 736-1310/? D/asd_pop: pop_recognition AudioAudio stream find POP[stream = 3 ; device = 2 ; ratio = 0.587273 ; wavelet_buf_qsum = 1583923893.004645]
2021-05-27 11:59:29.458 736-1310/? D/asd_pop: pop_recognition AudioAudio stream find POP[stream = 3 ; device = 2 ; ratio = 0.595786 ; wavelet_buf_qsum = 1582775906.952735]
2021-05-27 11:59:29.458 758-1578/? I/stereoWidening_frame: SwsParamsSetFloat volumeDb = -50.999889
2021-05-27 11:59:29.478 736-1310/? D/asd_pop: pop_recognition AudioAudio stream find POP[stream = 3 ; device = 2 ; ratio = 0.611842 ; wavelet_buf_qsum = 1597840836.399246]
2021-05-27 11:59:29.478 736-1310/? D/asd_pop: pop_recognition AudioAudio stream find POP[stream = 3 ; device = 2 ; ratio = 0.597903 ; wavelet_buf_qsum = 1573649586.808301]
2021-05-27 11:59:29.479 736-1310/? D/asd_pop: pop_recognition AudioAudio stream find POP[stream = 3 ; device = 2 ; ratio = 0.603285 ; wavelet_buf_qsum = 1594081568.262480]
2021-05-27 11:59:29.479 758-1578/? I/stereoWidening_frame: SwsParamsSetFloat volumeDb = -50.999889
2021-05-27 11:59:29.498 736-1310/? D/asd_pop: pop_recognition AudioAudio stream find POP[stream = 3 ; device = 2 ; ratio = 0.604956 ; wavelet_buf_qsum = 1571803072.861352]
2021-05-27 11:59:29.498 736-1310/? D/asd_pop: pop_recognition AudioAudio stream find POP[stream = 3 ; device = 2 ; ratio = 0.591306 ; wavelet_buf_qsum = 1573119802.740480]
2021-05-27 11:59:29.498 736-1310/? D/asd_pop: pop_recognition AudioAudio stream find POP[stream = 3 ; device = 2 ; ratio = 0.588219 ; wavelet_buf_qsum = 1541809109.816557]
2021-05-27 11:59:29.498 736-1310/? D/asd_pop: pop_recognition AudioAudio stream find POP[stream = 3 ; device = 2 ; ratio = 0.593962 ; wavelet_buf_qsum = 1530381651.472936]
2021-05-27 11:59:29.499 758-1578/? I/stereoWidening_frame: SwsParamsSetFloat volumeDb = -50.999889
2021-05-27 11:59:29.518 736-1310/? D/asd_pop: pop_recognition AudioAudio stream find POP[stream = 3 ; device = 2 ; ratio = 0.608294 ; wavelet_buf_qsum = 1550228019.353801]
2021-05-27 11:59:29.518 736-1310/? D/asd_pop: pop_recognition AudioAudio stream find POP[stream = 3 ; device = 2 ; ratio = 0.596661 ; wavelet_buf_qsum = 1541178300.808644]
2021-05-27 11:59:29.518 736-1310/? D/asd_pop: pop_recognition AudioAudio stream find POP[stream = 3 ; device = 2 ; ratio = 0.599983 ; wavelet_buf_qsum = 1576503075.132427]
2021-05-27 11:59:29.518 736-1310/? D/asd_pop: pop_recognition AudioAudio stream find POP[stream = 3 ; device = 2 ; ratio = 0.567865 ; wavelet_buf_qsum = 1539662641.808266]
2021-05-27 11:59:29.518 758-1578/? I/stereoWidening_frame: SwsParamsSetFloat volumeDb = -50.999889
2021-05-27 11:59:29.519 736-1310/? I/asd: asd_dmd_report: write detailed info is dsm_audio_info,921001056,pkg_name = [com.unicostudio.whois.huawei], stream = 3, device = 2, buf_pop_num = 11 
2021-05-27 11:59:29.538 736-1310/? D/asd_pop: pop_recognition AudioAudio stream find POP[stream = 3 ; device = 2 ; ratio = 0.588973 ; wavelet_buf_qsum = 1548145192.290623]
2021-05-27 11:59:29.538 736-1310/? D/asd_pop: pop_recognition AudioAudio stream find POP[stream = 3 ; device = 2 ; ratio = 0.568152 ; wavelet_buf_qsum = 1656430530.085170]
2021-05-27 11:59:29.538 758-1578/? I/stereoWidening_frame: SwsParamsSetFloat volumeDb = -50.999889
2021-05-27 11:59:29.542 758-1578/? I/asd_out_fwk: L = -60.836979db, R = -60.836979db, Device = 0x2, TimeStampKernel = 586931520, TimeStampServer = 586933440
2021-05-27 11:59:29.558 758-1578/? I/stereoWidening_frame: SwsParamsSetFloat volumeDb = -50.999889
2021-05-27 11:59:29.577 2518-5113/? I/Booster_Qoe: AdaBoostPredict rlt,index:6,NisPsSlow:0,NProba:312,rsrp(rssi):-37,rsrq(noise):-86,rtt(chload):454,buffhigh(uldelay):0,buffcomm(rtt):0
2021-05-27 11:59:29.577 2518-5113/? I/Booster_Qoe: AdaBoostPredict rlt,index:2,NisPsSlow:0,NProba:390,rsrp(rssi):-37,rsrq(noise):-86,rtt(chload):454,buffhigh(uldelay):0,buffcomm(rtt):254
2021-05-27 11:59:29.577 2518-5113/? I/Collector: HandleRawWifiInfo: flag:0, netId:0!
2021-05-27 11:59:29.578 2518-3068/? I/ChannelQoeData: dumpChannelData: ModelBaseInfo:0,10628,0,0,-1,-1,-1,-1,-1,1048576,-1,-1,-1,-1,-1,1048576,0,0,1,0,1,0,0 DnsInfo:0,3,120 WifiId:0 WifiInfo:2,1,185,94,1444,1300,1,1,0,2,-37,-86,50,454,0 AppUid:1051 ChannelId:2 TcpData:0,0,0,0,0,0,0,0,0,0,0,0,2,472,2,162,0 AppUid:999 ChannelId:2 TcpData:0,0,0,0,0,0,0,0,0,0,0,0,0,0,0,0,0 AppUid:0 ChannelId:2 TcpData:12,1559,3052,0,11,2346,0,0,3,3,6,19,0,0,0,0,1009 AppUid:10628 ChannelId:2 TcpData:0,0,0,0,0,0,0,0,0,0,0,0,0,0,0,0,0
2021-05-27 11:59:29.578 2518-3068/? I/OllieMsgCenter: publishEvt what:2135031809
2021-05-27 11:59:29.578 889-889/? I/aptouch_daemon: check_idle_status, idle out.
2021-05-27 11:59:29.579 758-1578/? I/stereoWidening_frame: SwsParamsSetFloat volumeDb = -50.999889
2021-05-27 11:59:29.580 2518-3068/? I/NetworkQoeMonitor: networkQoeChanged:10628,4,0,312,1,2,4,0,390,144400,130000,10,10,0,0,1,0,0,2,1048576,1048576,-37
2021-05-27 11:59:29.580 2518-3068/? D/NpdcpAliveManager: ro.odm.npdcp_alive_cfg_enable is false
2021-05-27 11:59:29.580 736-1573/? I/smartpakit: smartpa_algo_control: enter, cmd = 26
2021-05-27 11:59:29.580 736-1573/? I/spk_dev_interface: soc_adsp_send_sync_cmd: enter, in_size 0x2c, out_size 0x0
2021-05-27 11:59:29.581 2518-3642/? I/Hicom_Monitor: handleNetworkQoeReport. rtt: 0, maxRatioChannelId: 2
2021-05-27 11:59:29.581 2518-3642/? I/Hicom_Monitor: handleNetworkQoeReport. qoeString: 10628,4,0,312,1,2,4,0,390,144400,130000,10,10,0,0,1,0
2021-05-27 11:59:29.581 2518-3642/? I/Utils: multipathPolicy is null
2021-05-27 11:59:29.582 1581-2374/? I/HwWifiProServiceProxy: ctrlHwWifiNetwork pkgName: WIFIPRO_SERVICE interfaceId: 9
2021-05-27 11:59:29.583 1581-2374/? I/WiFi_PRO_WifiProStateMachine: isWifi2WifiProcess = false, mIsNeedIgnoreQoeUpdate = false, mIsAppInBlacklist = false, mIsAppInBlacklistFullScreen = false, mIsWiFiNoInternet false, screen on = true, full screen = true, isLandscapeMode = false, mNotifyWifiLinkPoorReason = -1
2021-05-27 11:59:29.583 1581-2374/? I/WiFi_PRO_WifiProStateMachine: APP_SERVICE_QOE_NOTIFY Qoe info 10628,4,0,312,1,2,4,0,390,144400,130000,10,10,0,0,1,0 CID 2 mMasterWifiRssi -37 mMasterCardAmbr 1048576 mSlaveCardAmbr 1048576
2021-05-27 11:59:29.583 1581-2374/? I/WiFi_PRO_WifiProStateMachine: mChannelQoeBadCnt = 0, mAppQoeBadCnt = 0, mNetworkSlowReason = 0, mNetworkSlowChannelBadCnt = 0
2021-05-27 11:59:29.585 21782-22290/? I/DataSrv-11.0.0.319-O-1015-16:03-Bean-BeanContainer: Remove expired instance. class=[com.huawei.android.vsim.location.fencedata.FenceCache]
2021-05-27 11:59:29.585 21782-22290/? I/DataSrv-11.0.0.319-O-1015-16:03-Bean-BeanContainer: Remove expired instance. class=[com.huawei.android.vsim.location.fencedata.FenceDataFlow]
2021-05-27 11:59:29.595 889-889/? I/aptouch_daemon: print_log, touch:1, down:1 (+0)
2021-05-27 11:59:29.597 1581-2262/? I/HwFingersSnapshooter: handleMotionEvent first finger(0) touch down at (970.0,910.0)
2021-05-27 11:59:29.599 758-1578/? I/stereoWidening_frame: SwsParamsSetFloat volumeDb = -50.999889
2021-05-27 11:59:29.609 2518-3068/? I/OllieMsgCenter: publishEvt what:2135162884
2021-05-27 11:59:29.619 758-1578/? I/stereoWidening_frame: SwsParamsSetFloat volumeDb = -50.999889
2021-05-27 11:59:29.635 889-889/? I/aptouch_daemon: print_log, touch:0, down:0 
2021-05-27 11:59:29.636 1581-2262/? I/HwFingersSnapshooter: handleMotionEvent last finger(0) up.
2021-05-27 11:59:29.639 758-1578/? I/stereoWidening_frame: SwsParamsSetFloat volumeDb = -50.999889
2021-05-27 11:59:29.650 1229-1229/? I/HwLBSService.SensorManager: onSensorChanged, mLightListeners size: 1
2021-05-27 11:59:29.659 758-1578/? I/stereoWidening_frame: SwsParamsSetFloat volumeDb = -50.999889
2021-05-27 11:59:29.677 2524-4193/? I/Unity: [HMS] HuaweiAdsManager ShowRewardedAd
    HuaweiAdsManager:ShowRewardedAd(RewardType)
    UnityEngine.Events.UnityAction:Invoke()
    UnityEngine.Events.UnityEvent:Invoke()
    UnityEngine.EventSystems.EventFunction`1:Invoke(T1, BaseEventData)
    UnityEngine.EventSystems.ExecuteEvents:Execute(GameObject, BaseEventData, EventFunction`1)
    UnityEngine.EventSystems.StandaloneInputModule:ProcessTouchPress(PointerEventData, Boolean, Boolean)
    UnityEngine.EventSystems.StandaloneInputModule:ProcessTouchEvents()
    UnityEngine.EventSystems.StandaloneInputModule:Process()
     
    (Filename: ./Runtime/Export/Debug/Debug.bindings.h Line: 35)
2021-05-27 11:59:29.678 758-1578/? I/stereoWidening_frame: SwsParamsSetFloat volumeDb = -50.999889
2021-05-27 11:59:29.696 2524-4193/? I/Unity: [HMS] AdsManager ShowRewardedAd
    HmsPlugin.RewardAdManager:ShowRewardedAd()
    UnityEngine.Events.UnityAction:Invoke()
    UnityEngine.Events.UnityEvent:Invoke()
    UnityEngine.EventSystems.EventFunction`1:Invoke(T1, BaseEventData)
    UnityEngine.EventSystems.ExecuteEvents:Execute(GameObject, BaseEventData, EventFunction`1)
    UnityEngine.EventSystems.StandaloneInputModule:ProcessTouchPress(PointerEventData, Boolean, Boolean)
    UnityEngine.EventSystems.StandaloneInputModule:ProcessTouchEvents()
    UnityEngine.EventSystems.StandaloneInputModule:Process()
     
    (Filename: ./Runtime/Export/Debug/Debug.bindings.h Line: 35)
2021-05-27 11:59:29.698 758-1578/? I/stereoWidening_frame: SwsParamsSetFloat volumeDb = -50.999889
2021-05-27 11:59:29.713 2524-4193/? I/Unity: [HMS] AdsManager rewardAd.Show
    HmsPlugin.RewardAdManager:ShowRewardedAd()
    UnityEngine.Events.UnityAction:Invoke()
    UnityEngine.Events.UnityEvent:Invoke()
    UnityEngine.EventSystems.EventFunction`1:Invoke(T1, BaseEventData)
    UnityEngine.EventSystems.ExecuteEvents:Execute(GameObject, BaseEventData, EventFunction`1)
    UnityEngine.EventSystems.StandaloneInputModule:ProcessTouchPress(PointerEventData, Boolean, Boolean)
    UnityEngine.EventSystems.StandaloneInputModule:ProcessTouchEvents()
    UnityEngine.EventSystems.StandaloneInputModule:Process()
     
    (Filename: ./Runtime/Export/Debug/Debug.bindings.h Line: 35)
2021-05-27 11:59:29.718 758-1578/? I/stereoWidening_frame: SwsParamsSetFloat volumeDb = -50.999889
2021-05-27 11:59:29.730 48-48/? W/migration/6: type=1400 audit(0.0:25221): avc: granted { setsched } for pid=48 scontext=u:r:kernel:s0 tcontext=u:r:kernel:s0 tclass=process
2021-05-27 11:59:29.738 758-1578/? I/stereoWidening_frame: SwsParamsSetFloat volumeDb = -50.999889
2021-05-27 11:59:29.740 2524-4193/? I/Unity: [HMS] AdsManager OnRewardAdFailedToShow 2
    HmsPlugin.RewardAdListener:OnRewardAdFailedToShow(Int32)
    System.Reflection.MonoMethod:Invoke(Object, BindingFlags, Binder, Object[], CultureInfo)
    UnityEngine.AndroidJavaProxy:Invoke(String, Object[])
    UnityEngine._AndroidJNIHelper:InvokeJavaProxyMethod(AndroidJavaProxy, IntPtr, IntPtr)
     
    (Filename: ./Runtime/Export/Debug/Debug.bindings.h Line: 35)
2021-05-27 11:59:29.740 758-1578/? I/asd_out_fwk: L = -70.005600db, R = -70.005600db, Device = 0x2, TimeStampKernel = 586941120, TimeStampServer = 586943040
2021-05-27 11:59:29.758 758-1578/? I/stereoWidening_frame: SwsParamsSetFloat volumeDb = -50.999889
2021-05-27 11:59:29.762 1581-2280/? I/WificondControl: Noise: -88, Snr: 34, Chload: 410, rssi: -37, txBitrate: 144, rxBitrate: 130, frequency: 2462, UlDelay: 0, currentTxBytes: 23095989, currentTxPackets: 235914, currentTxFailed: 1, currentRxBytes: 739557703, currentRxPackets: 658247
2021-05-27 11:59:29.764 1581-2279/? I/WiFi_PRO: MSG_RETURN_AP_CURRY_RSSI rssi = -37
2021-05-27 11:59:29.764 1581-2279/? I/QosMonitor: queryRtt: rttType = 3
2021-05-27 11:59:29.764 1581-2395/? I/HwDualBandManager: handle2gApStrongWifiRssiChange
2021-05-27 11:59:29.764 1581-2279/? I/HwWifiProServiceProxy: ctrlHwWifiNetwork pkgName: WIFIPRO_SERVICE interfaceId: 8
2021-05-27 11:59:29.765 1581-2279/? I/QosMonitor: postEventFromNative: msg=100,arg1=4,arg2=10
2021-05-27 11:59:29.765 1581-2386/? I/HuaweiWifiWatchdogStateMachine: high data flow: protection_counter = 0,  not_detect_counter = 3
2021-05-27 11:59:29.765 1581-2386/? I/HuaweiWifiWatchdogStateMachine: high data flow scenario: 0 --> 0 rx bytes =68KB
2021-05-27 11:59:29.765 1581-2279/? I/QosMonitor: resetRtt: rttType = 3
2021-05-27 11:59:29.765 1581-2279/? I/HwWifiProServiceProxy: ctrlHwWifiNetwork pkgName: WIFIPRO_SERVICE interfaceId: 8
2021-05-27 11:59:29.765 1581-2386/? I/HuaweiWifiWatchdogStateMachine: POta txb txg rxg:0, 26, 0. Lr =0% Totpkt=26
2021-05-27 11:59:29.765 1581-2279/? I/HwWifiProServiceProxy: ctrlHwWifiNetwork pkgName: WIFIPRO_SERVICE interfaceId: 8
2021-05-27 11:59:29.765 1581-2279/? I/QosMonitor: postEventFromNative: msg=100,arg1=0,arg2=10
2021-05-27 11:59:29.765 1581-2279/? I/MQoS: rtt=1608,tcpTxPkts=161494,tcpRxPkts=457639
2021-05-27 11:59:29.766 1581-8298/? D/HwConnectivityServiceEx: set 1000 wlan0 value false
2021-05-27 11:59:29.767 1581-2386/? I/HuaweiWifiWatchdogStateMachine: PTcp RTT:1608, rtt pkt=8, tcp_rx=16, tcp_tx=24, tcp_reTran=2, rtRate=0.08
2021-05-27 11:59:29.767 1581-2395/? W/HwDualBandManager: actualScan5gChannelList not exist
2021-05-27 11:59:29.767 1581-2386/? I/HuaweiWifiWatchdogStateMachine: start computeQosLevel tcpRtt = 1608 ,rssi = -37 ,mBestSpeedInPeriod = 0
2021-05-27 11:59:29.767 1581-2386/? I/HuaweiWifiWatchdogStateMachine: smoothConsecutiveQosResults, currentQosLevel = 2
2021-05-27 11:59:29.769 1581-8298/? I/MQoS: QOS_level:0(0),wifi-link;SIM error;use level-0
2021-05-27 11:59:29.769 1581-8298/? I/MQoS: skip-low-Level:0(0),wifi-link;SIM error;use level-0
2021-05-27 11:59:29.778 758-1578/? I/stereoWidening_frame: SwsParamsSetFloat volumeDb = -50.999889
2021-05-27 11:59:29.798 758-1578/? I/stereoWidening_frame: SwsParamsSetFloat volumeDb = -50.999889
2021-05-27 11:59:29.818 758-1578/? I/stereoWidening_frame: SwsParamsSetFloat volumeDb = -50.999889
2021-05-27 11:59:29.838 54-54/? W/migration/7: type=1400 audit(0.0:25223): avc: granted { setsched } for pid=54 scontext=u:r:kernel:s0 tcontext=u:r:kernel:s0 tclass=process
2021-05-27 11:59:29.838 758-1578/? I/stereoWidening_frame: SwsParamsSetFloat volumeDb = -50.999889
2021-05-27 11:59:29.859 758-1578/? I/stereoWidening_frame: SwsParamsSetFloat volumeDb = -50.999889
2021-05-27 11:59:29.859 736-1310/? D/asd_pop: pop_recognition AudioAudio stream find POP[stream = 3 ; device = 2 ; ratio = 0.606895 ; wavelet_buf_qsum = 1597704761.358923]
2021-05-27 11:59:29.878 736-1310/? D/asd_pop: pop_recognition AudioAudio stream find POP[stream = 3 ; device = 2 ; ratio = 0.594572 ; wavelet_buf_qsum = 1559677050.037094]
2021-05-27 11:59:29.878 736-1310/? D/asd_pop: pop_recognition AudioAudio stream find POP[stream = 3 ; device = 2 ; ratio = 0.567536 ; wavelet_buf_qsum = 1552606225.671671]
2021-05-27 11:59:29.879 758-1578/? I/stereoWidening_frame: SwsParamsSetFloat volumeDb = -50.999889
2021-05-27 11:59:29.899 758-1578/? I/stereoWidening_frame: SwsParamsSetFloat volumeDb = -50.999889
2021-05-27 11:59:29.919 758-1578/? I/stereoWidening_frame: SwsParamsSetFloat volumeDb = -50.999889
2021-05-27 11:59:29.926 1581-1581/? I/NetLinkManager: getPriorityAppState, slaveIccid is null, start timer
2021-05-27 11:59:29.928 1581-2279/? I/TrafficMonitor: update:rxPkts:39,txPkts:26,rxBytes:4356,txBytes:3286
2021-05-27 11:59:29.928 1581-2279/? I/TrafficMonitor: gettimer:interval=2000
2021-05-27 11:59:29.929 752-2258/? I/motion@1.0-service: motion-hal Motion::readEvents motionType: 7
2021-05-27 11:59:29.929 752-2258/? I/motion@1.0-service: motion-hal Motion::readEvents motionType == MOTIONHUB_TYPE_ROTATION
2021-05-27 11:59:29.929 752-2258/? D/motion@1.0-service: motion-hal Motion::ReadMotionData motionResult->motion: 7
2021-05-27 11:59:29.929 752-2258/? D/motion@1.0-service: motion-hal Motion::ReadMotionData motionsData = 0: 1
2021-05-27 11:59:29.929 752-2258/? D/motion@1.0-service: motion-hal Motion::ReadMotionData motionsData = 1: 0
2021-05-27 11:59:29.929 752-752/? I/motion@1.0-service: pollMotionResult g_pollResultReturn = 2
2021-05-27 11:59:29.931 1581-1760/? I/HWExtDeviceManager: trigger onDeviceDataChanged : mListener : com.android.server.policy.HWExtMotionRotationProcessorEx$1@7690c1b,type : 700
2021-05-27 11:59:29.931 1581-1760/? I/HWEMRP: onDeviceDataChanged  proposedRotation:0
2021-05-27 11:59:29.931 1581-1760/? I/HWEMRP: onDeviceDataChanged  oldProposedRotation:-1
2021-05-27 11:59:29.931 1581-1760/? I/HWEMRP: notifyProposedRotation: 0
2021-05-27 11:59:29.932 752-2258/? D/motion@1.0-service: g_motionPollResultReady::unlock out
2021-05-27 11:59:29.932 752-2258/? I/motion@1.0-service: ActMotionCb motionClientVector.size = 0
2021-05-27 11:59:29.932 752-2258/? I/motion@1.0-service: ActMotionCb out
2021-05-27 11:59:29.934 1581-1760/? I/HwWindowManagerServiceEx: setLandAnimationInfo : false
2021-05-27 11:59:29.938 736-1310/? D/asd_pop: pop_recognition AudioAudio stream find POP[stream = 3 ; device = 2 ; ratio = 0.601452 ; wavelet_buf_qsum = 1572651372.892365]
2021-05-27 11:59:29.939 758-1578/? I/AudioFlinger: pid(2524):mVol=1.000000, tVol=0.002818, pVol=1.000000, sVol=1.000000, scale=0.700000, output=13, mDevice=0x2, mStreamType=3
2021-05-27 11:59:29.939 736-1310/? D/asd_pop: pop_recognition AudioAudio stream find POP[stream = 3 ; device = 2 ; ratio = 0.584562 ; wavelet_buf_qsum = 1533492181.721233]
2021-05-27 11:59:29.939 736-1310/? D/asd_pop: pop_recognition AudioAudio stream find POP[stream = 3 ; device = 2 ; ratio = 0.585536 ; wavelet_buf_qsum = 1570461339.636257]
2021-05-27 11:59:29.939 736-1310/? D/asd_pop: pop_recognition AudioAudio stream find POP[stream = 3 ; device = 2 ; ratio = 0.575425 ; wavelet_buf_qsum = 1571190075.154060]
2021-05-27 11:59:29.939 758-1578/? I/stereoWidening_frame: SwsParamsSetFloat volumeDb = -50.999889
2021-05-27 11:59:29.942 758-1578/? I/asd_out_fwk: L = -85.106079db, R = -85.106079db, Device = 0x2, TimeStampKernel = 586950720, TimeStampServer = 586952640
2021-05-27 11:59:29.943 889-889/? I/aptouch_daemon: print_log, touch:1, down:1 (+0)
2021-05-27 11:59:29.944 1581-2262/? I/HwFingersSnapshooter: handleMotionEvent first finger(0) touch down at (955.0,914.0)
2021-05-27 11:59:29.959 736-1310/? D/asd_pop: pop_recognition AudioAudio stream find POP[stream = 3 ; device = 2 ; ratio = 0.600197 ; wavelet_buf_qsum = 1567634421.764076]
2021-05-27 11:59:29.959 736-1310/? D/asd_pop: pop_recognition AudioAudio stream find POP[stream = 3 ; device = 2 ; ratio = 0.595938 ; wavelet_buf_qsum = 1565692030.835473]
2021-05-27 11:59:29.959 758-1578/? I/stereoWidening_frame: SwsParamsSetFloat volumeDb = -50.999889
2021-05-27 11:59:29.959 736-1310/? D/asd_pop: pop_recognition AudioAudio stream find POP[stream = 3 ; device = 2 ; ratio = 0.580854 ; wavelet_buf_qsum = 1548115583.782207]
2021-05-27 11:59:29.959 736-1310/? D/asd_pop: pop_recognition AudioAudio stream find POP[stream = 3 ; device = 2 ; ratio = 0.565580 ; wavelet_buf_qsum = 1544568392.097446]
2021-05-27 11:59:29.978 736-1310/? D/asd_pop: pop_recognition AudioAudio stream find POP[stream = 3 ; device = 2 ; ratio = 0.595162 ; wavelet_buf_qsum = 1610959733.777239]
2021-05-27 11:59:29.978 736-1310/? D/asd_pop: pop_recognition AudioAudio stream find POP[stream = 3 ; device = 2 ; ratio = 0.586970 ; wavelet_buf_qsum = 1571468065.011242]
2021-05-27 11:59:29.978 736-1310/? D/asd_pop: pop_recognition AudioAudio stream find POP[stream = 3 ; device = 2 ; ratio = 0.613362 ; wavelet_buf_qsum = 1593882561.152126]
2021-05-27 11:59:29.978 736-1310/? D/asd_pop: pop_recognition AudioAudio stream find POP[stream = 3 ; device = 2 ; ratio = 0.599032 ; wavelet_buf_qsum = 1583817671.476089]
2021-05-27 11:59:29.978 736-1310/? D/asd_pop: pop_recognition AudioAudio stream find POP[stream = 3 ; device = 2 ; ratio = 0.600760 ; wavelet_buf_qsum = 1574462711.000010]
2021-05-27 11:59:29.978 736-1310/? D/asd_pop: pop_recognition AudioAudio stream find POP[stream = 3 ; device = 2 ; ratio = 0.584621 ; wavelet_buf_qsum = 1533339461.269610]
2021-05-27 11:59:29.978 736-1310/? D/asd_pop: pop_recognition AudioAudio stream find POP[stream = 3 ; device = 2 ; ratio = 0.610757 ; wavelet_buf_qsum = 1566348884.343906]
2021-05-27 11:59:29.978 758-1578/? I/stereoWidening_frame: SwsParamsSetFloat volumeDb = -50.999889
2021-05-27 11:59:29.998 736-1310/? D/asd_pop: pop_recognition AudioAudio stream find POP[stream = 3 ; device = 2 ; ratio = 0.608351 ; wavelet_buf_qsum = 1567784597.964254]
2021-05-27 11:59:29.998 736-1310/? D/asd_pop: pop_recognition AudioAudio stream find POP[stream = 3 ; device = 2 ; ratio = 0.616424 ; wavelet_buf_qsum = 1568276941.100432]
2021-05-27 11:59:29.998 736-1310/? D/asd_pop: pop_recognition AudioAudio stream find POP[stream = 3 ; device = 2 ; ratio = 0.595185 ; wavelet_buf_qsum = 1549776933.155551]
2021-05-27 11:59:29.998 736-1310/? D/asd_pop: pop_recognition AudioAudio stream find POP[stream = 3 ; device = 2 ; ratio = 0.577561 ; wavelet_buf_qsum = 1561811950.432475]
2021-05-27 11:59:29.998 736-1310/? D/asd_pop: pop_recognition AudioAudio stream find POP[stream = 3 ; device = 2 ; ratio = 0.607584 ; wavelet_buf_qsum = 1627082092.398562]
2021-05-27 11:59:29.998 736-1310/? D/asd_pop: pop_recognition AudioAudio stream find POP[stream = 3 ; device = 2 ; ratio = 0.606925 ; wavelet_buf_qsum = 1566704933.858336]
2021-05-27 11:59:29.998 736-1310/? D/asd_pop: pop_recognition AudioAudio stream find POP[stream = 3 ; device = 2 ; ratio = 0.598167 ; wavelet_buf_qsum = 1532551966.569065]
2021-05-27 11:59:29.998 736-1310/? D/asd_pop: pop_recognition AudioAudio stream find POP[stream = 3 ; device = 2 ; ratio = 0.593954 ; wavelet_buf_qsum = 1539929603.607794]
2021-05-27 11:59:29.998 758-1578/? I/stereoWidening_frame: SwsParamsSetFloat volumeDb = -50.999889
2021-05-27 11:59:29.999 736-1310/? D/asd_pop: pop_recognition AudioAudio stream find POP[stream = 3 ; device = 2 ; ratio = 0.603815 ; wavelet_buf_qsum = 1569993141.325296]
2021-05-27 11:59:30.000 889-889/? I/aptouch_daemon: print_log, touch:0, down:0 
2021-05-27 11:59:30.000 752-2258/? I/motion@1.0-service: motion-hal Motion::readEvents motionType: 7
2021-05-27 11:59:30.000 752-2258/? I/motion@1.0-service: motion-hal Motion::readEvents motionType == MOTIONHUB_TYPE_ROTATION
2021-05-27 11:59:30.000 752-2258/? D/motion@1.0-service: motion-hal Motion::ReadMotionData motionResult->motion: 7
2021-05-27 11:59:30.000 752-2258/? D/motion@1.0-service: motion-hal Motion::ReadMotionData motionsData = 0: 1
2021-05-27 11:59:30.000 752-2258/? D/motion@1.0-service: motion-hal Motion::ReadMotionData motionsData = 1: -1
2021-05-27 11:59:30.000 752-837/? I/motion@1.0-service: pollMotionResult g_pollResultReturn = 2
