2021-05-27 11:59:31.798 736-1310/? D/asd_pop: pop_recognition AudioAudio stream find POP[stream = 3 ; device = 2 ; ratio = 0.610829 ; wavelet_buf_qsum = 1587415631.921903]
2021-05-27 11:59:31.798 736-1310/? D/asd_pop: pop_recognition AudioAudio stream find POP[stream = 3 ; device = 2 ; ratio = 0.609262 ; wavelet_buf_qsum = 1583213450.282903]
2021-05-27 11:59:31.798 736-1310/? D/asd_pop: pop_recognition AudioAudio stream find POP[stream = 3 ; device = 2 ; ratio = 0.609229 ; wavelet_buf_qsum = 1556039284.170519]
2021-05-27 11:59:31.798 736-1310/? D/asd_pop: pop_recognition AudioAudio stream find POP[stream = 3 ; device = 2 ; ratio = 0.607740 ; wavelet_buf_qsum = 1587179069.528543]
2021-05-27 11:59:31.798 736-1310/? D/asd_pop: pop_recognition AudioAudio stream find POP[stream = 3 ; device = 2 ; ratio = 0.610478 ; wavelet_buf_qsum = 1588326499.714619]
2021-05-27 11:59:31.798 736-1310/? D/asd_pop: pop_recognition AudioAudio stream find POP[stream = 3 ; device = 2 ; ratio = 0.611498 ; wavelet_buf_qsum = 1572670421.775429]
2021-05-27 11:59:31.799 758-1578/? I/stereoWidening_frame: SwsParamsSetFloat volumeDb = -50.999889
2021-05-27 11:59:31.818 758-1578/? I/stereoWidening_frame: SwsParamsSetFloat volumeDb = -50.999889
2021-05-27 11:59:31.838 736-1310/? D/asd_pop: pop_recognition AudioAudio stream find POP[stream = 3 ; device = 2 ; ratio = 0.617067 ; wavelet_buf_qsum = 1584310532.230347]
2021-05-27 11:59:31.838 736-1310/? D/asd_pop: pop_recognition AudioAudio stream find POP[stream = 3 ; device = 2 ; ratio = 0.611726 ; wavelet_buf_qsum = 1602937784.718502]
2021-05-27 11:59:31.838 736-1310/? D/asd_pop: pop_recognition AudioAudio stream find POP[stream = 3 ; device = 2 ; ratio = 0.607833 ; wavelet_buf_qsum = 1577375384.151733]
2021-05-27 11:59:31.838 736-1310/? D/asd_pop: pop_recognition AudioAudio stream find POP[stream = 3 ; device = 2 ; ratio = 0.614720 ; wavelet_buf_qsum = 1595129626.575192]
2021-05-27 11:59:31.838 736-1310/? D/asd_pop: pop_recognition AudioAudio stream find POP[stream = 3 ; device = 2 ; ratio = 0.616876 ; wavelet_buf_qsum = 1580056558.059836]
2021-05-27 11:59:31.838 736-1310/? D/asd_pop: pop_recognition AudioAudio stream find POP[stream = 3 ; device = 2 ; ratio = 0.611903 ; wavelet_buf_qsum = 1589400318.396485]
2021-05-27 11:59:31.838 736-1310/? D/asd_pop: pop_recognition AudioAudio stream find POP[stream = 3 ; device = 2 ; ratio = 0.610173 ; wavelet_buf_qsum = 1584342821.421769]
2021-05-27 11:59:31.838 736-1310/? D/asd_pop: pop_recognition AudioAudio stream find POP[stream = 3 ; device = 2 ; ratio = 0.616882 ; wavelet_buf_qsum = 1584786155.444897]
2021-05-27 11:59:31.838 736-1310/? D/asd_pop: pop_recognition AudioAudio stream find POP[stream = 3 ; device = 2 ; ratio = 0.617674 ; wavelet_buf_qsum = 1600503538.984067]
2021-05-27 11:59:31.838 736-1310/? D/asd_pop: pop_recognition AudioAudio stream find POP[stream = 3 ; device = 2 ; ratio = 0.611179 ; wavelet_buf_qsum = 1586505564.189902]
2021-05-27 11:59:31.838 736-1310/? D/asd_pop: pop_recognition AudioAudio stream find POP[stream = 3 ; device = 2 ; ratio = 0.610133 ; wavelet_buf_qsum = 1584446919.590436]
2021-05-27 11:59:31.838 758-1578/? I/stereoWidening_frame: SwsParamsSetFloat volumeDb = -50.999889
2021-05-27 11:59:31.838 736-1310/? D/asd_pop: pop_recognition AudioAudio stream find POP[stream = 3 ; device = 2 ; ratio = 0.617295 ; wavelet_buf_qsum = 1601486278.542090]
2021-05-27 11:59:31.838 736-1310/? D/asd_pop: pop_recognition AudioAudio stream find POP[stream = 3 ; device = 2 ; ratio = 0.618897 ; wavelet_buf_qsum = 1597341469.567020]
2021-05-27 11:59:31.839 736-1310/? D/asd_pop: pop_recognition AudioAudio stream find POP[stream = 3 ; device = 2 ; ratio = 0.611785 ; wavelet_buf_qsum = 1602781309.453974]
2021-05-27 11:59:31.839 736-1310/? D/asd_pop: pop_recognition AudioAudio stream find POP[stream = 3 ; device = 2 ; ratio = 0.607950 ; wavelet_buf_qsum = 1594932293.779146]
2021-05-27 11:59:31.839 736-1310/? D/asd_pop: pop_recognition AudioAudio stream find POP[stream = 3 ; device = 2 ; ratio = 0.616896 ; wavelet_buf_qsum = 1584751742.582941]
2021-05-27 11:59:31.839 736-1310/? D/asd_pop: pop_recognition AudioAudio stream find POP[stream = 3 ; device = 2 ; ratio = 0.617071 ; wavelet_buf_qsum = 1597297736.012420]
2021-05-27 11:59:31.839 736-1310/? D/asd_pop: pop_recognition AudioAudio stream find POP[stream = 3 ; device = 2 ; ratio = 0.613632 ; wavelet_buf_qsum = 1615849808.880904]
2021-05-27 11:59:31.839 736-1310/? D/asd_pop: pop_recognition AudioAudio stream find POP[stream = 3 ; device = 2 ; ratio = 0.614542 ; wavelet_buf_qsum = 1590821235.439293]
2021-05-27 11:59:31.839 736-1310/? D/asd_pop: pop_recognition AudioAudio stream find POP[stream = 3 ; device = 2 ; ratio = 0.610820 ; wavelet_buf_qsum = 1587439342.706052]
2021-05-27 11:59:31.839 736-1310/? D/asd_pop: pop_recognition AudioAudio stream find POP[stream = 3 ; device = 2 ; ratio = 0.611444 ; wavelet_buf_qsum = 1598881312.782750]
2021-05-27 11:59:31.839 736-1310/? D/asd_pop: pop_recognition AudioAudio stream find POP[stream = 3 ; device = 2 ; ratio = 0.618421 ; wavelet_buf_qsum = 1576108269.822460]
2021-05-27 11:59:31.839 736-1310/? D/asd_pop: pop_recognition AudioAudio stream find POP[stream = 3 ; device = 2 ; ratio = 0.615135 ; wavelet_buf_qsum = 1594053680.872662]
2021-05-27 11:59:31.839 736-1310/? D/asd_pop: pop_recognition AudioAudio stream find POP[stream = 3 ; device = 2 ; ratio = 0.610613 ; wavelet_buf_qsum = 1592758049.797658]
2021-05-27 11:59:31.858 736-1310/? D/asd_pop: pop_recognition AudioAudio stream find POP[stream = 3 ; device = 2 ; ratio = 0.614089 ; wavelet_buf_qsum = 1574240666.571994]
2021-05-27 11:59:31.858 736-1310/? D/asd_pop: pop_recognition AudioAudio stream find POP[stream = 3 ; device = 2 ; ratio = 0.609755 ; wavelet_buf_qsum = 1577166914.480621]
2021-05-27 11:59:31.858 736-1310/? D/asd_pop: pop_recognition AudioAudio stream find POP[stream = 3 ; device = 2 ; ratio = 0.612904 ; wavelet_buf_qsum = 1582040521.464270]
2021-05-27 11:59:31.858 736-1310/? D/asd_pop: pop_recognition AudioAudio stream find POP[stream = 3 ; device = 2 ; ratio = 0.609011 ; wavelet_buf_qsum = 1574324831.159189]
2021-05-27 11:59:31.858 736-1310/? D/asd_pop: pop_recognition AudioAudio stream find POP[stream = 3 ; device = 2 ; ratio = 0.615036 ; wavelet_buf_qsum = 1571816420.562266]
2021-05-27 11:59:31.858 736-1310/? D/asd_pop: pop_recognition AudioAudio stream find POP[stream = 3 ; device = 2 ; ratio = 0.611792 ; wavelet_buf_qsum = 1584916429.447380]
2021-05-27 11:59:31.859 758-1578/? I/stereoWidening_frame: SwsParamsSetFloat volumeDb = -50.999889
2021-05-27 11:59:31.878 758-1578/? I/stereoWidening_frame: SwsParamsSetFloat volumeDb = -50.999889
2021-05-27 11:59:31.899 758-1578/? I/stereoWidening_frame: SwsParamsSetFloat volumeDb = -50.999889
2021-05-27 11:59:31.918 758-1578/? I/stereoWidening_frame: SwsParamsSetFloat volumeDb = -50.999889
2021-05-27 11:59:31.931 1581-2279/? I/TrafficMonitor: update:rxPkts:9,txPkts:19,rxBytes:508,txBytes:972
2021-05-27 11:59:31.931 1581-2279/? I/TrafficMonitor: gettimer:interval=2000
2021-05-27 11:59:31.938 758-1578/? I/AudioFlinger: pid(2524):mVol=1.000000, tVol=0.002818, pVol=1.000000, sVol=1.000000, scale=0.700000, output=13, mDevice=0x2, mStreamType=3
2021-05-27 11:59:31.939 758-1578/? I/stereoWidening_frame: SwsParamsSetFloat volumeDb = -50.999889
2021-05-27 11:59:31.942 758-1578/? I/asd_out_fwk: L = -100.197517db, R = -100.197517db, Device = 0x2, TimeStampKernel = 587046720, TimeStampServer = 587048640
2021-05-27 11:59:31.958 758-1578/? I/stereoWidening_frame: SwsParamsSetFloat volumeDb = -50.999889
2021-05-27 11:59:31.978 758-1578/? I/stereoWidening_frame: SwsParamsSetFloat volumeDb = -50.999889
2021-05-27 11:59:31.999 758-1578/? I/stereoWidening_frame: SwsParamsSetFloat volumeDb = -50.999889
2021-05-27 11:59:32.019 758-1578/? I/stereoWidening_frame: SwsParamsSetFloat volumeDb = -50.999889
2021-05-27 11:59:32.035 1581-1765/? I/AppEyeFwkBlock: do monitor
2021-05-27 11:59:32.039 758-1578/? I/stereoWidening_frame: SwsParamsSetFloat volumeDb = -50.999889
2021-05-27 11:59:32.059 758-1578/? I/stereoWidening_frame: SwsParamsSetFloat volumeDb = -50.999889
2021-05-27 11:59:32.078 758-1578/? I/stereoWidening_frame: SwsParamsSetFloat volumeDb = -50.999889
2021-05-27 11:59:32.098 758-1578/? I/stereoWidening_frame: SwsParamsSetFloat volumeDb = -50.999889
2021-05-27 11:59:32.100 1229-1229/? I/HwLBSService.SensorManager: onSensorChanged, mLightListeners size: 1
2021-05-27 11:59:32.119 758-1578/? I/stereoWidening_frame: SwsParamsSetFloat volumeDb = -50.999889
2021-05-27 11:59:32.125 2518-5140/? D/LteRecoveryEngine: UnRecoverState processMessage UPDATE_PS_SLOW_VALUE
2021-05-27 11:59:32.131 746-746/? I/AISched common: GetSdkMessage {"agpFPS":"60"}
2021-05-27 11:59:32.131 746-746/? I/AISched common: [SDK message] code(1), Get message: {"agpFPS":"60"}
2021-05-27 11:59:32.132 746-746/? I/AISched AISched: processSdkInfo: 5
2021-05-27 11:59:32.132 746-746/? I/AISched AISched: Cur agpMsgCounter is 100, reset the counter
2021-05-27 11:59:32.138 758-1578/? I/stereoWidening_frame: SwsParamsSetFloat volumeDb = -50.999889
2021-05-27 11:59:32.142 758-1578/? I/asd_out_fwk: L = -110.869576db, R = -110.869576db, Device = 0x2, TimeStampKernel = 587056320, TimeStampServer = 587058240
2021-05-27 11:59:32.159 758-1578/? I/stereoWidening_frame: SwsParamsSetFloat volumeDb = -50.999889
2021-05-27 11:59:32.179 758-1578/? I/stereoWidening_frame: SwsParamsSetFloat volumeDb = -50.999889
2021-05-27 11:59:32.197 671-2521/? I/netd: trafficSwapActiveStatsMap() <1.06ms>
2021-05-27 11:59:32.199 758-1578/? I/stereoWidening_frame: SwsParamsSetFloat volumeDb = -50.999889
2021-05-27 11:59:32.218 758-1578/? I/stereoWidening_frame: SwsParamsSetFloat volumeDb = -50.999889
2021-05-27 11:59:32.238 758-1578/? I/stereoWidening_frame: SwsParamsSetFloat volumeDb = -50.999889
2021-05-27 11:59:32.258 758-1578/? I/stereoWidening_frame: SwsParamsSetFloat volumeDb = -50.999889
2021-05-27 11:59:32.278 758-1578/? I/stereoWidening_frame: SwsParamsSetFloat volumeDb = -50.999889
2021-05-27 11:59:32.298 758-1578/? I/stereoWidening_frame: SwsParamsSetFloat volumeDb = -50.999889
2021-05-27 11:59:32.318 758-1578/? I/stereoWidening_frame: SwsParamsSetFloat volumeDb = -50.999889
2021-05-27 11:59:32.339 758-1578/? I/stereoWidening_frame: SwsParamsSetFloat volumeDb = -50.999889
2021-05-27 11:59:32.342 758-1578/? I/asd_out_fwk: L = -64.803848db, R = -64.803848db, Device = 0x2, TimeStampKernel = 587065920, TimeStampServer = 587067840
2021-05-27 11:59:32.358 758-1578/? I/stereoWidening_frame: SwsParamsSetFloat volumeDb = -50.999889
2021-05-27 11:59:32.378 758-1578/? I/stereoWidening_frame: SwsParamsSetFloat volumeDb = -50.999889
2021-05-27 11:59:32.398 758-1578/? I/stereoWidening_frame: SwsParamsSetFloat volumeDb = -50.999889
2021-05-27 11:59:32.418 758-1578/? I/stereoWidening_frame: SwsParamsSetFloat volumeDb = -50.999889
2021-05-27 11:59:32.438 758-1578/? I/stereoWidening_frame: SwsParamsSetFloat volumeDb = -50.999889
2021-05-27 11:59:32.450 1229-1229/? I/HwLBSService.SensorManager: onSensorChanged, mLightListeners size: 1
2021-05-27 11:59:32.459 758-1578/? I/stereoWidening_frame: SwsParamsSetFloat volumeDb = -50.999889
2021-05-27 11:59:32.479 758-1578/? I/stereoWidening_frame: SwsParamsSetFloat volumeDb = -50.999889
2021-05-27 11:59:32.499 758-1578/? I/stereoWidening_frame: SwsParamsSetFloat volumeDb = -50.999889
2021-05-27 11:59:32.518 758-1578/? I/stereoWidening_frame: SwsParamsSetFloat volumeDb = -50.999889
2021-05-27 11:59:32.539 758-1578/? I/stereoWidening_frame: SwsParamsSetFloat volumeDb = -50.999889
2021-05-27 11:59:32.542 758-1578/? I/asd_out_fwk: L = -70.686935db, R = -70.686935db, Device = 0x2, TimeStampKernel = 587075520, TimeStampServer = 587077440
2021-05-27 11:59:32.559 758-1578/? I/stereoWidening_frame: SwsParamsSetFloat volumeDb = -50.999889
2021-05-27 11:59:32.579 758-1578/? I/stereoWidening_frame: SwsParamsSetFloat volumeDb = -50.999889
2021-05-27 11:59:32.598 736-1310/? D/asd_pop: pop_recognition AudioAudio stream find POP[stream = 3 ; device = 2 ; ratio = 0.576288 ; wavelet_buf_qsum = 1524203400.168872]
2021-05-27 11:59:32.598 736-1310/? D/asd_pop: pop_recognition AudioAudio stream find POP[stream = 3 ; device = 2 ; ratio = 0.579009 ; wavelet_buf_qsum = 1553048619.678483]
2021-05-27 11:59:32.599 758-1578/? I/stereoWidening_frame: SwsParamsSetFloat volumeDb = -50.999889
2021-05-27 11:59:32.614 2518-3068/? I/OllieMsgCenter: publishEvt what:2135162884
2021-05-27 11:59:32.618 736-1310/? D/asd_pop: pop_recognition AudioAudio stream find POP[stream = 3 ; device = 2 ; ratio = 0.592701 ; wavelet_buf_qsum = 1543184664.509280]
2021-05-27 11:59:32.619 758-1578/? I/stereoWidening_frame: SwsParamsSetFloat volumeDb = -50.999889
2021-05-27 11:59:32.638 736-1310/? D/asd_pop: pop_recognition AudioAudio stream find POP[stream = 3 ; device = 2 ; ratio = 0.583289 ; wavelet_buf_qsum = 1502425812.361685]
2021-05-27 11:59:32.638 736-1310/? D/asd_pop: pop_recognition AudioAudio stream find POP[stream = 3 ; device = 2 ; ratio = 0.594486 ; wavelet_buf_qsum = 1582695781.530963]
2021-05-27 11:59:32.639 758-1578/? I/stereoWidening_frame: SwsParamsSetFloat volumeDb = -50.999889
2021-05-27 11:59:32.648 2518-5113/? I/Booster_Qoe: AdaBoostPredict rlt,index:6,NisPsSlow:0,NProba:312,rsrp(rssi):-37,rsrq(noise):-90,rtt(chload):480,buffhigh(uldelay):0,buffcomm(rtt):0
2021-05-27 11:59:32.648 2518-5113/? I/Booster_Qoe: AdaBoostPredict rlt,index:2,NisPsSlow:0,NProba:362,rsrp(rssi):-37,rsrq(noise):-90,rtt(chload):480,buffhigh(uldelay):0,buffcomm(rtt):153
2021-05-27 11:59:32.648 2518-3068/? I/ChannelQoeData: dumpChannelData: ModelBaseInfo:0,10628,0,0,-1,-1,-1,-1,-1,1048576,-1,-1,-1,-1,-1,1048576,0,0,1,0,1,0,0 DnsInfo:0,0,0 WifiId:0 WifiInfo:2,1,351,981,1444,1300,6,12,0,2,-37,-90,36,480,0 AppUid:1051 ChannelId:2 TcpData:0,0,0,0,0,0,0,0,0,0,0,0,0,0,0,0,0 AppUid:999 ChannelId:2 TcpData:0,0,0,0,0,0,0,0,0,0,0,0,0,0,0,0,0 AppUid:0 ChannelId:2 TcpData:3,187,689,0,4,259,0,0,2,0,2,10,0,0,0,0,385 AppUid:10628 ChannelId:2 TcpData:0,0,0,0,0,0,0,0,0,0,0,0,0,0,0,0,0
2021-05-27 11:59:32.649 2518-3068/? I/OllieMsgCenter: publishEvt what:2135031809
2021-05-27 11:59:32.649 2518-3068/? I/NetworkQoeMonitor: networkQoeChanged:10628,4,0,312,1,2,4,0,362,144400,130000,10,10,0,7,2,0,0,2,1048576,1048576,-37
2021-05-27 11:59:32.649 2518-3068/? D/NpdcpAliveManager: ro.odm.npdcp_alive_cfg_enable is false
2021-05-27 11:59:32.650 2518-3642/? I/Hicom_Monitor: handleNetworkQoeReport. rtt: 0, maxRatioChannelId: 2
2021-05-27 11:59:32.650 2518-3642/? I/Hicom_Monitor: handleNetworkQoeReport. qoeString: 10628,4,0,312,1,2,4,0,362,144400,130000,10,10,0,7,2,0
2021-05-27 11:59:32.650 2518-3642/? I/Utils: multipathPolicy is null
2021-05-27 11:59:32.650 1581-2374/? I/HwWifiProServiceProxy: ctrlHwWifiNetwork pkgName: WIFIPRO_SERVICE interfaceId: 9
2021-05-27 11:59:32.650 1581-2374/? I/WiFi_PRO_WifiProStateMachine: isWifi2WifiProcess = false, mIsNeedIgnoreQoeUpdate = false, mIsAppInBlacklist = false, mIsAppInBlacklistFullScreen = false, mIsWiFiNoInternet false, screen on = true, full screen = true, isLandscapeMode = false, mNotifyWifiLinkPoorReason = -1
2021-05-27 11:59:32.651 1581-2374/? I/WiFi_PRO_WifiProStateMachine: APP_SERVICE_QOE_NOTIFY Qoe info 10628,4,0,312,1,2,4,0,362,144400,130000,10,10,0,7,2,0 CID 2 mMasterWifiRssi -37 mMasterCardAmbr 1048576 mSlaveCardAmbr 1048576
2021-05-27 11:59:32.651 1581-2374/? I/WiFi_PRO_WifiProStateMachine: mChannelQoeBadCnt = 0, mAppQoeBadCnt = 0, mNetworkSlowReason = 0, mNetworkSlowChannelBadCnt = 0
2021-05-27 11:59:32.651 2518-5113/? I/Collector: HandleRawWifiInfo: flag:0, netId:0!
2021-05-27 11:59:32.658 736-1310/? D/asd_pop: pop_recognition AudioAudio stream find POP[stream = 3 ; device = 2 ; ratio = 0.586143 ; wavelet_buf_qsum = 1560448960.641359]
2021-05-27 11:59:32.659 736-1310/? D/asd_pop: pop_recognition AudioAudio stream find POP[stream = 3 ; device = 2 ; ratio = 0.606607 ; wavelet_buf_qsum = 1575786473.832923]
2021-05-27 11:59:32.659 736-1310/? D/asd_pop: pop_recognition AudioAudio stream find POP[stream = 3 ; device = 2 ; ratio = 0.612493 ; wavelet_buf_qsum = 1583101566.267166]
2021-05-27 11:59:32.659 758-1578/? I/stereoWidening_frame: SwsParamsSetFloat volumeDb = -50.999889
2021-05-27 11:59:32.678 736-1310/? D/asd_pop: pop_recognition AudioAudio stream find POP[stream = 3 ; device = 2 ; ratio = 0.605431 ; wavelet_buf_qsum = 1570570508.131232]
2021-05-27 11:59:32.678 736-1310/? D/asd_pop: pop_recognition AudioAudio stream find POP[stream = 3 ; device = 2 ; ratio = 0.598238 ; wavelet_buf_qsum = 1533641458.331803]
2021-05-27 11:59:32.678 736-1310/? D/asd_pop: pop_recognition AudioAudio stream find POP[stream = 3 ; device = 2 ; ratio = 0.589495 ; wavelet_buf_qsum = 1564737307.382848]
2021-05-27 11:59:32.678 736-1310/? D/asd_pop: pop_recognition AudioAudio stream find POP[stream = 3 ; device = 2 ; ratio = 0.593423 ; wavelet_buf_qsum = 1580689560.986115]
2021-05-27 11:59:32.678 736-1310/? D/asd_pop: pop_recognition AudioAudio stream find POP[stream = 3 ; device = 2 ; ratio = 0.579185 ; wavelet_buf_qsum = 1539366198.300287]
2021-05-27 11:59:32.679 736-1310/? D/asd_pop: pop_recognition AudioAudio stream find POP[stream = 3 ; device = 2 ; ratio = 0.590353 ; wavelet_buf_qsum = 1570822456.556875]
2021-05-27 11:59:32.679 736-1310/? D/asd_pop: pop_recognition AudioAudio stream find POP[stream = 3 ; device = 2 ; ratio = 0.596224 ; wavelet_buf_qsum = 1564939530.071630]
2021-05-27 11:59:32.679 758-1578/? I/stereoWidening_frame: SwsParamsSetFloat volumeDb = -50.999889
2021-05-27 11:59:32.698 736-1310/? D/asd_pop: pop_recognition AudioAudio stream find POP[stream = 3 ; device = 2 ; ratio = 0.581180 ; wavelet_buf_qsum = 1542417267.790318]
2021-05-27 11:59:32.698 736-1310/? D/asd_pop: pop_recognition AudioAudio stream find POP[stream = 3 ; device = 2 ; ratio = 0.594276 ; wavelet_buf_qsum = 1552147851.009051]
2021-05-27 11:59:32.698 736-1310/? D/asd_pop: pop_recognition AudioAudio stream find POP[stream = 3 ; device = 2 ; ratio = 0.582261 ; wavelet_buf_qsum = 1589066648.881212]
2021-05-27 11:59:32.698 736-1310/? D/asd_pop: pop_recognition AudioAudio stream find POP[stream = 3 ; device = 2 ; ratio = 0.601671 ; wavelet_buf_qsum = 1572079662.870570]
2021-05-27 11:59:32.698 736-1310/? D/asd_pop: pop_recognition AudioAudio stream find POP[stream = 3 ; device = 2 ; ratio = 0.598612 ; wavelet_buf_qsum = 1566989674.421523]
2021-05-27 11:59:32.698 758-1578/? I/stereoWidening_frame: SwsParamsSetFloat volumeDb = -50.999889
2021-05-27 11:59:32.699 736-1310/? D/asd_pop: pop_recognition AudioAudio stream find POP[stream = 3 ; device = 2 ; ratio = 0.587909 ; wavelet_buf_qsum = 1550945310.426951]
2021-05-27 11:59:32.717 1072-1146/? E/bastetd: [ProxySocket    ] NotifySocketErrState# No record found by comm prop, state=196619
2021-05-27 11:59:32.718 736-1310/? D/asd_pop: pop_recognition AudioAudio stream find POP[stream = 3 ; device = 2 ; ratio = 0.616100 ; wavelet_buf_qsum = 1612885364.552236]
2021-05-27 11:59:32.718 736-1310/? D/asd_pop: pop_recognition AudioAudio stream find POP[stream = 3 ; device = 2 ; ratio = 0.606565 ; wavelet_buf_qsum = 1603387496.246915]
2021-05-27 11:59:32.718 736-1310/? D/asd_pop: pop_recognition AudioAudio stream find POP[stream = 3 ; device = 2 ; ratio = 0.578328 ; wavelet_buf_qsum = 1536814366.392873]
2021-05-27 11:59:32.719 736-1310/? D/asd_pop: pop_recognition AudioAudio stream find POP[stream = 3 ; device = 2 ; ratio = 0.594251 ; wavelet_buf_qsum = 1560517606.459979]
2021-05-27 11:59:32.719 736-1310/? D/asd_pop: pop_recognition AudioAudio stream find POP[stream = 3 ; device = 2 ; ratio = 0.588301 ; wavelet_buf_qsum = 1594452899.612054]
2021-05-27 11:59:32.719 758-1578/? I/stereoWidening_frame: SwsParamsSetFloat volumeDb = -50.999889
2021-05-27 11:59:32.719 736-1310/? D/asd_pop: pop_recognition AudioAudio stream find POP[stream = 3 ; device = 2 ; ratio = 0.598730 ; wavelet_buf_qsum = 1566679231.803101]
2021-05-27 11:59:32.719 736-1310/? D/asd_pop: pop_recognition AudioAudio stream find POP[stream = 3 ; device = 2 ; ratio = 0.612714 ; wavelet_buf_qsum = 1608654903.700263]
2021-05-27 11:59:32.738 736-1310/? D/asd_pop: pop_recognition AudioAudio stream find POP[stream = 3 ; device = 2 ; ratio = 0.609369 ; wavelet_buf_qsum = 1591218193.505614]
2021-05-27 11:59:32.738 736-1310/? D/asd_pop: pop_recognition AudioAudio stream find POP[stream = 3 ; device = 2 ; ratio = 0.585920 ; wavelet_buf_qsum = 1574283633.934064]
2021-05-27 11:59:32.738 736-1310/? D/asd_pop: pop_recognition AudioAudio stream find POP[stream = 3 ; device = 2 ; ratio = 0.607411 ; wavelet_buf_qsum = 1588038384.688945]
2021-05-27 11:59:32.739 736-1310/? D/asd_pop: pop_recognition AudioAudio stream find POP[stream = 3 ; device = 2 ; ratio = 0.596425 ; wavelet_buf_qsum = 1577549596.407046]
2021-05-27 11:59:32.739 736-1310/? D/asd_pop: pop_recognition AudioAudio stream find POP[stream = 3 ; device = 2 ; ratio = 0.592125 ; wavelet_buf_qsum = 1539903110.484066]
2021-05-27 11:59:32.739 736-1310/? D/asd_pop: pop_recognition AudioAudio stream find POP[stream = 3 ; device = 2 ; ratio = 0.596463 ; wavelet_buf_qsum = 1595482848.659929]
2021-05-27 11:59:32.739 736-1310/? D/asd_pop: pop_recognition AudioAudio stream find POP[stream = 3 ; device = 2 ; ratio = 0.603882 ; wavelet_buf_qsum = 1548566268.017583]
2021-05-27 11:59:32.739 758-1578/? I/stereoWidening_frame: SwsParamsSetFloat volumeDb = -50.999889
2021-05-27 11:59:32.743 758-1578/? I/asd_out_fwk: L = -91.430145db, R = -91.430145db, Device = 0x2, TimeStampKernel = 587085120, TimeStampServer = 587087040
2021-05-27 11:59:32.758 736-1310/? D/asd_pop: pop_recognition AudioAudio stream find POP[stream = 3 ; device = 2 ; ratio = 0.583333 ; wavelet_buf_qsum = 1554723553.778639]
2021-05-27 11:59:32.758 736-1310/? D/asd_pop: pop_recognition AudioAudio stream find POP[stream = 3 ; device = 2 ; ratio = 0.595361 ; wavelet_buf_qsum = 1557608642.068994]
2021-05-27 11:59:32.758 736-1310/? D/asd_pop: pop_recognition AudioAudio stream find POP[stream = 3 ; device = 2 ; ratio = 0.594188 ; wavelet_buf_qsum = 1573831017.393200]
2021-05-27 11:59:32.758 736-1310/? D/asd_pop: pop_recognition AudioAudio stream find POP[stream = 3 ; device = 2 ; ratio = 0.590152 ; wavelet_buf_qsum = 1576194700.726081]
2021-05-27 11:59:32.759 758-1578/? I/stereoWidening_frame: SwsParamsSetFloat volumeDb = -50.999889
2021-05-27 11:59:32.778 736-1310/? D/asd_pop: pop_recognition AudioAudio stream find POP[stream = 3 ; device = 2 ; ratio = 0.615509 ; wavelet_buf_qsum = 1580089490.317338]
2021-05-27 11:59:32.778 736-1310/? D/asd_pop: pop_recognition AudioAudio stream find POP[stream = 3 ; device = 2 ; ratio = 0.601795 ; wavelet_buf_qsum = 1566969485.861848]
2021-05-27 11:59:32.778 736-1310/? D/asd_pop: pop_recognition AudioAudio stream find POP[stream = 3 ; device = 2 ; ratio = 0.600726 ; wavelet_buf_qsum = 1561473513.582940]
2021-05-27 11:59:32.778 736-1310/? D/asd_pop: pop_recognition AudioAudio stream find POP[stream = 3 ; device = 2 ; ratio = 0.608824 ; wavelet_buf_qsum = 1570046195.077455]
2021-05-27 11:59:32.779 736-1310/? D/asd_pop: pop_recognition AudioAudio stream find POP[stream = 3 ; device = 2 ; ratio = 0.605403 ; wavelet_buf_qsum = 1606464012.449075]
2021-05-27 11:59:32.779 758-1578/? I/stereoWidening_frame: SwsParamsSetFloat volumeDb = -50.999889
2021-05-27 11:59:32.798 736-1310/? D/asd_pop: pop_recognition AudioAudio stream find POP[stream = 3 ; device = 2 ; ratio = 0.600570 ; wavelet_buf_qsum = 1606127479.783536]
2021-05-27 11:59:32.798 736-1310/? D/asd_pop: pop_recognition AudioAudio stream find POP[stream = 3 ; device = 2 ; ratio = 0.610229 ; wavelet_buf_qsum = 1575941320.089124]
2021-05-27 11:59:32.798 736-1310/? D/asd_pop: pop_recognition AudioAudio stream find POP[stream = 3 ; device = 2 ; ratio = 0.602493 ; wavelet_buf_qsum = 1601002345.547372]
2021-05-27 11:59:32.799 758-1578/? I/stereoWidening_frame: SwsParamsSetFloat volumeDb = -50.999889
2021-05-27 11:59:32.800 1229-1229/? I/HwLBSService.SensorManager: onSensorChanged, mLightListeners size: 1
2021-05-27 11:59:32.818 736-1310/? D/asd_pop: pop_recognition AudioAudio stream find POP[stream = 3 ; device = 2 ; ratio = 0.605058 ; wavelet_buf_qsum = 1576316058.518304]
2021-05-27 11:59:32.818 736-1310/? D/asd_pop: pop_recognition AudioAudio stream find POP[stream = 3 ; device = 2 ; ratio = 0.601751 ; wavelet_buf_qsum = 1598144932.504871]
2021-05-27 11:59:32.818 736-1310/? D/asd_pop: pop_recognition AudioAudio stream find POP[stream = 3 ; device = 2 ; ratio = 0.595860 ; wavelet_buf_qsum = 1569412695.393080]
2021-05-27 11:59:32.818 758-1578/? I/stereoWidening_frame: SwsParamsSetFloat volumeDb = -50.999889
2021-05-27 11:59:32.838 758-1578/? I/stereoWidening_frame: SwsParamsSetFloat volumeDb = -50.999889
2021-05-27 11:59:32.838 736-1310/? D/asd_pop: pop_recognition AudioAudio stream find POP[stream = 3 ; device = 2 ; ratio = 0.604358 ; wavelet_buf_qsum = 1591251226.052313]
2021-05-27 11:59:32.839 736-1310/? D/asd_pop: pop_recognition AudioAudio stream find POP[stream = 3 ; device = 2 ; ratio = 0.605383 ; wavelet_buf_qsum = 1593359769.894627]
2021-05-27 11:59:32.839 736-1310/? D/asd_pop: pop_recognition AudioAudio stream find POP[stream = 3 ; device = 2 ; ratio = 0.597179 ; wavelet_buf_qsum = 1606818739.415915]
2021-05-27 11:59:32.839 736-1310/? D/asd_pop: pop_recognition AudioAudio stream find POP[stream = 3 ; device = 2 ; ratio = 0.595634 ; wavelet_buf_qsum = 1570008278.381168]
2021-05-27 11:59:32.839 736-1310/? D/asd_pop: pop_recognition AudioAudio stream find POP[stream = 3 ; device = 2 ; ratio = 0.599219 ; wavelet_buf_qsum = 1583323264.206339]
2021-05-27 11:59:32.839 736-1310/? D/asd_pop: pop_recognition AudioAudio stream find POP[stream = 3 ; device = 2 ; ratio = 0.594704 ; wavelet_buf_qsum = 1572464356.191153]
2021-05-27 11:59:32.839 736-1310/? D/asd_pop: pop_recognition AudioAudio stream find POP[stream = 3 ; device = 2 ; ratio = 0.601849 ; wavelet_buf_qsum = 1589532969.312777]
2021-05-27 11:59:32.839 736-1310/? D/asd_pop: pop_recognition AudioAudio stream find POP[stream = 3 ; device = 2 ; ratio = 0.602919 ; wavelet_buf_qsum = 1581908322.614729]
2021-05-27 11:59:32.839 736-1310/? D/asd_pop: pop_recognition AudioAudio stream find POP[stream = 3 ; device = 2 ; ratio = 0.600929 ; wavelet_buf_qsum = 1578818357.813129]
2021-05-27 11:59:32.840 736-1310/? D/asd_pop: pop_recognition AudioAudio stream find POP[stream = 3 ; device = 2 ; ratio = 0.595024 ; wavelet_buf_qsum = 1563291065.970329]
2021-05-27 11:59:32.840 736-1310/? D/asd_pop: pop_recognition AudioAudio stream find POP[stream = 3 ; device = 2 ; ratio = 0.598564 ; wavelet_buf_qsum = 1601802647.417082]
2021-05-27 11:59:32.840 736-1310/? D/asd_pop: pop_recognition AudioAudio stream find POP[stream = 3 ; device = 2 ; ratio = 0.611510 ; wavelet_buf_qsum = 1585646176.308826]
2021-05-27 11:59:32.858 736-1310/? D/asd_pop: pop_recognition AudioAudio stream find POP[stream = 3 ; device = 2 ; ratio = 0.600056 ; wavelet_buf_qsum = 1576311365.857379]
2021-05-27 11:59:32.858 736-1310/? D/asd_pop: pop_recognition AudioAudio stream find POP[stream = 3 ; device = 2 ; ratio = 0.606037 ; wavelet_buf_qsum = 1591640360.368275]
2021-05-27 11:59:32.858 736-1310/? D/asd_pop: pop_recognition AudioAudio stream find POP[stream = 3 ; device = 2 ; ratio = 0.602321 ; wavelet_buf_qsum = 1583480736.957074]
2021-05-27 11:59:32.858 736-1310/? D/asd_pop: pop_recognition AudioAudio stream find POP[stream = 3 ; device = 2 ; ratio = 0.603451 ; wavelet_buf_qsum = 1575724419.493882]
2021-05-27 11:59:32.858 758-1578/? I/stereoWidening_frame: SwsParamsSetFloat volumeDb = -50.999889
2021-05-27 11:59:32.878 758-1578/? I/stereoWidening_frame: SwsParamsSetFloat volumeDb = -50.999889
2021-05-27 11:59:32.898 758-1578/? I/stereoWidening_frame: SwsParamsSetFloat volumeDb = -50.999889
2021-05-27 11:59:32.919 758-1578/? I/stereoWidening_frame: SwsParamsSetFloat volumeDb = -50.999889
2021-05-27 11:59:32.938 758-1578/? I/AudioFlinger: pid(2524):mVol=1.000000, tVol=0.002818, pVol=1.000000, sVol=1.000000, scale=0.700000, output=13, mDevice=0x2, mStreamType=3
2021-05-27 11:59:32.939 758-1578/? I/stereoWidening_frame: SwsParamsSetFloat volumeDb = -50.999889
2021-05-27 11:59:32.941 758-1578/? I/asd_out_fwk: L = -69.728302db, R = -69.728302db, Device = 0x2, TimeStampKernel = 587094720, TimeStampServer = 587096640
2021-05-27 11:59:32.958 758-1578/? I/stereoWidening_frame: SwsParamsSetFloat volumeDb = -50.999889
2021-05-27 11:59:32.978 758-1578/? I/stereoWidening_frame: SwsParamsSetFloat volumeDb = -50.999889
2021-05-27 11:59:32.998 758-1578/? I/stereoWidening_frame: SwsParamsSetFloat volumeDb = -50.999889
2021-05-27 11:59:33.018 758-1578/? I/stereoWidening_frame: SwsParamsSetFloat volumeDb = -50.999889
2021-05-27 11:59:33.039 758-1578/? I/stereoWidening_frame: SwsParamsSetFloat volumeDb = -50.999889
2021-05-27 11:59:33.059 758-1578/? I/stereoWidening_frame: SwsParamsSetFloat volumeDb = -50.999889
2021-05-27 11:59:33.079 758-1578/? I/stereoWidening_frame: SwsParamsSetFloat volumeDb = -50.999889
2021-05-27 11:59:33.098 758-1578/? I/stereoWidening_frame: SwsParamsSetFloat volumeDb = -50.999889
2021-05-27 11:59:33.119 758-1578/? I/stereoWidening_frame: SwsParamsSetFloat volumeDb = -50.999889
2021-05-27 11:59:33.127 2518-5140/? D/LteRecoveryEngine: UnRecoverState processMessage UPDATE_PS_SLOW_VALUE
2021-05-27 11:59:33.139 758-1578/? I/stereoWidening_frame: SwsParamsSetFloat volumeDb = -50.999889
2021-05-27 11:59:33.142 758-1578/? I/asd_out_fwk: L = -77.934967db, R = -77.934967db, Device = 0x2, TimeStampKernel = 587104320, TimeStampServer = 587106240
2021-05-27 11:59:33.150 1229-1229/? I/HwLBSService.SensorManager: onSensorChanged, mLightListeners size: 1
2021-05-27 11:59:33.159 758-1578/? I/stereoWidening_frame: SwsParamsSetFloat volumeDb = -50.999889
2021-05-27 11:59:33.179 758-1578/? I/stereoWidening_frame: SwsParamsSetFloat volumeDb = -50.999889
2021-05-27 11:59:33.198 758-1578/? I/stereoWidening_frame: SwsParamsSetFloat volumeDb = -50.999889
2021-05-27 11:59:33.219 758-1578/? I/stereoWidening_frame: SwsParamsSetFloat volumeDb = -50.999889
2021-05-27 11:59:33.219 736-1310/? D/asd_pop: pop_recognition AudioAudio stream find POP[stream = 3 ; device = 2 ; ratio = 0.585778 ; wavelet_buf_qsum = 1556587383.572750]
2021-05-27 11:59:33.219 736-1310/? D/asd_pop: pop_recognition AudioAudio stream find POP[stream = 3 ; device = 2 ; ratio = 0.559655 ; wavelet_buf_qsum = 1565873717.271465]
2021-05-27 11:59:33.219 736-1310/? D/asd_pop: pop_recognition AudioAudio stream find POP[stream = 3 ; device = 2 ; ratio = 0.558449 ; wavelet_buf_qsum = 1587859171.708107]
2021-05-27 11:59:33.233 2110-2110/? E/bms_file: file  is invalid
2021-05-27 11:59:33.238 736-1310/? D/asd_pop: pop_recognition AudioAudio stream find POP[stream = 3 ; device = 2 ; ratio = 0.564055 ; wavelet_buf_qsum = 1548760378.478158]
2021-05-27 11:59:33.238 736-1310/? D/asd_pop: pop_recognition AudioAudio stream find POP[stream = 3 ; device = 2 ; ratio = 0.551363 ; wavelet_buf_qsum = 1575723062.934584]
2021-05-27 11:59:33.238 736-1310/? D/asd_pop: pop_recognition AudioAudio stream find POP[stream = 3 ; device = 2 ; ratio = 0.565363 ; wavelet_buf_qsum = 1558574619.101181]
2021-05-27 11:59:33.238 736-1310/? D/asd_pop: pop_recognition AudioAudio stream find POP[stream = 3 ; device = 2 ; ratio = 0.537346 ; wavelet_buf_qsum = 1588866049.505018]
2021-05-27 11:59:33.238 736-1310/? D/asd_pop: pop_recognition AudioAudio stream find POP[stream = 3 ; device = 2 ; ratio = 0.567813 ; wavelet_buf_qsum = 1538495745.775256]
2021-05-27 11:59:33.239 758-1578/? I/stereoWidening_frame: SwsParamsSetFloat volumeDb = -50.999889
2021-05-27 11:59:33.258 736-1310/? D/asd_pop: pop_recognition AudioAudio stream find POP[stream = 3 ; device = 2 ; ratio = 0.544325 ; wavelet_buf_qsum = 1563470079.835889]
2021-05-27 11:59:33.258 736-1310/? D/asd_pop: pop_recognition AudioAudio stream find POP[stream = 3 ; device = 2 ; ratio = 0.580899 ; wavelet_buf_qsum = 1512106265.537919]
2021-05-27 11:59:33.258 736-1310/? D/asd_pop: pop_recognition AudioAudio stream find POP[stream = 3 ; device = 2 ; ratio = 0.552948 ; wavelet_buf_qsum = 1566201505.648711]
2021-05-27 11:59:33.259 736-1310/? D/asd_pop: pop_recognition AudioAudio stream find POP[stream = 3 ; device = 2 ; ratio = 0.586922 ; wavelet_buf_qsum = 1545215389.677329]
2021-05-27 11:59:33.259 758-1578/? I/stereoWidening_frame: SwsParamsSetFloat volumeDb = -50.999889
2021-05-27 11:59:33.259 736-1310/? D/asd_pop: pop_recognition AudioAudio stream find POP[stream = 3 ; device = 2 ; ratio = 0.575737 ; wavelet_buf_qsum = 1561875813.770379]
2021-05-27 11:59:33.259 736-1310/? D/asd_pop: pop_recognition AudioAudio stream find POP[stream = 3 ; device = 2 ; ratio = 0.574477 ; wavelet_buf_qsum = 1617870993.083015]
2021-05-27 11:59:33.259 736-1310/? D/asd_pop: pop_recognition AudioAudio stream find POP[stream = 3 ; device = 2 ; ratio = 0.534274 ; wavelet_buf_qsum = 1624724804.090191]
2021-05-27 11:59:33.259 736-1310/? D/asd_pop: pop_recognition AudioAudio stream find POP[stream = 3 ; device = 2 ; ratio = 0.498993 ; wavelet_buf_qsum = 1543466982.550019]
2021-05-27 11:59:33.259 736-1310/? D/asd_pop: pop_recognition AudioAudio stream find POP[stream = 3 ; device = 2 ; ratio = 0.562466 ; wavelet_buf_qsum = 1473464727.067959]
2021-05-27 11:59:33.278 758-1578/? I/stereoWidening_frame: SwsParamsSetFloat volumeDb = -50.999889
2021-05-27 11:59:33.298 758-1578/? I/stereoWidening_frame: SwsParamsSetFloat volumeDb = -50.999889
2021-05-27 11:59:33.318 758-1578/? I/stereoWidening_frame: SwsParamsSetFloat volumeDb = -50.999889
2021-05-27 11:59:33.339 758-1578/? I/stereoWidening_frame: SwsParamsSetFloat volumeDb = -50.999889
2021-05-27 11:59:33.342 758-1578/? I/asd_out_fwk: L = -65.288788db, R = -65.288788db, Device = 0x2, TimeStampKernel = 587113920, TimeStampServer = 587115840
2021-05-27 11:59:33.358 758-1578/? I/stereoWidening_frame: SwsParamsSetFloat volumeDb = -50.999889
2021-05-27 11:59:33.359 758-1578/? D/stereoWidening_frame: SwsOutProcPlaySamples enableCount is 250 countchans is 2, samples:960, format:5
2021-05-27 11:59:33.374 746-746/? I/GameScheduler: AddVipThread tid: 4343 supportVip: 1
2021-05-27 11:59:33.374 746-746/? I/GameScheduler: SetVipNode tid 4343, prio 4
2021-05-27 11:59:33.374 746-746/? I/GameScheduler: SetRtgTaskGroup tid = 4343, grpupId = 4
2021-05-27 11:59:33.374 746-746/? I/GameScheduler: Period changed from 0 to 16666
2021-05-27 11:59:33.375 746-746/? I/GameScheduler: SetRtgEdParams, enable = 1
2021-05-27 11:59:33.378 758-1578/? I/stereoWidening_frame: SwsParamsSetFloat volumeDb = -50.999889
2021-05-27 11:59:33.398 758-1578/? I/stereoWidening_frame: SwsParamsSetFloat volumeDb = -50.999889
2021-05-27 11:59:33.418 758-1578/? I/stereoWidening_frame: SwsParamsSetFloat volumeDb = -50.999889
2021-05-27 11:59:33.438 758-1578/? I/stereoWidening_frame: SwsParamsSetFloat volumeDb = -50.999889
2021-05-27 11:59:33.458 758-1578/? I/stereoWidening_frame: SwsParamsSetFloat volumeDb = -50.999889
2021-05-27 11:59:33.478 758-1578/? I/stereoWidening_frame: SwsParamsSetFloat volumeDb = -50.999889
2021-05-27 11:59:33.498 758-1578/? I/stereoWidening_frame: SwsParamsSetFloat volumeDb = -50.999889
2021-05-27 11:59:33.500 1229-1229/? I/HwLBSService.SensorManager: onSensorChanged, mLightListeners size: 1
2021-05-27 11:59:33.518 758-1578/? I/stereoWidening_frame: SwsParamsSetFloat volumeDb = -50.999889
2021-05-27 11:59:33.518 736-1310/? I/asd: asd_dmd_report: write detailed info is dsm_audio_info,921001056,pkg_name = [com.unicostudio.whois.huawei], stream = 3, device = 2, buf_pop_num = 33 
2021-05-27 11:59:33.539 758-1578/? I/stereoWidening_frame: SwsParamsSetFloat volumeDb = -50.999889
2021-05-27 11:59:33.541 758-1578/? I/asd_out_fwk: L = -71.403168db, R = -71.403168db, Device = 0x2, TimeStampKernel = 587123520, TimeStampServer = 587125440
2021-05-27 11:59:33.558 758-1578/? I/stereoWidening_frame: SwsParamsSetFloat volumeDb = -50.999889
2021-05-27 11:59:33.578 758-1578/? I/stereoWidening_frame: SwsParamsSetFloat volumeDb = -50.999889
2021-05-27 11:59:33.580 736-1573/? I/smartpakit: smartpa_algo_control: enter, cmd = 26
2021-05-27 11:59:33.580 736-1573/? I/spk_dev_interface: soc_adsp_send_sync_cmd: enter, in_size 0x2c, out_size 0x0
2021-05-27 11:59:33.598 758-1578/? I/stereoWidening_frame: SwsParamsSetFloat volumeDb = -50.999889
2021-05-27 11:59:33.615 2518-3068/? I/OllieMsgCenter: publishEvt what:2135162884
2021-05-27 11:59:33.618 758-1578/? I/stereoWidening_frame: SwsParamsSetFloat volumeDb = -50.999889
2021-05-27 11:59:33.638 758-1578/? I/stereoWidening_frame: SwsParamsSetFloat volumeDb = -50.999889
2021-05-27 11:59:33.658 736-1310/? D/asd_pop: pop_recognition AudioAudio stream find POP[stream = 3 ; device = 2 ; ratio = 0.566831 ; wavelet_buf_qsum = 1514595228.133985]
2021-05-27 11:59:33.658 758-1578/? I/stereoWidening_frame: SwsParamsSetFloat volumeDb = -50.999889
2021-05-27 11:59:33.674 2518-5113/? I/Booster_Qoe: AdaBoostPredict rlt,index:6,NisPsSlow:0,NProba:314,rsrp(rssi):-34,rsrq(noise):-75,rtt(chload):735,buffhigh(uldelay):0,buffcomm(rtt):0
2021-05-27 11:59:33.674 2518-5113/? I/Booster_Qoe: AdaBoostPredict rlt,index:2,NisPsSlow:0,NProba:314,rsrp(rssi):-34,rsrq(noise):-75,rtt(chload):735,buffhigh(uldelay):0,buffcomm(rtt):61
2021-05-27 11:59:33.674 2518-3068/? I/ChannelQoeData: dumpChannelData: ModelBaseInfo:0,10628,0,0,-1,-1,-1,-1,-1,1048576,-1,-1,-1,-1,-1,1048576,0,0,1,0,1,0,0 DnsInfo:0,0,0 WifiId:0 WifiInfo:2,1,245,906,1444,1300,4,10,0,2,-34,-75,50,735,0 AppUid:1051 ChannelId:2 TcpData:0,0,0,0,0,0,0,0,0,0,0,0,0,0,0,0,0 AppUid:999 ChannelId:2 TcpData:0,0,0,0,0,0,0,0,0,0,0,0,0,0,0,0,0 AppUid:0 ChannelId:2 TcpData:0,0,0,0,0,0,0,0,0,0,0,0,0,0,0,0,0 AppUid:10628 ChannelId:2 TcpData:0,0,0,0,0,0,0,0,0,0,0,0,0,0,0,0,0
2021-05-27 11:59:33.674 2518-5113/? I/Collector: HandleRawWifiInfo: flag:0, netId:0!
2021-05-27 11:59:33.675 2518-3068/? I/OllieMsgCenter: publishEvt what:2135031809
2021-05-27 11:59:33.675 2518-3068/? I/NetworkQoeMonitor: networkQoeChanged:10628,4,0,314,1,2,4,0,314,144400,130000,10,10,0,7,1,0,0,2,1048576,1048576,-34
2021-05-27 11:59:33.676 2518-3642/? I/Hicom_Monitor: handleNetworkQoeReport. rtt: 0, maxRatioChannelId: 2
2021-05-27 11:59:33.676 2518-3642/? I/Hicom_Monitor: handleNetworkQoeReport. qoeString: 10628,4,0,314,1,2,4,0,314,144400,130000,10,10,0,7,1,0
2021-05-27 11:59:33.676 2518-3642/? I/Utils: multipathPolicy is null
2021-05-27 11:59:33.676 1581-2374/? I/HwWifiProServiceProxy: ctrlHwWifiNetwork pkgName: WIFIPRO_SERVICE interfaceId: 9
2021-05-27 11:59:33.676 1581-2374/? I/WiFi_PRO_WifiProStateMachine: isWifi2WifiProcess = false, mIsNeedIgnoreQoeUpdate = false, mIsAppInBlacklist = false, mIsAppInBlacklistFullScreen = false, mIsWiFiNoInternet false, screen on = true, full screen = true, isLandscapeMode = false, mNotifyWifiLinkPoorReason = -1
2021-05-27 11:59:33.676 1581-2374/? I/WiFi_PRO_WifiProStateMachine: APP_SERVICE_QOE_NOTIFY Qoe info 10628,4,0,314,1,2,4,0,314,144400,130000,10,10,0,7,1,0 CID 2 mMasterWifiRssi -34 mMasterCardAmbr 1048576 mSlaveCardAmbr 1048576
2021-05-27 11:59:33.677 1581-2374/? I/WiFi_PRO_WifiProStateMachine: mChannelQoeBadCnt = 0, mAppQoeBadCnt = 0, mNetworkSlowReason = 0, mNetworkSlowChannelBadCnt = 0
2021-05-27 11:59:33.679 758-1578/? I/stereoWidening_frame: SwsParamsSetFloat volumeDb = -50.999889
2021-05-27 11:59:33.698 758-1578/? I/stereoWidening_frame: SwsParamsSetFloat volumeDb = -50.999889
2021-05-27 11:59:33.718 758-1578/? I/stereoWidening_frame: SwsParamsSetFloat volumeDb = -50.999889
2021-05-27 11:59:33.738 736-1310/? D/asd_pop: pop_recognition AudioAudio stream find POP[stream = 3 ; device = 2 ; ratio = 0.547114 ; wavelet_buf_qsum = 1587947783.629673]
2021-05-27 11:59:33.738 758-1578/? I/stereoWidening_frame: SwsParamsSetFloat volumeDb = -50.999889
2021-05-27 11:59:33.740 758-1578/? I/asd_out_fwk: L = -77.967682db, R = -77.967682db, Device = 0x2, TimeStampKernel = 587133120, TimeStampServer = 587135040
2021-05-27 11:59:33.758 758-1578/? I/stereoWidening_frame: SwsParamsSetFloat volumeDb = -50.999889
2021-05-27 11:59:33.765 1581-2280/? I/WificondControl: Noise: -75, Snr: 127, Chload: 735, rssi: -32, txBitrate: 144, rxBitrate: 130, frequency: 2462, UlDelay: 0, currentTxBytes: 23098329, currentTxPackets: 235941, currentTxFailed: 1, currentRxBytes: 739558650, currentRxPackets: 658262
2021-05-27 11:59:33.767 1581-2279/? I/WiFi_PRO: MSG_RETURN_AP_CURRY_RSSI rssi = -32
2021-05-27 11:59:33.767 1581-2386/? I/HuaweiWifiWatchdogStateMachine: POta txb txg rxg:0, 27, 0. Lr =0% Totpkt=27
2021-05-27 11:59:33.767 1581-2279/? I/QosMonitor: queryRtt: rttType = 3
2021-05-27 11:59:33.767 1581-2395/? I/HwDualBandManager: handle2gApStrongWifiRssiChange
2021-05-27 11:59:33.767 1581-2279/? I/HwWifiProServiceProxy: ctrlHwWifiNetwork pkgName: WIFIPRO_SERVICE interfaceId: 8
2021-05-27 11:59:33.768 1581-2279/? I/QosMonitor: postEventFromNative: msg=100,arg1=4,arg2=10
2021-05-27 11:59:33.768 1581-2279/? I/HwWifiProServiceProxy: ctrlHwWifiNetwork pkgName: WIFIPRO_SERVICE interfaceId: 8
2021-05-27 11:59:33.768 1581-2279/? I/QosMonitor: postEventFromNative: msg=100,arg1=0,arg2=10
2021-05-27 11:59:33.768 1581-2279/? I/MQoS: rtt=1608,tcpTxPkts=161513,tcpRxPkts=457647
2021-05-27 11:59:33.768 1581-2279/? I/QosMonitor: resetRtt: rttType = 3
2021-05-27 11:59:33.768 1581-2279/? I/HwWifiProServiceProxy: ctrlHwWifiNetwork pkgName: WIFIPRO_SERVICE interfaceId: 8
2021-05-27 11:59:33.675 2518-3068/? D/NpdcpAliveManager: ro.odm.npdcp_alive_cfg_enable is false
2021-05-27 11:59:33.769 1581-8298/? D/HwConnectivityServiceEx: set 1000 wlan0 value false
2021-05-27 11:59:33.769 1581-2386/? I/HuaweiWifiWatchdogStateMachine: PTcp RTT:1608, rtt pkt=8, tcp_rx=8, tcp_tx=19, tcp_reTran=2, rtRate=0.11
2021-05-27 11:59:33.770 1581-2386/? I/HuaweiWifiWatchdogStateMachine: judge good link######, goodLinkLevel=3
2021-05-27 11:59:33.770 1581-2386/? D/HuaweiWifiWatchdogStateMachine: nothing to do.
2021-05-27 11:59:33.770 1581-2386/? I/HuaweiWifiWatchdogStateMachine: sendResultMsgToQM bssid:f8:35:**:**:66:64, qoslevel=3
2021-05-27 11:59:33.770 1581-2386/? I/HuaweiWifiWatchdogStateMachine: link good reported, good base rssi:-67
2021-05-27 11:59:33.770 1581-2386/? I/HuaweiWifiWatchdogStateMachine: start computeQosLevel tcpRtt = 1608 ,rssi = -32 ,mBestSpeedInPeriod = 2175
2021-05-27 11:59:33.770 1581-2386/? I/HuaweiWifiWatchdogStateMachine: smoothConsecutiveQosResults, currentQosLevel = 2
2021-05-27 11:59:33.770 1581-2395/? W/HwDualBandManager: actualScan5gChannelList not exist
2021-05-27 11:59:33.770 1581-2279/? I/WiFi_PRO_WifiProStateMachine: onNetworkQosChange, currentWifiLevel == 3, wifiNoInternet = false, updateUiOnly = true
2021-05-27 11:59:33.770 1581-2374/? I/WiFi_PRO_WifiProStateMachine: isSwitching = false, isDialogDisplayed = false, isAllowWiFiHandoverMobile = true, level = 3
2021-05-27 11:59:33.774 1581-8298/? I/MQoS: QOS_level:0(0),wifi-link;SIM error;use level-0
2021-05-27 11:59:33.778 758-1578/? I/stereoWidening_frame: SwsParamsSetFloat volumeDb = -50.999889
2021-05-27 11:59:33.785 746-746/? I/AISched common: GetSdkMessage {"agpFPS":"60"}
2021-05-27 11:59:33.785 746-746/? I/AISched common: [SDK message] code(1), Get message: {"agpFPS":"60"}
2021-05-27 11:59:33.785 746-746/? I/AISched AISched: processSdkInfo: 5
2021-05-27 11:59:33.785 746-746/? I/AISched AISched: Cur agpMsgCounter is 100, reset the counter
2021-05-27 11:59:33.798 736-1310/? D/asd_pop: pop_recognition AudioAudio stream find POP[stream = 3 ; device = 2 ; ratio = 0.597294 ; wavelet_buf_qsum = 1539544865.971946]
2021-05-27 11:59:33.798 736-1310/? D/asd_pop: pop_recognition AudioAudio stream find POP[stream = 3 ; device = 2 ; ratio = 0.593865 ; wavelet_buf_qsum = 1627849853.934705]
2021-05-27 11:59:33.798 758-1578/? I/stereoWidening_frame: SwsParamsSetFloat volumeDb = -50.999889
2021-05-27 11:59:33.818 736-1310/? D/asd_pop: pop_recognition AudioAudio stream find POP[stream = 3 ; device = 2 ; ratio = 0.484208 ; wavelet_buf_qsum = 1670279984.129235]
2021-05-27 11:59:33.818 758-1578/? I/stereoWidening_frame: SwsParamsSetFloat volumeDb = -50.999889
2021-05-27 11:59:33.838 758-1578/? I/stereoWidening_frame: SwsParamsSetFloat volumeDb = -50.999889
2021-05-27 11:59:33.850 1229-1229/? I/HwLBSService.SensorManager: onSensorChanged, mLightListeners size: 1
2021-05-27 11:59:33.858 736-1310/? D/asd_pop: pop_recognition AudioAudio stream find POP[stream = 3 ; device = 2 ; ratio = 0.594239 ; wavelet_buf_qsum = 1608582050.116624]
2021-05-27 11:59:33.858 736-1310/? D/asd_pop: pop_recognition AudioAudio stream find POP[stream = 3 ; device = 2 ; ratio = 0.539019 ; wavelet_buf_qsum = 1523932735.846998]
2021-05-27 11:59:33.858 736-1310/? D/asd_pop: pop_recognition AudioAudio stream find POP[stream = 3 ; device = 2 ; ratio = 0.578214 ; wavelet_buf_qsum = 1523934407.888252]
2021-05-27 11:59:33.858 736-1310/? D/asd_pop: pop_recognition AudioAudio stream find POP[stream = 3 ; device = 2 ; ratio = 0.580660 ; wavelet_buf_qsum = 1615434570.500172]
2021-05-27 11:59:33.858 758-1578/? I/stereoWidening_frame: SwsParamsSetFloat volumeDb = -50.999889
2021-05-27 11:59:33.878 736-1310/? D/asd_pop: pop_recognition AudioAudio stream find POP[stream = 3 ; device = 2 ; ratio = 0.569911 ; wavelet_buf_qsum = 1608536815.076747]
2021-05-27 11:59:33.878 736-1310/? D/asd_pop: pop_recognition AudioAudio stream find POP[stream = 3 ; device = 2 ; ratio = 0.578174 ; wavelet_buf_qsum = 1649613682.078410]
2021-05-27 11:59:33.878 758-1578/? I/stereoWidening_frame: SwsParamsSetFloat volumeDb = -50.999889
2021-05-27 11:59:33.878 736-1310/? D/asd_pop: pop_recognition AudioAudio stream find POP[stream = 3 ; device = 2 ; ratio = 0.572629 ; wavelet_buf_qsum = 1543656902.594805]
2021-05-27 11:59:33.898 736-1310/? D/asd_pop: pop_recognition AudioAudio stream find POP[stream = 3 ; device = 2 ; ratio = 0.552286 ; wavelet_buf_qsum = 1637016833.798413]
2021-05-27 11:59:33.898 736-1310/? D/asd_pop: pop_recognition AudioAudio stream find POP[stream = 3 ; device = 2 ; ratio = 0.569438 ; wavelet_buf_qsum = 1530546797.423338]
2021-05-27 11:59:33.898 758-1578/? I/stereoWidening_frame: SwsParamsSetFloat volumeDb = -50.999889
2021-05-27 11:59:33.918 758-1578/? I/stereoWidening_frame: SwsParamsSetFloat volumeDb = -50.999889
2021-05-27 11:59:33.933 1581-2279/? I/TrafficMonitor: update:rxPkts:23,txPkts:11,rxBytes:2141,txBytes:657
2021-05-27 11:59:33.934 1581-2279/? I/TrafficMonitor: gettimer:interval=2000
2021-05-27 11:59:33.938 758-1578/? I/AudioFlinger: pid(2524):mVol=1.000000, tVol=0.002818, pVol=1.000000, sVol=1.000000, scale=0.700000, output=13, mDevice=0x2, mStreamType=3
2021-05-27 11:59:33.938 758-1578/? I/stereoWidening_frame: SwsParamsSetFloat volumeDb = -50.999889
2021-05-27 11:59:33.940 758-1578/? I/asd_out_fwk: L = -84.921661db, R = -84.921661db, Device = 0x2, TimeStampKernel = 587142720, TimeStampServer = 587144640
2021-05-27 11:59:33.958 736-1310/? D/asd_pop: pop_recognition AudioAudio stream find POP[stream = 3 ; device = 2 ; ratio = 0.533983 ; wavelet_buf_qsum = 1574705211.339932]
2021-05-27 11:59:33.958 758-1578/? I/stereoWidening_frame: SwsParamsSetFloat volumeDb = -50.999889
2021-05-27 11:59:33.978 736-1310/? D/asd_pop: pop_recognition AudioAudio stream find POP[stream = 3 ; device = 2 ; ratio = 0.571731 ; wavelet_buf_qsum = 1542516731.917298]
2021-05-27 11:59:33.978 736-1310/? D/asd_pop: pop_recognition AudioAudio stream find POP[stream = 3 ; device = 2 ; ratio = 0.573748 ; wavelet_buf_qsum = 1606353668.609246]
2021-05-27 11:59:33.978 736-1310/? D/asd_pop: pop_recognition AudioAudio stream find POP[stream = 3 ; device = 2 ; ratio = 0.579386 ; wavelet_buf_qsum = 1596952285.652035]
2021-05-27 11:59:33.978 736-1310/? D/asd_pop: pop_recognition AudioAudio stream find POP[stream = 3 ; device = 2 ; ratio = 0.541628 ; wavelet_buf_qsum = 1604044579.058114]
2021-05-27 11:59:33.978 736-1310/? D/asd_pop: pop_recognition AudioAudio stream find POP[stream = 3 ; device = 2 ; ratio = 0.561437 ; wavelet_buf_qsum = 1565848659.469517]
2021-05-27 11:59:33.978 758-1578/? I/stereoWidening_frame: SwsParamsSetFloat volumeDb = -50.999889
2021-05-27 11:59:33.978 736-1310/? D/asd_pop: pop_recognition AudioAudio stream find POP[stream = 3 ; device = 2 ; ratio = 0.592592 ; wavelet_buf_qsum = 1604596838.996555]
2021-05-27 11:59:33.978 736-1310/? D/asd_pop: pop_recognition AudioAudio stream find POP[stream = 3 ; device = 2 ; ratio = 0.570322 ; wavelet_buf_qsum = 1540148973.670322]
2021-05-27 11:59:33.998 736-1310/? D/asd_pop: pop_recognition AudioAudio stream find POP[stream = 3 ; device = 2 ; ratio = 0.602230 ; wavelet_buf_qsum = 1536377843.813180]
2021-05-27 11:59:33.998 736-1310/? D/asd_pop: pop_recognition AudioAudio stream find POP[stream = 3 ; device = 2 ; ratio = 0.586033 ; wavelet_buf_qsum = 1516595312.083308]
2021-05-27 11:59:33.998 736-1310/? D/asd_pop: pop_recognition AudioAudio stream find POP[stream = 3 ; device = 2 ; ratio = 0.550033 ; wavelet_buf_qsum = 1520211936.479734]
2021-05-27 11:59:33.998 736-1310/? D/asd_pop: pop_recognition AudioAudio stream find POP[stream = 3 ; device = 2 ; ratio = 0.586788 ; wavelet_buf_qsum = 1532460818.652751]
2021-05-27 11:59:33.998 736-1310/? D/asd_pop: pop_recognition AudioAudio stream find POP[stream = 3 ; device = 2 ; ratio = 0.555250 ; wavelet_buf_qsum = 1515687756.240240]
2021-05-27 11:59:33.998 758-1578/? I/stereoWidening_frame: SwsParamsSetFloat volumeDb = -50.999889
2021-05-27 11:59:34.018 736-1310/? D/asd_pop: pop_recognition AudioAudio stream find POP[stream = 3 ; device = 2 ; ratio = 0.482407 ; wavelet_buf_qsum = 1516071346.642173]
2021-05-27 11:59:34.018 736-1310/? D/asd_pop: pop_recognition AudioAudio stream find POP[stream = 3 ; device = 2 ; ratio = 0.519159 ; wavelet_buf_qsum = 1535019352.354503]
2021-05-27 11:59:34.018 758-1578/? I/stereoWidening_frame: SwsParamsSetFloat volumeDb = -50.999889
2021-05-27 11:59:34.018 736-1310/? D/asd_pop: pop_recognition AudioAudio stream find POP[stream = 3 ; device = 2 ; ratio = 0.535713 ; wavelet_buf_qsum = 1525647172.752127]
