2021-05-27 11:59:31.341 758-1578/? I/asd_out_fwk: L = -79.633636db, R = -79.633636db, Device = 0x2, TimeStampKernel = 587017920, TimeStampServer = 587019840
2021-05-27 11:59:31.358 736-1310/? D/asd_pop: pop_recognition AudioAudio stream find POP[stream = 3 ; device = 2 ; ratio = 0.609036 ; wavelet_buf_qsum = 1548339248.322097]
2021-05-27 11:59:31.358 736-1310/? D/asd_pop: pop_recognition AudioAudio stream find POP[stream = 3 ; device = 2 ; ratio = 0.600985 ; wavelet_buf_qsum = 1543033759.189078]
2021-05-27 11:59:31.358 736-1310/? D/asd_pop: pop_recognition AudioAudio stream find POP[stream = 3 ; device = 2 ; ratio = 0.611646 ; wavelet_buf_qsum = 1559337442.386104]
2021-05-27 11:59:31.358 758-1578/? I/stereoWidening_frame: SwsParamsSetFloat volumeDb = -50.999889
2021-05-27 11:59:31.378 736-1310/? D/asd_pop: pop_recognition AudioAudio stream find POP[stream = 3 ; device = 2 ; ratio = 0.595323 ; wavelet_buf_qsum = 1593685394.472450]
2021-05-27 11:59:31.379 736-1310/? D/asd_pop: pop_recognition AudioAudio stream find POP[stream = 3 ; device = 2 ; ratio = 0.595582 ; wavelet_buf_qsum = 1592992473.883319]
2021-05-27 11:59:31.379 758-1578/? I/stereoWidening_frame: SwsParamsSetFloat volumeDb = -50.999889
2021-05-27 11:59:31.398 736-1310/? D/asd_pop: pop_recognition AudioAudio stream find POP[stream = 3 ; device = 2 ; ratio = 0.600594 ; wavelet_buf_qsum = 1570104572.627938]
2021-05-27 11:59:31.398 736-1310/? D/asd_pop: pop_recognition AudioAudio stream find POP[stream = 3 ; device = 2 ; ratio = 0.587908 ; wavelet_buf_qsum = 1568960599.743968]
2021-05-27 11:59:31.398 736-1310/? D/asd_pop: pop_recognition AudioAudio stream find POP[stream = 3 ; device = 2 ; ratio = 0.613065 ; wavelet_buf_qsum = 1551013502.936178]
2021-05-27 11:59:31.398 736-1310/? D/asd_pop: pop_recognition AudioAudio stream find POP[stream = 3 ; device = 2 ; ratio = 0.603087 ; wavelet_buf_qsum = 1542390566.551092]
2021-05-27 11:59:31.399 758-1578/? I/stereoWidening_frame: SwsParamsSetFloat volumeDb = -50.999889
2021-05-27 11:59:31.400 736-1310/? D/asd_pop: pop_recognition AudioAudio stream find POP[stream = 3 ; device = 2 ; ratio = 0.582876 ; wavelet_buf_qsum = 1537928447.317611]
2021-05-27 11:59:31.400 736-1310/? D/asd_pop: pop_recognition AudioAudio stream find POP[stream = 3 ; device = 2 ; ratio = 0.578053 ; wavelet_buf_qsum = 1542367927.359473]
2021-05-27 11:59:31.400 736-1310/? D/asd_pop: pop_recognition AudioAudio stream find POP[stream = 3 ; device = 2 ; ratio = 0.591013 ; wavelet_buf_qsum = 1573898439.790350]
2021-05-27 11:59:31.400 736-1310/? D/asd_pop: pop_recognition AudioAudio stream find POP[stream = 3 ; device = 2 ; ratio = 0.600926 ; wavelet_buf_qsum = 1560954351.219113]
2021-05-27 11:59:31.400 1229-1229/? I/HwLBSService.SensorManager: onSensorChanged, mLightListeners size: 1
2021-05-27 11:59:31.418 736-1310/? D/asd_pop: pop_recognition AudioAudio stream find POP[stream = 3 ; device = 2 ; ratio = 0.591632 ; wavelet_buf_qsum = 1541186448.415482]
2021-05-27 11:59:31.418 736-1310/? D/asd_pop: pop_recognition AudioAudio stream find POP[stream = 3 ; device = 2 ; ratio = 0.568462 ; wavelet_buf_qsum = 1573313560.331660]
2021-05-27 11:59:31.418 736-1310/? D/asd_pop: pop_recognition AudioAudio stream find POP[stream = 3 ; device = 2 ; ratio = 0.562585 ; wavelet_buf_qsum = 1552791973.493512]
2021-05-27 11:59:31.418 736-1310/? D/asd_pop: pop_recognition AudioAudio stream find POP[stream = 3 ; device = 2 ; ratio = 0.576007 ; wavelet_buf_qsum = 1547845940.876113]
2021-05-27 11:59:31.418 758-1578/? I/stereoWidening_frame: SwsParamsSetFloat volumeDb = -50.999889
2021-05-27 11:59:31.419 736-1310/? D/asd_pop: pop_recognition AudioAudio stream find POP[stream = 3 ; device = 2 ; ratio = 0.570041 ; wavelet_buf_qsum = 1550679808.625045]
2021-05-27 11:59:31.419 736-1310/? D/asd_pop: pop_recognition AudioAudio stream find POP[stream = 3 ; device = 2 ; ratio = 0.575615 ; wavelet_buf_qsum = 1548898796.914905]
2021-05-27 11:59:31.438 736-1310/? D/asd_pop: pop_recognition AudioAudio stream find POP[stream = 3 ; device = 2 ; ratio = 0.585700 ; wavelet_buf_qsum = 1548440409.067469]
2021-05-27 11:59:31.438 736-1310/? D/asd_pop: pop_recognition AudioAudio stream find POP[stream = 3 ; device = 2 ; ratio = 0.564177 ; wavelet_buf_qsum = 1548425436.530632]
2021-05-27 11:59:31.438 736-1310/? D/asd_pop: pop_recognition AudioAudio stream find POP[stream = 3 ; device = 2 ; ratio = 0.588264 ; wavelet_buf_qsum = 1559644256.448472]
2021-05-27 11:59:31.438 736-1310/? D/asd_pop: pop_recognition AudioAudio stream find POP[stream = 3 ; device = 2 ; ratio = 0.582953 ; wavelet_buf_qsum = 1537726669.920009]
2021-05-27 11:59:31.438 736-1310/? D/asd_pop: pop_recognition AudioAudio stream find POP[stream = 3 ; device = 2 ; ratio = 0.570573 ; wavelet_buf_qsum = 1562587818.695585]
2021-05-27 11:59:31.438 736-1310/? D/asd_pop: pop_recognition AudioAudio stream find POP[stream = 3 ; device = 2 ; ratio = 0.569200 ; wavelet_buf_qsum = 1571275750.957199]
2021-05-27 11:59:31.438 736-1310/? D/asd_pop: pop_recognition AudioAudio stream find POP[stream = 3 ; device = 2 ; ratio = 0.578708 ; wavelet_buf_qsum = 1553855809.981564]
2021-05-27 11:59:31.438 736-1310/? D/asd_pop: pop_recognition AudioAudio stream find POP[stream = 3 ; device = 2 ; ratio = 0.581089 ; wavelet_buf_qsum = 1542659550.410132]
2021-05-27 11:59:31.438 736-1310/? D/asd_pop: pop_recognition AudioAudio stream find POP[stream = 3 ; device = 2 ; ratio = 0.593239 ; wavelet_buf_qsum = 1537011858.120946]
2021-05-27 11:59:31.438 736-1310/? D/asd_pop: pop_recognition AudioAudio stream find POP[stream = 3 ; device = 2 ; ratio = 0.588891 ; wavelet_buf_qsum = 1571177941.079098]
2021-05-27 11:59:31.439 758-1578/? I/stereoWidening_frame: SwsParamsSetFloat volumeDb = -50.999889
2021-05-27 11:59:31.458 736-1310/? D/asd_pop: pop_recognition AudioAudio stream find POP[stream = 3 ; device = 2 ; ratio = 0.577170 ; wavelet_buf_qsum = 1553133030.886369]
2021-05-27 11:59:31.458 736-1310/? D/asd_pop: pop_recognition AudioAudio stream find POP[stream = 3 ; device = 2 ; ratio = 0.598470 ; wavelet_buf_qsum = 1554287815.481179]
2021-05-27 11:59:31.458 736-1310/? D/asd_pop: pop_recognition AudioAudio stream find POP[stream = 3 ; device = 2 ; ratio = 0.576390 ; wavelet_buf_qsum = 1541966063.002501]
2021-05-27 11:59:31.458 736-1310/? D/asd_pop: pop_recognition AudioAudio stream find POP[stream = 3 ; device = 2 ; ratio = 0.600122 ; wavelet_buf_qsum = 1537028079.250736]
2021-05-27 11:59:31.458 736-1310/? D/asd_pop: pop_recognition AudioAudio stream find POP[stream = 3 ; device = 2 ; ratio = 0.604066 ; wavelet_buf_qsum = 1561078968.266844]
2021-05-27 11:59:31.459 758-1578/? I/stereoWidening_frame: SwsParamsSetFloat volumeDb = -50.999889
2021-05-27 11:59:31.469 752-2258/? I/motion@1.0-service: motion-hal Motion::readEvents motionType: 7
2021-05-27 11:59:31.469 752-2258/? I/motion@1.0-service: motion-hal Motion::readEvents motionType == MOTIONHUB_TYPE_ROTATION
2021-05-27 11:59:31.469 752-2258/? D/motion@1.0-service: motion-hal Motion::ReadMotionData motionResult->motion: 7
2021-05-27 11:59:31.469 752-2258/? D/motion@1.0-service: motion-hal Motion::ReadMotionData motionsData = 0: 1
2021-05-27 11:59:31.469 752-2258/? D/motion@1.0-service: motion-hal Motion::ReadMotionData motionsData = 1: 0
2021-05-27 11:59:31.470 752-752/? I/motion@1.0-service: pollMotionResult g_pollResultReturn = 2
2021-05-27 11:59:31.471 1581-1760/? I/HWExtDeviceManager: trigger onDeviceDataChanged : mListener : com.android.server.policy.HWExtMotionRotationProcessorEx$1@7690c1b,type : 700
2021-05-27 11:59:31.471 752-2258/? D/motion@1.0-service: g_motionPollResultReady::unlock out
2021-05-27 11:59:31.471 1581-1760/? I/HWEMRP: onDeviceDataChanged  proposedRotation:0
2021-05-27 11:59:31.471 752-2258/? I/motion@1.0-service: ActMotionCb motionClientVector.size = 0
2021-05-27 11:59:31.471 752-2258/? I/motion@1.0-service: ActMotionCb out
2021-05-27 11:59:31.471 1581-1760/? I/HWEMRP: onDeviceDataChanged  oldProposedRotation:-1
2021-05-27 11:59:31.471 1581-1760/? I/HWEMRP: notifyProposedRotation: 0
2021-05-27 11:59:31.479 758-1578/? I/stereoWidening_frame: SwsParamsSetFloat volumeDb = -50.999889
2021-05-27 11:59:31.481 736-1310/? D/asd_pop: pop_recognition AudioAudio stream find POP[stream = 3 ; device = 2 ; ratio = 0.606204 ; wavelet_buf_qsum = 1568567109.639319]
2021-05-27 11:59:31.481 736-1310/? D/asd_pop: pop_recognition AudioAudio stream find POP[stream = 3 ; device = 2 ; ratio = 0.594242 ; wavelet_buf_qsum = 1618337728.690761]
2021-05-27 11:59:31.481 736-1310/? D/asd_pop: pop_recognition AudioAudio stream find POP[stream = 3 ; device = 2 ; ratio = 0.596136 ; wavelet_buf_qsum = 1626540897.510791]
2021-05-27 11:59:31.481 736-1310/? D/asd_pop: pop_recognition AudioAudio stream find POP[stream = 3 ; device = 2 ; ratio = 0.592242 ; wavelet_buf_qsum = 1560997304.029465]
2021-05-27 11:59:31.481 736-1310/? D/asd_pop: pop_recognition AudioAudio stream find POP[stream = 3 ; device = 2 ; ratio = 0.610264 ; wavelet_buf_qsum = 1615113819.130089]
2021-05-27 11:59:31.499 736-1310/? D/asd_pop: pop_recognition AudioAudio stream find POP[stream = 3 ; device = 2 ; ratio = 0.594498 ; wavelet_buf_qsum = 1609187426.457954]
2021-05-27 11:59:31.499 736-1310/? D/asd_pop: pop_recognition AudioAudio stream find POP[stream = 3 ; device = 2 ; ratio = 0.595045 ; wavelet_buf_qsum = 1571563639.117140]
2021-05-27 11:59:31.499 736-1310/? D/asd_pop: pop_recognition AudioAudio stream find POP[stream = 3 ; device = 2 ; ratio = 0.597428 ; wavelet_buf_qsum = 1601295297.478819]
2021-05-27 11:59:31.499 736-1310/? D/asd_pop: pop_recognition AudioAudio stream find POP[stream = 3 ; device = 2 ; ratio = 0.595705 ; wavelet_buf_qsum = 1592665207.100618]
2021-05-27 11:59:31.499 736-1310/? D/asd_pop: pop_recognition AudioAudio stream find POP[stream = 3 ; device = 2 ; ratio = 0.591983 ; wavelet_buf_qsum = 1589385566.505771]
2021-05-27 11:59:31.499 758-1578/? I/stereoWidening_frame: SwsParamsSetFloat volumeDb = -50.999889
2021-05-27 11:59:31.499 736-1310/? D/asd_pop: pop_recognition AudioAudio stream find POP[stream = 3 ; device = 2 ; ratio = 0.597963 ; wavelet_buf_qsum = 1595019740.772342]
2021-05-27 11:59:31.499 736-1310/? D/asd_pop: pop_recognition AudioAudio stream find POP[stream = 3 ; device = 2 ; ratio = 0.613640 ; wavelet_buf_qsum = 1567180762.833290]
2021-05-27 11:59:31.499 736-1310/? D/asd_pop: pop_recognition AudioAudio stream find POP[stream = 3 ; device = 2 ; ratio = 0.608077 ; wavelet_buf_qsum = 1563735247.210904]
2021-05-27 11:59:31.499 736-1310/? D/asd_pop: pop_recognition AudioAudio stream find POP[stream = 3 ; device = 2 ; ratio = 0.600962 ; wavelet_buf_qsum = 1591879045.664962]
2021-05-27 11:59:31.499 736-1310/? D/asd_pop: pop_recognition AudioAudio stream find POP[stream = 3 ; device = 2 ; ratio = 0.596653 ; wavelet_buf_qsum = 1585300114.388916]
2021-05-27 11:59:31.499 736-1310/? D/asd_pop: pop_recognition AudioAudio stream find POP[stream = 3 ; device = 2 ; ratio = 0.602449 ; wavelet_buf_qsum = 1574835994.934176]
2021-05-27 11:59:31.499 736-1310/? D/asd_pop: pop_recognition AudioAudio stream find POP[stream = 3 ; device = 2 ; ratio = 0.611735 ; wavelet_buf_qsum = 1598121498.853938]
2021-05-27 11:59:31.499 736-1310/? D/asd_pop: pop_recognition AudioAudio stream find POP[stream = 3 ; device = 2 ; ratio = 0.608540 ; wavelet_buf_qsum = 1585093496.976617]
2021-05-27 11:59:31.499 736-1310/? D/asd_pop: pop_recognition AudioAudio stream find POP[stream = 3 ; device = 2 ; ratio = 0.599761 ; wavelet_buf_qsum = 1577085875.330452]
2021-05-27 11:59:31.499 736-1310/? D/asd_pop: pop_recognition AudioAudio stream find POP[stream = 3 ; device = 2 ; ratio = 0.611227 ; wavelet_buf_qsum = 1578125697.523467]
2021-05-27 11:59:31.499 736-1310/? D/asd_pop: pop_recognition AudioAudio stream find POP[stream = 3 ; device = 2 ; ratio = 0.616460 ; wavelet_buf_qsum = 1598882030.587407]
2021-05-27 11:59:31.499 736-1310/? D/asd_pop: pop_recognition AudioAudio stream find POP[stream = 3 ; device = 2 ; ratio = 0.606580 ; wavelet_buf_qsum = 1585421215.006572]
2021-05-27 11:59:31.499 736-1310/? D/asd_pop: pop_recognition AudioAudio stream find POP[stream = 3 ; device = 2 ; ratio = 0.604419 ; wavelet_buf_qsum = 1591088532.865806]
2021-05-27 11:59:31.499 736-1310/? D/asd_pop: pop_recognition AudioAudio stream find POP[stream = 3 ; device = 2 ; ratio = 0.614510 ; wavelet_buf_qsum = 1586139063.504047]
2021-05-27 11:59:31.499 736-1310/? D/asd_pop: pop_recognition AudioAudio stream find POP[stream = 3 ; device = 2 ; ratio = 0.608940 ; wavelet_buf_qsum = 1574507683.146942]
2021-05-27 11:59:31.499 736-1310/? D/asd_pop: pop_recognition AudioAudio stream find POP[stream = 3 ; device = 2 ; ratio = 0.601222 ; wavelet_buf_qsum = 1568463890.016432]
2021-05-27 11:59:31.499 736-1310/? D/asd_pop: pop_recognition AudioAudio stream find POP[stream = 3 ; device = 2 ; ratio = 0.594062 ; wavelet_buf_qsum = 1578990697.498563]
2021-05-27 11:59:31.499 736-1310/? D/asd_pop: pop_recognition AudioAudio stream find POP[stream = 3 ; device = 2 ; ratio = 0.596348 ; wavelet_buf_qsum = 1555032175.987956]
2021-05-27 11:59:31.518 736-1310/? D/asd_pop: pop_recognition AudioAudio stream find POP[stream = 3 ; device = 2 ; ratio = 0.618288 ; wavelet_buf_qsum = 1594153810.615335]
2021-05-27 11:59:31.518 736-1310/? D/asd_pop: pop_recognition AudioAudio stream find POP[stream = 3 ; device = 2 ; ratio = 0.603731 ; wavelet_buf_qsum = 1597718779.130918]
2021-05-27 11:59:31.518 736-1310/? D/asd_pop: pop_recognition AudioAudio stream find POP[stream = 3 ; device = 2 ; ratio = 0.596867 ; wavelet_buf_qsum = 1584732634.313179]
2021-05-27 11:59:31.518 736-1310/? D/asd_pop: pop_recognition AudioAudio stream find POP[stream = 3 ; device = 2 ; ratio = 0.601240 ; wavelet_buf_qsum = 1560139339.517659]
2021-05-27 11:59:31.518 736-1310/? D/asd_pop: pop_recognition AudioAudio stream find POP[stream = 3 ; device = 2 ; ratio = 0.609810 ; wavelet_buf_qsum = 1590067151.977377]
2021-05-27 11:59:31.518 736-1310/? D/asd_pop: pop_recognition AudioAudio stream find POP[stream = 3 ; device = 2 ; ratio = 0.601264 ; wavelet_buf_qsum = 1573142021.684497]
2021-05-27 11:59:31.519 736-1310/? D/asd_pop: pop_recognition AudioAudio stream find POP[stream = 3 ; device = 2 ; ratio = 0.608540 ; wavelet_buf_qsum = 1593386307.446176]
2021-05-27 11:59:31.519 736-1310/? D/asd_pop: pop_recognition AudioAudio stream find POP[stream = 3 ; device = 2 ; ratio = 0.602724 ; wavelet_buf_qsum = 1564556057.813704]
2021-05-27 11:59:31.519 736-1310/? D/asd_pop: pop_recognition AudioAudio stream find POP[stream = 3 ; device = 2 ; ratio = 0.606102 ; wavelet_buf_qsum = 1573601374.945284]
2021-05-27 11:59:31.519 736-1310/? D/asd_pop: pop_recognition AudioAudio stream find POP[stream = 3 ; device = 2 ; ratio = 0.590291 ; wavelet_buf_qsum = 1589078276.346410]
2021-05-27 11:59:31.519 736-1310/? D/asd_pop: pop_recognition AudioAudio stream find POP[stream = 3 ; device = 2 ; ratio = 0.602467 ; wavelet_buf_qsum = 1578296244.191772]
2021-05-27 11:59:31.519 758-1578/? I/stereoWidening_frame: SwsParamsSetFloat volumeDb = -50.999889
2021-05-27 11:59:31.519 736-1310/? D/asd_pop: pop_recognition AudioAudio stream find POP[stream = 3 ; device = 2 ; ratio = 0.610414 ; wavelet_buf_qsum = 1593277839.304831]
2021-05-27 11:59:31.519 736-1310/? D/asd_pop: pop_recognition AudioAudio stream find POP[stream = 3 ; device = 2 ; ratio = 0.595827 ; wavelet_buf_qsum = 1565981274.360774]
2021-05-27 11:59:31.519 736-1310/? D/asd_pop: pop_recognition AudioAudio stream find POP[stream = 3 ; device = 2 ; ratio = 0.607516 ; wavelet_buf_qsum = 1565179263.590281]
2021-05-27 11:59:31.519 736-1310/? D/asd_pop: pop_recognition AudioAudio stream find POP[stream = 3 ; device = 2 ; ratio = 0.593969 ; wavelet_buf_qsum = 1570881420.740509]
2021-05-27 11:59:31.519 736-1310/? D/asd_pop: pop_recognition AudioAudio stream find POP[stream = 3 ; device = 2 ; ratio = 0.608893 ; wavelet_buf_qsum = 1574630252.193398]
2021-05-27 11:59:31.519 736-1310/? I/asd: asd_dmd_report: write detailed info is dsm_audio_info,921001056,pkg_name = [com.unicostudio.whois.huawei], stream = 3, device = 2, buf_pop_num = 30 
2021-05-27 11:59:31.538 736-1310/? D/asd_pop: pop_recognition AudioAudio stream find POP[stream = 3 ; device = 2 ; ratio = 0.600074 ; wavelet_buf_qsum = 1576261623.295674]
2021-05-27 11:59:31.538 736-1310/? D/asd_pop: pop_recognition AudioAudio stream find POP[stream = 3 ; device = 2 ; ratio = 0.616777 ; wavelet_buf_qsum = 1580310094.864552]
2021-05-27 11:59:31.538 736-1310/? D/asd_pop: pop_recognition AudioAudio stream find POP[stream = 3 ; device = 2 ; ratio = 0.580243 ; wavelet_buf_qsum = 1558144812.703343]
2021-05-27 11:59:31.538 736-1310/? D/asd_pop: pop_recognition AudioAudio stream find POP[stream = 3 ; device = 2 ; ratio = 0.613860 ; wavelet_buf_qsum = 1592588818.871881]
2021-05-27 11:59:31.538 736-1310/? D/asd_pop: pop_recognition AudioAudio stream find POP[stream = 3 ; device = 2 ; ratio = 0.582613 ; wavelet_buf_qsum = 1565044171.122566]
2021-05-27 11:59:31.538 736-1310/? D/asd_pop: pop_recognition AudioAudio stream find POP[stream = 3 ; device = 2 ; ratio = 0.614035 ; wavelet_buf_qsum = 1574379449.347208]
2021-05-27 11:59:31.539 736-1310/? D/asd_pop: pop_recognition AudioAudio stream find POP[stream = 3 ; device = 2 ; ratio = 0.585629 ; wavelet_buf_qsum = 1575066117.766121]
2021-05-27 11:59:31.539 736-1310/? D/asd_pop: pop_recognition AudioAudio stream find POP[stream = 3 ; device = 2 ; ratio = 0.608949 ; wavelet_buf_qsum = 1566243835.988194]
2021-05-27 11:59:31.539 736-1310/? D/asd_pop: pop_recognition AudioAudio stream find POP[stream = 3 ; device = 2 ; ratio = 0.583141 ; wavelet_buf_qsum = 1568482763.852758]
2021-05-27 11:59:31.539 758-1578/? I/stereoWidening_frame: SwsParamsSetFloat volumeDb = -50.999889
2021-05-27 11:59:31.539 736-1310/? D/asd_pop: pop_recognition AudioAudio stream find POP[stream = 3 ; device = 2 ; ratio = 0.611120 ; wavelet_buf_qsum = 1538355289.320352]
2021-05-27 11:59:31.539 736-1310/? D/asd_pop: pop_recognition AudioAudio stream find POP[stream = 3 ; device = 2 ; ratio = 0.606412 ; wavelet_buf_qsum = 1559788630.074430]
2021-05-27 11:59:31.539 736-1310/? D/asd_pop: pop_recognition AudioAudio stream find POP[stream = 3 ; device = 2 ; ratio = 0.592886 ; wavelet_buf_qsum = 1550991172.136396]
2021-05-27 11:59:31.539 736-1310/? D/asd_pop: pop_recognition AudioAudio stream find POP[stream = 3 ; device = 2 ; ratio = 0.614278 ; wavelet_buf_qsum = 1565551985.746325]
2021-05-27 11:59:31.541 758-1578/? I/asd_out_fwk: L = -90.942261db, R = -90.942261db, Device = 0x2, TimeStampKernel = 587027520, TimeStampServer = 587029440
2021-05-27 11:59:31.558 736-1310/? D/asd_pop: pop_recognition AudioAudio stream find POP[stream = 3 ; device = 2 ; ratio = 0.608400 ; wavelet_buf_qsum = 1554692213.630176]
2021-05-27 11:59:31.558 736-1310/? D/asd_pop: pop_recognition AudioAudio stream find POP[stream = 3 ; device = 2 ; ratio = 0.582498 ; wavelet_buf_qsum = 1556952337.374946]
2021-05-27 11:59:31.558 736-1310/? D/asd_pop: pop_recognition AudioAudio stream find POP[stream = 3 ; device = 2 ; ratio = 0.609778 ; wavelet_buf_qsum = 1546457427.535863]
2021-05-27 11:59:31.558 736-1310/? D/asd_pop: pop_recognition AudioAudio stream find POP[stream = 3 ; device = 2 ; ratio = 0.586075 ; wavelet_buf_qsum = 1542637990.567729]
2021-05-27 11:59:31.558 736-1310/? D/asd_pop: pop_recognition AudioAudio stream find POP[stream = 3 ; device = 2 ; ratio = 0.611856 ; wavelet_buf_qsum = 1554078601.701972]
2021-05-27 11:59:31.558 736-1310/? D/asd_pop: pop_recognition AudioAudio stream find POP[stream = 3 ; device = 2 ; ratio = 0.586711 ; wavelet_buf_qsum = 1558939936.611026]
2021-05-27 11:59:31.558 736-1310/? D/asd_pop: pop_recognition AudioAudio stream find POP[stream = 3 ; device = 2 ; ratio = 0.611928 ; wavelet_buf_qsum = 1558619122.284208]
2021-05-27 11:59:31.559 736-1310/? D/asd_pop: pop_recognition AudioAudio stream find POP[stream = 3 ; device = 2 ; ratio = 0.590141 ; wavelet_buf_qsum = 1563024640.341942]
2021-05-27 11:59:31.559 736-1310/? D/asd_pop: pop_recognition AudioAudio stream find POP[stream = 3 ; device = 2 ; ratio = 0.612548 ; wavelet_buf_qsum = 1569974654.844552]
2021-05-27 11:59:31.559 736-1310/? D/asd_pop: pop_recognition AudioAudio stream find POP[stream = 3 ; device = 2 ; ratio = 0.593346 ; wavelet_buf_qsum = 1572530078.819834]
2021-05-27 11:59:31.559 758-1578/? I/stereoWidening_frame: SwsParamsSetFloat volumeDb = -50.999889
2021-05-27 11:59:31.559 736-1310/? D/asd_pop: pop_recognition AudioAudio stream find POP[stream = 3 ; device = 2 ; ratio = 0.614151 ; wavelet_buf_qsum = 1583583726.792737]
2021-05-27 11:59:31.578 736-1310/? D/asd_pop: pop_recognition AudioAudio stream find POP[stream = 3 ; device = 2 ; ratio = 0.607489 ; wavelet_buf_qsum = 1552282727.199368]
2021-05-27 11:59:31.578 736-1310/? D/asd_pop: pop_recognition AudioAudio stream find POP[stream = 3 ; device = 2 ; ratio = 0.596074 ; wavelet_buf_qsum = 1565333470.950026]
2021-05-27 11:59:31.579 758-1578/? I/stereoWidening_frame: SwsParamsSetFloat volumeDb = -50.999889
2021-05-27 11:59:31.579 736-1310/? D/asd_pop: pop_recognition AudioAudio stream find POP[stream = 3 ; device = 2 ; ratio = 0.611695 ; wavelet_buf_qsum = 1572164483.403715]
2021-05-27 11:59:31.579 736-1310/? D/asd_pop: pop_recognition AudioAudio stream find POP[stream = 3 ; device = 2 ; ratio = 0.596459 ; wavelet_buf_qsum = 1559529995.669400]
2021-05-27 11:59:31.579 736-1310/? D/asd_pop: pop_recognition AudioAudio stream find POP[stream = 3 ; device = 2 ; ratio = 0.608674 ; wavelet_buf_qsum = 1566951457.902205]
2021-05-27 11:59:31.579 736-1310/? D/asd_pop: pop_recognition AudioAudio stream find POP[stream = 3 ; device = 2 ; ratio = 0.596301 ; wavelet_buf_qsum = 1555152748.412374]
2021-05-27 11:59:31.579 736-1310/? D/asd_pop: pop_recognition AudioAudio stream find POP[stream = 3 ; device = 2 ; ratio = 0.596741 ; wavelet_buf_qsum = 1540970739.761346]
2021-05-27 11:59:31.579 736-1310/? D/asd_pop: pop_recognition AudioAudio stream find POP[stream = 3 ; device = 2 ; ratio = 0.610519 ; wavelet_buf_qsum = 1562218055.259056]
2021-05-27 11:59:31.579 736-1310/? D/asd_pop: pop_recognition AudioAudio stream find POP[stream = 3 ; device = 2 ; ratio = 0.612043 ; wavelet_buf_qsum = 1576020052.695705]
2021-05-27 11:59:31.579 736-1310/? D/asd_pop: pop_recognition AudioAudio stream find POP[stream = 3 ; device = 2 ; ratio = 0.599521 ; wavelet_buf_qsum = 1569401653.271063]
2021-05-27 11:59:31.579 736-1310/? D/asd_pop: pop_recognition AudioAudio stream find POP[stream = 3 ; device = 2 ; ratio = 0.608908 ; wavelet_buf_qsum = 1566349947.903522]
2021-05-27 11:59:31.579 736-1310/? D/asd_pop: pop_recognition AudioAudio stream find POP[stream = 3 ; device = 2 ; ratio = 0.608146 ; wavelet_buf_qsum = 1573074549.972795]
2021-05-27 11:59:31.579 736-1310/? D/asd_pop: pop_recognition AudioAudio stream find POP[stream = 3 ; device = 2 ; ratio = 0.608468 ; wavelet_buf_qsum = 1572241294.523599]
2021-05-27 11:59:31.580 736-1573/? I/smartpakit: smartpa_algo_control: enter, cmd = 26
2021-05-27 11:59:31.580 736-1573/? I/spk_dev_interface: soc_adsp_send_sync_cmd: enter, in_size 0x2c, out_size 0x0
2021-05-27 11:59:31.598 736-1310/? D/asd_pop: pop_recognition AudioAudio stream find POP[stream = 3 ; device = 2 ; ratio = 0.608675 ; wavelet_buf_qsum = 1553989978.731412]
2021-05-27 11:59:31.598 736-1310/? D/asd_pop: pop_recognition AudioAudio stream find POP[stream = 3 ; device = 2 ; ratio = 0.605577 ; wavelet_buf_qsum = 1592847312.716208]
2021-05-27 11:59:31.598 736-1310/? D/asd_pop: pop_recognition AudioAudio stream find POP[stream = 3 ; device = 2 ; ratio = 0.601005 ; wavelet_buf_qsum = 1591766038.315289]
2021-05-27 11:59:31.598 736-1310/? D/asd_pop: pop_recognition AudioAudio stream find POP[stream = 3 ; device = 2 ; ratio = 0.608958 ; wavelet_buf_qsum = 1566220465.193982]
2021-05-27 11:59:31.598 736-1310/? D/asd_pop: pop_recognition AudioAudio stream find POP[stream = 3 ; device = 2 ; ratio = 0.612756 ; wavelet_buf_qsum = 1564704773.602293]
2021-05-27 11:59:31.598 736-1310/? D/asd_pop: pop_recognition AudioAudio stream find POP[stream = 3 ; device = 2 ; ratio = 0.597932 ; wavelet_buf_qsum = 1581909339.767755]
2021-05-27 11:59:31.598 736-1310/? D/asd_pop: pop_recognition AudioAudio stream find POP[stream = 3 ; device = 2 ; ratio = 0.597501 ; wavelet_buf_qsum = 1596254430.800764]
2021-05-27 11:59:31.599 736-1310/? D/asd_pop: pop_recognition AudioAudio stream find POP[stream = 3 ; device = 2 ; ratio = 0.615644 ; wavelet_buf_qsum = 1575000571.557242]
2021-05-27 11:59:31.599 758-1578/? I/stereoWidening_frame: SwsParamsSetFloat volumeDb = -50.999889
2021-05-27 11:59:31.599 736-1310/? D/asd_pop: pop_recognition AudioAudio stream find POP[stream = 3 ; device = 2 ; ratio = 0.603252 ; wavelet_buf_qsum = 1567958359.441979]
2021-05-27 11:59:31.599 736-1310/? D/asd_pop: pop_recognition AudioAudio stream find POP[stream = 3 ; device = 2 ; ratio = 0.604532 ; wavelet_buf_qsum = 1559875148.370060]
2021-05-27 11:59:31.599 736-1310/? D/asd_pop: pop_recognition AudioAudio stream find POP[stream = 3 ; device = 2 ; ratio = 0.607866 ; wavelet_buf_qsum = 1569036308.284412]
2021-05-27 11:59:31.599 736-1310/? D/asd_pop: pop_recognition AudioAudio stream find POP[stream = 3 ; device = 2 ; ratio = 0.596301 ; wavelet_buf_qsum = 1559940910.896049]
2021-05-27 11:59:31.599 736-1310/? D/asd_pop: pop_recognition AudioAudio stream find POP[stream = 3 ; device = 2 ; ratio = 0.607353 ; wavelet_buf_qsum = 1604832210.024194]
2021-05-27 11:59:31.599 736-1310/? D/asd_pop: pop_recognition AudioAudio stream find POP[stream = 3 ; device = 2 ; ratio = 0.615457 ; wavelet_buf_qsum = 1588456428.138818]
2021-05-27 11:59:31.599 736-1310/? D/asd_pop: pop_recognition AudioAudio stream find POP[stream = 3 ; device = 2 ; ratio = 0.597397 ; wavelet_buf_qsum = 1570174502.955592]
2021-05-27 11:59:31.599 736-1310/? D/asd_pop: pop_recognition AudioAudio stream find POP[stream = 3 ; device = 2 ; ratio = 0.611899 ; wavelet_buf_qsum = 1597693514.288192]
2021-05-27 11:59:31.599 736-1310/? D/asd_pop: pop_recognition AudioAudio stream find POP[stream = 3 ; device = 2 ; ratio = 0.599045 ; wavelet_buf_qsum = 1578969496.111041]
2021-05-27 11:59:31.599 736-1310/? D/asd_pop: pop_recognition AudioAudio stream find POP[stream = 3 ; device = 2 ; ratio = 0.594590 ; wavelet_buf_qsum = 1564431414.771540]
2021-05-27 11:59:31.599 736-1310/? D/asd_pop: pop_recognition AudioAudio stream find POP[stream = 3 ; device = 2 ; ratio = 0.603347 ; wavelet_buf_qsum = 1589105413.552405]
2021-05-27 11:59:31.609 752-2258/? I/motion@1.0-service: motion-hal Motion::readEvents motionType: 7
2021-05-27 11:59:31.609 752-2258/? I/motion@1.0-service: motion-hal Motion::readEvents motionType == MOTIONHUB_TYPE_ROTATION
2021-05-27 11:59:31.609 752-2258/? D/motion@1.0-service: motion-hal Motion::ReadMotionData motionResult->motion: 7
2021-05-27 11:59:31.609 752-2258/? D/motion@1.0-service: motion-hal Motion::ReadMotionData motionsData = 0: 1
2021-05-27 11:59:31.609 752-2258/? D/motion@1.0-service: motion-hal Motion::ReadMotionData motionsData = 1: -1
2021-05-27 11:59:31.609 752-837/? I/motion@1.0-service: pollMotionResult g_pollResultReturn = 2
2021-05-27 11:59:31.611 1581-1760/? I/HWExtDeviceManager: trigger onDeviceDataChanged : mListener : com.android.server.policy.HWExtMotionRotationProcessorEx$1@7690c1b,type : 700
2021-05-27 11:59:31.611 1581-1760/? I/HWEMRP: onDeviceDataChanged  proposedRotation:-1
2021-05-27 11:59:31.611 1581-1760/? I/HWEMRP: onDeviceDataChanged  oldProposedRotation:0
2021-05-27 11:59:31.611 752-2258/? D/motion@1.0-service: g_motionPollResultReady::unlock out
2021-05-27 11:59:31.611 752-2258/? I/motion@1.0-service: ActMotionCb motionClientVector.size = 0
2021-05-27 11:59:31.611 752-2258/? I/motion@1.0-service: ActMotionCb out
2021-05-27 11:59:31.613 2518-3068/? I/OllieMsgCenter: publishEvt what:2135162884
2021-05-27 11:59:31.618 736-1310/? D/asd_pop: pop_recognition AudioAudio stream find POP[stream = 3 ; device = 2 ; ratio = 0.612784 ; wavelet_buf_qsum = 1613276527.150145]
2021-05-27 11:59:31.618 736-1310/? D/asd_pop: pop_recognition AudioAudio stream find POP[stream = 3 ; device = 2 ; ratio = 0.596931 ; wavelet_buf_qsum = 1566598780.059739]
2021-05-27 11:59:31.619 758-1578/? I/stereoWidening_frame: SwsParamsSetFloat volumeDb = -50.999889
2021-05-27 11:59:31.620 736-1310/? D/asd_pop: pop_recognition AudioAudio stream find POP[stream = 3 ; device = 2 ; ratio = 0.597065 ; wavelet_buf_qsum = 1589037792.043730]
2021-05-27 11:59:31.620 736-1310/? D/asd_pop: pop_recognition AudioAudio stream find POP[stream = 3 ; device = 2 ; ratio = 0.608338 ; wavelet_buf_qsum = 1607045409.818037]
2021-05-27 11:59:31.620 736-1310/? D/asd_pop: pop_recognition AudioAudio stream find POP[stream = 3 ; device = 2 ; ratio = 0.601786 ; wavelet_buf_qsum = 1611269007.141155]
2021-05-27 11:59:31.620 736-1310/? D/asd_pop: pop_recognition AudioAudio stream find POP[stream = 3 ; device = 2 ; ratio = 0.585843 ; wavelet_buf_qsum = 1574491874.051538]
2021-05-27 11:59:31.620 736-1310/? D/asd_pop: pop_recognition AudioAudio stream find POP[stream = 3 ; device = 2 ; ratio = 0.591700 ; wavelet_buf_qsum = 1576905413.991002]
2021-05-27 11:59:31.620 736-1310/? D/asd_pop: pop_recognition AudioAudio stream find POP[stream = 3 ; device = 2 ; ratio = 0.602730 ; wavelet_buf_qsum = 1608745696.301005]
2021-05-27 11:59:31.620 736-1310/? D/asd_pop: pop_recognition AudioAudio stream find POP[stream = 3 ; device = 2 ; ratio = 0.619576 ; wavelet_buf_qsum = 1573171883.761915]
2021-05-27 11:59:31.620 736-1310/? D/asd_pop: pop_recognition AudioAudio stream find POP[stream = 3 ; device = 2 ; ratio = 0.603205 ; wavelet_buf_qsum = 1568080194.742640]
2021-05-27 11:59:31.620 736-1310/? D/asd_pop: pop_recognition AudioAudio stream find POP[stream = 3 ; device = 2 ; ratio = 0.603454 ; wavelet_buf_qsum = 1549663479.420385]
2021-05-27 11:59:31.620 736-1310/? D/asd_pop: pop_recognition AudioAudio stream find POP[stream = 3 ; device = 2 ; ratio = 0.600452 ; wavelet_buf_qsum = 1580073458.368499]
2021-05-27 11:59:31.620 736-1310/? D/asd_pop: pop_recognition AudioAudio stream find POP[stream = 3 ; device = 2 ; ratio = 0.594725 ; wavelet_buf_qsum = 1568885484.982685]
2021-05-27 11:59:31.620 736-1310/? D/asd_pop: pop_recognition AudioAudio stream find POP[stream = 3 ; device = 2 ; ratio = 0.599248 ; wavelet_buf_qsum = 1565326937.192446]
2021-05-27 11:59:31.620 736-1310/? D/asd_pop: pop_recognition AudioAudio stream find POP[stream = 3 ; device = 2 ; ratio = 0.600367 ; wavelet_buf_qsum = 1557633056.720050]
2021-05-27 11:59:31.620 736-1310/? D/asd_pop: pop_recognition AudioAudio stream find POP[stream = 3 ; device = 2 ; ratio = 0.617844 ; wavelet_buf_qsum = 1600062533.043436]
2021-05-27 11:59:31.620 736-1310/? D/asd_pop: pop_recognition AudioAudio stream find POP[stream = 3 ; device = 2 ; ratio = 0.601691 ; wavelet_buf_qsum = 1572028054.595881]
2021-05-27 11:59:31.620 736-1310/? D/asd_pop: pop_recognition AudioAudio stream find POP[stream = 3 ; device = 2 ; ratio = 0.609308 ; wavelet_buf_qsum = 1570075356.383267]
2021-05-27 11:59:31.625 2518-5113/? I/Booster_Qoe: AdaBoostPredict rlt,index:6,NisPsSlow:0,NProba:312,rsrp(rssi):-37,rsrq(noise):-90,rtt(chload):460,buffhigh(uldelay):0,buffcomm(rtt):0
2021-05-27 11:59:31.625 2518-5113/? I/Booster_Qoe: AdaBoostPredict rlt,index:2,NisPsSlow:0,NProba:312,rsrp(rssi):-37,rsrq(noise):-90,rtt(chload):460,buffhigh(uldelay):0,buffcomm(rtt):40
2021-05-27 11:59:31.625 2518-3068/? I/ChannelQoeData: dumpChannelData: ModelBaseInfo:0,10628,0,0,-1,-1,-1,-1,-1,1048576,-1,-1,-1,-1,-1,1048576,0,0,1,0,1,0,0 DnsInfo:0,0,0 WifiId:0 WifiInfo:2,1,64,453,1444,1300,1,5,0,2,-37,-90,50,460,0 AppUid:1051 ChannelId:2 TcpData:0,0,0,0,0,0,0,0,0,0,0,0,0,0,0,0,0 AppUid:999 ChannelId:2 TcpData:0,0,0,0,0,0,0,0,0,0,0,0,0,0,0,0,0 AppUid:0 ChannelId:2 TcpData:0,0,0,0,3,213,0,0,4,0,3,7,0,0,0,0,905 AppUid:10628 ChannelId:2 TcpData:0,0,0,0,0,0,0,0,0,0,0,0,0,0,0,0,0
2021-05-27 11:59:31.625 2518-5113/? I/Collector: HandleRawWifiInfo: flag:0, netId:0!
2021-05-27 11:59:31.625 2518-3068/? I/OllieMsgCenter: publishEvt what:2135031809
2021-05-27 11:59:31.625 2518-3068/? I/NetworkQoeMonitor: networkQoeChanged:10628,4,0,312,1,2,4,0,312,144400,130000,10,10,0,3,0,0,0,2,1048576,1048576,-37
2021-05-27 11:59:31.053 1581-1760/? I/chatty: uid=1000(system) android.ui identical 1 line
2021-05-27 11:59:31.474 1581-1760/? I/HwWindowManagerServiceEx: setLandAnimationInfo : false
2021-05-27 11:59:31.626 2518-3068/? D/NpdcpAliveManager: ro.odm.npdcp_alive_cfg_enable is false
2021-05-27 11:59:31.626 2518-3642/? I/Hicom_Monitor: handleNetworkQoeReport. rtt: 0, maxRatioChannelId: 2
2021-05-27 11:59:31.626 2518-3642/? I/Hicom_Monitor: handleNetworkQoeReport. qoeString: 10628,4,0,312,1,2,4,0,312,144400,130000,10,10,0,3,0,0
2021-05-27 11:59:31.626 2518-3642/? I/Utils: multipathPolicy is null
2021-05-27 11:59:31.627 1581-2374/? I/HwWifiProServiceProxy: ctrlHwWifiNetwork pkgName: WIFIPRO_SERVICE interfaceId: 9
2021-05-27 11:59:31.627 1581-2374/? I/WiFi_PRO_WifiProStateMachine: isWifi2WifiProcess = false, mIsNeedIgnoreQoeUpdate = false, mIsAppInBlacklist = false, mIsAppInBlacklistFullScreen = false, mIsWiFiNoInternet false, screen on = true, full screen = true, isLandscapeMode = false, mNotifyWifiLinkPoorReason = -1
2021-05-27 11:59:31.627 1581-2374/? I/WiFi_PRO_WifiProStateMachine: APP_SERVICE_QOE_NOTIFY Qoe info 10628,4,0,312,1,2,4,0,312,144400,130000,10,10,0,3,0,0 CID 2 mMasterWifiRssi -37 mMasterCardAmbr 1048576 mSlaveCardAmbr 1048576
2021-05-27 11:59:31.627 1581-2374/? I/WiFi_PRO_WifiProStateMachine: mChannelQoeBadCnt = 0, mAppQoeBadCnt = 0, mNetworkSlowReason = 0, mNetworkSlowChannelBadCnt = 0
2021-05-27 11:59:31.638 736-1310/? D/asd_pop: pop_recognition AudioAudio stream find POP[stream = 3 ; device = 2 ; ratio = 0.600262 ; wavelet_buf_qsum = 1562682523.556695]
2021-05-27 11:59:31.639 736-1310/? D/asd_pop: pop_recognition AudioAudio stream find POP[stream = 3 ; device = 2 ; ratio = 0.614343 ; wavelet_buf_qsum = 1578335075.143801]
2021-05-27 11:59:31.639 736-1310/? D/asd_pop: pop_recognition AudioAudio stream find POP[stream = 3 ; device = 2 ; ratio = 0.597623 ; wavelet_buf_qsum = 1556490244.096496]
2021-05-27 11:59:31.639 736-1310/? D/asd_pop: pop_recognition AudioAudio stream find POP[stream = 3 ; device = 2 ; ratio = 0.610015 ; wavelet_buf_qsum = 1563508949.113894]
2021-05-27 11:59:31.639 758-1578/? I/stereoWidening_frame: SwsParamsSetFloat volumeDb = -50.999889
2021-05-27 11:59:31.639 736-1310/? D/asd_pop: pop_recognition AudioAudio stream find POP[stream = 3 ; device = 2 ; ratio = 0.609816 ; wavelet_buf_qsum = 1559276558.577652]
2021-05-27 11:59:31.639 736-1310/? D/asd_pop: pop_recognition AudioAudio stream find POP[stream = 3 ; device = 2 ; ratio = 0.615599 ; wavelet_buf_qsum = 1557478573.195728]
2021-05-27 11:59:31.639 736-1310/? D/asd_pop: pop_recognition AudioAudio stream find POP[stream = 3 ; device = 2 ; ratio = 0.601502 ; wavelet_buf_qsum = 1554693075.018308]
2021-05-27 11:59:31.639 736-1310/? D/asd_pop: pop_recognition AudioAudio stream find POP[stream = 3 ; device = 2 ; ratio = 0.605896 ; wavelet_buf_qsum = 1561115902.928214]
2021-05-27 11:59:31.639 736-1310/? D/asd_pop: pop_recognition AudioAudio stream find POP[stream = 3 ; device = 2 ; ratio = 0.605563 ; wavelet_buf_qsum = 1544267133.959979]
2021-05-27 11:59:31.639 736-1310/? D/asd_pop: pop_recognition AudioAudio stream find POP[stream = 3 ; device = 2 ; ratio = 0.609356 ; wavelet_buf_qsum = 1547527622.212961]
2021-05-27 11:59:31.639 736-1310/? D/asd_pop: pop_recognition AudioAudio stream find POP[stream = 3 ; device = 2 ; ratio = 0.605786 ; wavelet_buf_qsum = 1579203866.465382]
2021-05-27 11:59:31.639 736-1310/? D/asd_pop: pop_recognition AudioAudio stream find POP[stream = 3 ; device = 2 ; ratio = 0.611534 ; wavelet_buf_qsum = 1572578745.842678]
2021-05-27 11:59:31.639 736-1310/? D/asd_pop: pop_recognition AudioAudio stream find POP[stream = 3 ; device = 2 ; ratio = 0.598264 ; wavelet_buf_qsum = 1550051667.996712]
2021-05-27 11:59:31.639 736-1310/? D/asd_pop: pop_recognition AudioAudio stream find POP[stream = 3 ; device = 2 ; ratio = 0.613135 ; wavelet_buf_qsum = 1568471132.181128]
2021-05-27 11:59:31.658 736-1310/? D/asd_pop: pop_recognition AudioAudio stream find POP[stream = 3 ; device = 2 ; ratio = 0.594775 ; wavelet_buf_qsum = 1546066591.715194]
2021-05-27 11:59:31.658 736-1310/? D/asd_pop: pop_recognition AudioAudio stream find POP[stream = 3 ; device = 2 ; ratio = 0.614210 ; wavelet_buf_qsum = 1583431540.338784]
2021-05-27 11:59:31.658 736-1310/? D/asd_pop: pop_recognition AudioAudio stream find POP[stream = 3 ; device = 2 ; ratio = 0.599987 ; wavelet_buf_qsum = 1568183704.992575]
2021-05-27 11:59:31.658 736-1310/? D/asd_pop: pop_recognition AudioAudio stream find POP[stream = 3 ; device = 2 ; ratio = 0.614936 ; wavelet_buf_qsum = 1576812314.160347]
2021-05-27 11:59:31.658 736-1310/? D/asd_pop: pop_recognition AudioAudio stream find POP[stream = 3 ; device = 2 ; ratio = 0.596523 ; wavelet_buf_qsum = 1559361968.714488]
2021-05-27 11:59:31.658 736-1310/? D/asd_pop: pop_recognition AudioAudio stream find POP[stream = 3 ; device = 2 ; ratio = 0.616480 ; wavelet_buf_qsum = 1590574965.102831]
2021-05-27 11:59:31.658 736-1310/? D/asd_pop: pop_recognition AudioAudio stream find POP[stream = 3 ; device = 2 ; ratio = 0.588774 ; wavelet_buf_qsum = 1566651654.328268]
2021-05-27 11:59:31.658 736-1310/? D/asd_pop: pop_recognition AudioAudio stream find POP[stream = 3 ; device = 2 ; ratio = 0.613521 ; wavelet_buf_qsum = 1580449643.836475]
2021-05-27 11:59:31.658 736-1310/? D/asd_pop: pop_recognition AudioAudio stream find POP[stream = 3 ; device = 2 ; ratio = 0.585951 ; wavelet_buf_qsum = 1560960515.926455]
2021-05-27 11:59:31.658 736-1310/? D/asd_pop: pop_recognition AudioAudio stream find POP[stream = 3 ; device = 2 ; ratio = 0.615537 ; wavelet_buf_qsum = 1570537224.477156]
2021-05-27 11:59:31.658 758-1578/? I/stereoWidening_frame: SwsParamsSetFloat volumeDb = -50.999889
2021-05-27 11:59:31.658 736-1310/? D/asd_pop: pop_recognition AudioAudio stream find POP[stream = 3 ; device = 2 ; ratio = 0.586397 ; wavelet_buf_qsum = 1559773042.861558]
2021-05-27 11:59:31.659 736-1310/? D/asd_pop: pop_recognition AudioAudio stream find POP[stream = 3 ; device = 2 ; ratio = 0.617512 ; wavelet_buf_qsum = 1565514429.625557]
2021-05-27 11:59:31.659 736-1310/? D/asd_pop: pop_recognition AudioAudio stream find POP[stream = 3 ; device = 2 ; ratio = 0.579561 ; wavelet_buf_qsum = 1564842038.904495]
2021-05-27 11:59:31.659 736-1310/? D/asd_pop: pop_recognition AudioAudio stream find POP[stream = 3 ; device = 2 ; ratio = 0.616198 ; wavelet_buf_qsum = 1573584740.526015]
2021-05-27 11:59:31.679 736-1310/? D/asd_pop: pop_recognition AudioAudio stream find POP[stream = 3 ; device = 2 ; ratio = 0.581332 ; wavelet_buf_qsum = 1578242961.145785]
2021-05-27 11:59:31.679 736-1310/? D/asd_pop: pop_recognition AudioAudio stream find POP[stream = 3 ; device = 2 ; ratio = 0.615987 ; wavelet_buf_qsum = 1569388870.428188]
2021-05-27 11:59:31.679 736-1310/? D/asd_pop: pop_recognition AudioAudio stream find POP[stream = 3 ; device = 2 ; ratio = 0.589703 ; wavelet_buf_qsum = 1564186003.771683]
2021-05-27 11:59:31.679 736-1310/? D/asd_pop: pop_recognition AudioAudio stream find POP[stream = 3 ; device = 2 ; ratio = 0.618139 ; wavelet_buf_qsum = 1581562658.065179]
2021-05-27 11:59:31.679 736-1310/? D/asd_pop: pop_recognition AudioAudio stream find POP[stream = 3 ; device = 2 ; ratio = 0.587914 ; wavelet_buf_qsum = 1555749978.829333]
2021-05-27 11:59:31.679 736-1310/? D/asd_pop: pop_recognition AudioAudio stream find POP[stream = 3 ; device = 2 ; ratio = 0.616990 ; wavelet_buf_qsum = 1576295056.079046]
2021-05-27 11:59:31.679 736-1310/? D/asd_pop: pop_recognition AudioAudio stream find POP[stream = 3 ; device = 2 ; ratio = 0.590830 ; wavelet_buf_qsum = 1556387958.192199]
2021-05-27 11:59:31.679 736-1310/? D/asd_pop: pop_recognition AudioAudio stream find POP[stream = 3 ; device = 2 ; ratio = 0.589312 ; wavelet_buf_qsum = 1565222340.313556]
2021-05-27 11:59:31.679 758-1578/? I/stereoWidening_frame: SwsParamsSetFloat volumeDb = -50.999889
2021-05-27 11:59:31.679 736-1310/? D/asd_pop: pop_recognition AudioAudio stream find POP[stream = 3 ; device = 2 ; ratio = 0.581745 ; wavelet_buf_qsum = 1554121294.990845]
2021-05-27 11:59:31.679 736-1310/? D/asd_pop: pop_recognition AudioAudio stream find POP[stream = 3 ; device = 2 ; ratio = 0.585588 ; wavelet_buf_qsum = 1561929725.139284]
2021-05-27 11:59:31.679 736-1310/? D/asd_pop: pop_recognition AudioAudio stream find POP[stream = 3 ; device = 2 ; ratio = 0.450937 ; wavelet_buf_qsum = 2161496070.530579]
2021-05-27 11:59:31.679 736-1310/? D/asd_pop: pop_recognition AudioAudio stream find POP[stream = 3 ; device = 2 ; ratio = 0.580008 ; wavelet_buf_qsum = 1581842983.054410]
2021-05-27 11:59:31.698 736-1310/? D/asd_pop: pop_recognition AudioAudio stream find POP[stream = 3 ; device = 2 ; ratio = 0.582345 ; wavelet_buf_qsum = 1552521120.216579]
2021-05-27 11:59:31.698 736-1310/? D/asd_pop: pop_recognition AudioAudio stream find POP[stream = 3 ; device = 2 ; ratio = 0.584931 ; wavelet_buf_qsum = 1563683683.762268]
2021-05-27 11:59:31.698 736-1310/? D/asd_pop: pop_recognition AudioAudio stream find POP[stream = 3 ; device = 2 ; ratio = 0.611610 ; wavelet_buf_qsum = 1559429407.502528]
2021-05-27 11:59:31.698 736-1310/? D/asd_pop: pop_recognition AudioAudio stream find POP[stream = 3 ; device = 2 ; ratio = 0.581986 ; wavelet_buf_qsum = 1553476912.857518]
2021-05-27 11:59:31.698 736-1310/? D/asd_pop: pop_recognition AudioAudio stream find POP[stream = 3 ; device = 2 ; ratio = 0.589623 ; wavelet_buf_qsum = 1569226378.122851]
2021-05-27 11:59:31.698 736-1310/? D/asd_pop: pop_recognition AudioAudio stream find POP[stream = 3 ; device = 2 ; ratio = 0.616716 ; wavelet_buf_qsum = 1576996704.044308]
2021-05-27 11:59:31.698 736-1310/? D/asd_pop: pop_recognition AudioAudio stream find POP[stream = 3 ; device = 2 ; ratio = 0.579851 ; wavelet_buf_qsum = 1564059212.795107]
2021-05-27 11:59:31.698 736-1310/? D/asd_pop: pop_recognition AudioAudio stream find POP[stream = 3 ; device = 2 ; ratio = 0.584378 ; wavelet_buf_qsum = 1565163607.246976]
2021-05-27 11:59:31.698 758-1578/? I/stereoWidening_frame: SwsParamsSetFloat volumeDb = -50.999889
2021-05-27 11:59:31.718 736-1310/? D/asd_pop: pop_recognition AudioAudio stream find POP[stream = 3 ; device = 2 ; ratio = 0.587347 ; wavelet_buf_qsum = 1575308180.537917]
2021-05-27 11:59:31.719 736-1310/? D/asd_pop: pop_recognition AudioAudio stream find POP[stream = 3 ; device = 2 ; ratio = 0.587689 ; wavelet_buf_qsum = 1556343295.665524]
2021-05-27 11:59:31.719 736-1310/? D/asd_pop: pop_recognition AudioAudio stream find POP[stream = 3 ; device = 2 ; ratio = 0.590992 ; wavelet_buf_qsum = 1560771889.588790]
2021-05-27 11:59:31.719 736-1310/? D/asd_pop: pop_recognition AudioAudio stream find POP[stream = 3 ; device = 2 ; ratio = 0.589333 ; wavelet_buf_qsum = 1565165913.220646]
2021-05-27 11:59:31.719 758-1578/? I/stereoWidening_frame: SwsParamsSetFloat volumeDb = -50.999889
2021-05-27 11:59:31.719 736-1310/? D/asd_pop: pop_recognition AudioAudio stream find POP[stream = 3 ; device = 2 ; ratio = 0.590044 ; wavelet_buf_qsum = 1563280392.256063]
2021-05-27 11:59:31.719 736-1310/? D/asd_pop: pop_recognition AudioAudio stream find POP[stream = 3 ; device = 2 ; ratio = 0.590513 ; wavelet_buf_qsum = 1557224133.653155]
2021-05-27 11:59:31.719 736-1310/? D/asd_pop: pop_recognition AudioAudio stream find POP[stream = 3 ; device = 2 ; ratio = 0.591119 ; wavelet_buf_qsum = 1573616735.957665]
2021-05-27 11:59:31.738 736-1310/? D/asd_pop: pop_recognition AudioAudio stream find POP[stream = 3 ; device = 2 ; ratio = 0.617000 ; wavelet_buf_qsum = 1584483497.506856]
2021-05-27 11:59:31.738 736-1310/? D/asd_pop: pop_recognition AudioAudio stream find POP[stream = 3 ; device = 2 ; ratio = 0.595257 ; wavelet_buf_qsum = 1567482988.555842]
2021-05-27 11:59:31.738 736-1310/? D/asd_pop: pop_recognition AudioAudio stream find POP[stream = 3 ; device = 2 ; ratio = 0.617481 ; wavelet_buf_qsum = 1565593660.114888]
2021-05-27 11:59:31.738 736-1310/? D/asd_pop: pop_recognition AudioAudio stream find POP[stream = 3 ; device = 2 ; ratio = 0.596496 ; wavelet_buf_qsum = 1554645357.131322]
2021-05-27 11:59:31.738 736-1310/? D/asd_pop: pop_recognition AudioAudio stream find POP[stream = 3 ; device = 2 ; ratio = 0.620704 ; wavelet_buf_qsum = 1570311223.261042]
2021-05-27 11:59:31.738 736-1310/? D/asd_pop: pop_recognition AudioAudio stream find POP[stream = 3 ; device = 2 ; ratio = 0.599059 ; wavelet_buf_qsum = 1592103121.640098]
2021-05-27 11:59:31.738 736-1310/? D/asd_pop: pop_recognition AudioAudio stream find POP[stream = 3 ; device = 2 ; ratio = 0.591265 ; wavelet_buf_qsum = 1591317949.490885]
2021-05-27 11:59:31.739 736-1310/? D/asd_pop: pop_recognition AudioAudio stream find POP[stream = 3 ; device = 2 ; ratio = 0.605009 ; wavelet_buf_qsum = 1568171825.573568]
2021-05-27 11:59:31.739 736-1310/? D/asd_pop: pop_recognition AudioAudio stream find POP[stream = 3 ; device = 2 ; ratio = 0.618050 ; wavelet_buf_qsum = 1568869647.992250]
2021-05-27 11:59:31.739 736-1310/? D/asd_pop: pop_recognition AudioAudio stream find POP[stream = 3 ; device = 2 ; ratio = 0.604525 ; wavelet_buf_qsum = 1564656444.153334]
2021-05-27 11:59:31.739 736-1310/? D/asd_pop: pop_recognition AudioAudio stream find POP[stream = 3 ; device = 2 ; ratio = 0.616608 ; wavelet_buf_qsum = 1572536538.217987]
2021-05-27 11:59:31.739 736-1310/? D/asd_pop: pop_recognition AudioAudio stream find POP[stream = 3 ; device = 2 ; ratio = 0.598348 ; wavelet_buf_qsum = 1580811052.888926]
2021-05-27 11:59:31.739 736-1310/? D/asd_pop: pop_recognition AudioAudio stream find POP[stream = 3 ; device = 2 ; ratio = 0.594017 ; wavelet_buf_qsum = 1574284289.235975]
2021-05-27 11:59:31.739 758-1578/? I/stereoWidening_frame: SwsParamsSetFloat volumeDb = -50.999889
2021-05-27 11:59:31.739 736-1310/? D/asd_pop: pop_recognition AudioAudio stream find POP[stream = 3 ; device = 2 ; ratio = 0.611405 ; wavelet_buf_qsum = 1559953792.790192]
2021-05-27 11:59:31.739 736-1310/? D/asd_pop: pop_recognition AudioAudio stream find POP[stream = 3 ; device = 2 ; ratio = 0.614088 ; wavelet_buf_qsum = 1583743842.551670]
2021-05-27 11:59:31.739 736-1310/? D/asd_pop: pop_recognition AudioAudio stream find POP[stream = 3 ; device = 2 ; ratio = 0.599078 ; wavelet_buf_qsum = 1578882317.246122]
2021-05-27 11:59:31.739 736-1310/? D/asd_pop: pop_recognition AudioAudio stream find POP[stream = 3 ; device = 2 ; ratio = 0.600032 ; wavelet_buf_qsum = 1584702778.980769]
2021-05-27 11:59:31.739 736-1310/? D/asd_pop: pop_recognition AudioAudio stream find POP[stream = 3 ; device = 2 ; ratio = 0.613975 ; wavelet_buf_qsum = 1584037606.204591]
2021-05-27 11:59:31.739 736-1310/? D/asd_pop: pop_recognition AudioAudio stream find POP[stream = 3 ; device = 2 ; ratio = 0.609882 ; wavelet_buf_qsum = 1559107775.476604]
2021-05-27 11:59:31.739 736-1310/? D/asd_pop: pop_recognition AudioAudio stream find POP[stream = 3 ; device = 2 ; ratio = 0.597012 ; wavelet_buf_qsum = 1589176331.355001]
2021-05-27 11:59:31.739 736-1310/? D/asd_pop: pop_recognition AudioAudio stream find POP[stream = 3 ; device = 2 ; ratio = 0.597714 ; wavelet_buf_qsum = 1590848120.902527]
2021-05-27 11:59:31.739 736-1310/? D/asd_pop: pop_recognition AudioAudio stream find POP[stream = 3 ; device = 2 ; ratio = 0.615162 ; wavelet_buf_qsum = 1558584162.868922]
2021-05-27 11:59:31.741 889-889/? E/aptouch_daemon: update_frame, thp_afe_get_frame return nullptr
2021-05-27 11:59:31.743 758-1578/? I/asd_out_fwk: L = -96.262001db, R = -96.262001db, Device = 0x2, TimeStampKernel = 587037120, TimeStampServer = 587039040
2021-05-27 11:59:31.750 1229-1229/? I/HwLBSService.SensorManager: onSensorChanged, mLightListeners size: 1
2021-05-27 11:59:31.758 736-1310/? D/asd_pop: pop_recognition AudioAudio stream find POP[stream = 3 ; device = 2 ; ratio = 0.611942 ; wavelet_buf_qsum = 1566784754.663166]
2021-05-27 11:59:31.758 736-1310/? D/asd_pop: pop_recognition AudioAudio stream find POP[stream = 3 ; device = 2 ; ratio = 0.601561 ; wavelet_buf_qsum = 1572367383.817074]
2021-05-27 11:59:31.758 736-1310/? D/asd_pop: pop_recognition AudioAudio stream find POP[stream = 3 ; device = 2 ; ratio = 0.609145 ; wavelet_buf_qsum = 1578744612.714399]
2021-05-27 11:59:31.758 736-1310/? D/asd_pop: pop_recognition AudioAudio stream find POP[stream = 3 ; device = 2 ; ratio = 0.604683 ; wavelet_buf_qsum = 1582082670.461080]
2021-05-27 11:59:31.758 736-1310/? D/asd_pop: pop_recognition AudioAudio stream find POP[stream = 3 ; device = 2 ; ratio = 0.613467 ; wavelet_buf_qsum = 1598388485.208670]
2021-05-27 11:59:31.758 736-1310/? D/asd_pop: pop_recognition AudioAudio stream find POP[stream = 3 ; device = 2 ; ratio = 0.608885 ; wavelet_buf_qsum = 1579420379.958571]
2021-05-27 11:59:31.759 758-1578/? I/stereoWidening_frame: SwsParamsSetFloat volumeDb = -50.999889
2021-05-27 11:59:31.763 889-889/? I/aptouch_daemon: check_idle_status, idle in. 300
2021-05-27 11:59:31.779 758-1578/? I/stereoWidening_frame: SwsParamsSetFloat volumeDb = -50.999889
2021-05-27 11:59:31.779 736-1310/? D/asd_pop: pop_recognition AudioAudio stream find POP[stream = 3 ; device = 2 ; ratio = 0.612865 ; wavelet_buf_qsum = 1577385314.297992]
2021-05-27 11:59:31.779 736-1310/? D/asd_pop: pop_recognition AudioAudio stream find POP[stream = 3 ; device = 2 ; ratio = 0.610341 ; wavelet_buf_qsum = 1593468090.156988]
2021-05-27 11:59:31.798 736-1310/? D/asd_pop: pop_recognition AudioAudio stream find POP[stream = 3 ; device = 2 ; ratio = 0.611366 ; wavelet_buf_qsum = 1586019510.967505]
2021-05-27 11:59:31.798 736-1310/? D/asd_pop: pop_recognition AudioAudio stream find POP[stream = 3 ; device = 2 ; ratio = 0.610916 ; wavelet_buf_qsum = 1578928722.522283]
